 TPBase

 Timestamp is 61d951ec (Sat Jan  8 16:57:16 2022)

 Preferred load address is 10000000

 Start         Length     Name                   Class
 0001:00000000 00000130H .text$di                CODE
 0001:00000130 0000d1b0H .text$mn                CODE
 0001:0000d2e0 00001ab0H .text$x                 CODE
 0001:0000ed90 0000010fH .text$yd                CODE
 0002:00000000 00000544H .idata$5                DATA
 0002:00000544 00000004H .00cfg                  DATA
 0002:00000548 00000004H .CRT$XCA                DATA
 0002:0000054c 00000004H .CRT$XCL                DATA
 0002:00000550 0000001cH .CRT$XCU                DATA
 0002:0000056c 00000004H .CRT$XCZ                DATA
 0002:00000570 00000004H .CRT$XIA                DATA
 0002:00000574 00000004H .CRT$XIC                DATA
 0002:00000578 00000004H .CRT$XIZ                DATA
 0002:0000057c 00000004H .CRT$XLA                DATA
 0002:00000580 00000004H .CRT$XLZ                DATA
 0002:00000584 00000004H .CRT$XPA                DATA
 0002:00000588 00000004H .CRT$XPZ                DATA
 0002:0000058c 00000004H .CRT$XTA                DATA
 0002:00000590 00000010H .CRT$XTZ                DATA
 0002:00000594 00000000H .gfids$y                DATA
 0002:000005a0 000008e0H .rdata                  DATA
 0002:00000e80 00000000H .rdata$CastGuardVftablesA DATA
 0002:00000e80 00000000H .rdata$CastGuardVftablesC DATA
 0002:00000e80 00000018H .rdata$T                DATA
 0002:00000e98 00000804H .rdata$r                DATA
 0002:0000169c 00000180H .rdata$sxdata           DATA
 0002:0000181c 000001e0H .rdata$voltmd           DATA
 0002:000019fc 000003acH .rdata$zzzdbg           DATA
 0002:00001da8 00000004H .rtc$IAA                DATA
 0002:00001dac 00000004H .rtc$IZZ                DATA
 0002:00001db0 00000004H .rtc$TAA                DATA
 0002:00001db4 00000004H .rtc$TZZ                DATA
 0002:00001db8 00000004H .tls                    DATA
 0002:00001dbc 0000000cH .tls$                   DATA
 0002:00001dc8 00000008H .tls$ZZZ                DATA
 0002:00001dd0 000019a0H .xdata$x                DATA
 0002:00003770 00001fb8H .edata                  DATA
 0002:00005728 000000f0H .idata$2                DATA
 0002:00005818 00000014H .idata$3                DATA
 0002:0000582c 00000544H .idata$4                DATA
 0002:00005d70 000031e6H .idata$6                DATA
 0003:00000000 000000a8H .data                   DATA
 0003:000000a8 00000108H .data$r                 DATA
 0003:000001b0 000004c0H .data$rs                DATA
 0003:00000670 00000464H .bss                    DATA
 0004:00000000 00000060H .rsrc$01                DATA
 0004:00000060 00000180H .rsrc$02                DATA

  Address         Publics by Value              Rva+Base       Lib:Object

 0000:00000000       ___enclave_config          00000000     <absolute>
 0000:00000000       ___hybrid_code_map_count   00000000     <absolute>
 0000:00000000       ___guard_fids_table        00000000     <absolute>
 0000:00000000       ___hybrid_code_map         00000000     <absolute>
 0000:00000000       ___guard_eh_cont_count     00000000     <absolute>
 0000:00000000       ___arm64x_redirection_metadata_count 00000000     <absolute>
 0000:00000000       ___arm64x_redirection_metadata 00000000     <absolute>
 0000:00000000       ___guard_check_icall_a64n_fptr 00000000     <absolute>
 0000:00000000       ___arm64x_extra_rfe_table  00000000     <absolute>
 0000:00000000       ___arm64x_extra_rfe_table_size 00000000     <absolute>
 0000:00000000       ___hybrid_auxiliary_iat_copy 00000000     <absolute>
 0000:00000000       ___guard_longjmp_table     00000000     <absolute>
 0000:00000000       ___arm64x_native_entrypoint 00000000     <absolute>
 0000:00000000       ___guard_fids_count        00000000     <absolute>
 0000:00000000       ___guard_eh_cont_table     00000000     <absolute>
 0000:00000000       ___x64_code_ranges_to_entry_points 00000000     <absolute>
 0000:00000000       ___guard_iat_count         00000000     <absolute>
 0000:00000000       ___x64_code_ranges_to_entry_points_count 00000000     <absolute>
 0000:00000000       ___hybrid_auxiliary_iat    00000000     <absolute>
 0000:00000000       ___dynamic_value_reloc_table 00000000     <absolute>
 0000:00000000       ___guard_iat_table         00000000     <absolute>
 0000:00000000       ___AbsoluteZero            00000000     <absolute>
 0000:00000000       ___guard_longjmp_count     00000000     <absolute>
 0000:0000002c       __tls_array                0000002c     <absolute>
 0000:00000060       ___safe_se_handler_count   00000060     <absolute>
 0000:00000100       ___guard_flags             00000100     <absolute>
 0000:00000000       ___ImageBase               10000000     <linker-defined>
 0001:00000130       ??0?$QList@VQFileInfo@@@@QAE@ABV0@@Z 10001130 f i TPCommonUtils.obj
 0001:000001e0       ??0?$QList@VQHostAddress@@@@QAE@ABV0@@Z 100011e0 f i TPCommonUtils.obj
 0001:00000290       ??0TPCommonUtils@@QAE@XZ   10001290 f   TPCommonUtils.obj
 0001:000002a0       ??1?$QForeachContainer@V?$QList@VQFileInfo@@@@@QtPrivate@@QAE@XZ 100012a0 f i TPCommonUtils.obj
 0001:000002b0       ??1?$QForeachContainer@V?$QList@VQHostAddress@@@@@QtPrivate@@QAE@XZ 100012b0 f i TPCommonUtils.obj
 0001:000002c0       ??1?$QList@PAVQWidget@@@@QAE@XZ 100012c0 f i TPCommonUtils.obj
 0001:00000320       ??1?$QList@VQFileInfo@@@@QAE@XZ 10001320 f i TPCommonUtils.obj
 0001:000003c0       ??1?$QList@VQHostAddress@@@@QAE@XZ 100013c0 f i TPCommonUtils.obj
 0001:00000470       ??1?$QList@VQString@@@@QAE@XZ 10001470 f i TPCommonUtils.obj
 0001:00000500       ??1QStringList@@QAE@XZ     10001500 f i TPCommonUtils.obj
 0001:00000510       ??4NanoLog@TPNanolog@@QAEAAU01@ABU01@@Z 10001510 f i TPGlobalInfoMgr.obj
 0001:00000510       ??4TPCommonUtils@@QAEAAV0@$$QAV0@@Z 10001510 f i TPCommonUtils.obj
 0001:00000510       ??4NanoLog@TPNanolog@@QAEAAU01@$$QAU01@@Z 10001510 f i TPGlobalInfoMgr.obj
 0001:00000510       ??4TPCommonUtils@@QAEAAV0@ABV0@@Z 10001510 f i TPCommonUtils.obj
 0001:00000520       ??H@YA?BVQString@@ABV0@PBD@Z 10001520 f i TPCommonUtils.obj
 0001:000005b0       ??_EQDoubleValidator@@UAEPAXI@Z 100015b0 f i TPCommonUtils.obj
 0001:000005b0       ??_GQDoubleValidator@@UAEPAXI@Z 100015b0 f i TPCommonUtils.obj
 0001:000005e0       ??_GQFileInfo@@QAEPAXI@Z   100015e0 f i TPCommonUtils.obj
 0001:00000610       ??_GQHostAddress@@QAEPAXI@Z 10001610 f i TPCommonUtils.obj
 0001:00000640       ??_EQRegExpValidator@@UAEPAXI@Z 10001640 f i TPCommonUtils.obj
 0001:00000640       ??_GQRegExpValidator@@UAEPAXI@Z 10001640 f i TPCommonUtils.obj
 0001:00000670       ?append@?$QList@VQString@@@@QAEXABVQString@@@Z 10001670 f i TPCommonUtils.obj
 0001:00000730       ?copyDir@TPCommonUtils@@SA_NABVQString@@0AB_N@Z 10001730 f   TPCommonUtils.obj
 0001:00000a60       ?createGuid@TPCommonUtils@@SAHXZ 10001a60 f   TPCommonUtils.obj
 0001:00000b90       ?deleteItem@TPCommonUtils@@SAXPAVQLayout@@@Z 10001b90 f   TPCommonUtils.obj
 0001:00000c30       ?detach_helper@?$QList@VQString@@@@AAEXH@Z 10001c30 f i TPCommonUtils.obj
 0001:00000d20       ?detach_helper_grow@?$QList@VQString@@@@AAEPAUNode@1@HH@Z 10001d20 f i TPCommonUtils.obj
 0001:00000e90       ?fromString@TPCommonUtils@@SA?AVQRect@@ABVQString@@@Z 10001e90 f   TPCommonUtils.obj
 0001:00001110       ?gbk2utf@TPCommonUtils@@SA?AVQByteArray@@PBD@Z 10002110 f   TPCommonUtils.obj
 0001:000011b0       ?getLocalIP@TPCommonUtils@@SA?AVQString@@XZ 100021b0 f   TPCommonUtils.obj
 0001:00001340       ?headerToWithEmpty@TPCommonUtils@@SA?AVQString@@V2@@Z 10002340 f   TPCommonUtils.obj
 0001:00001460       ?indexOfAZ@TPCommonUtils@@SA_NABVQString@@0@Z 10002460 f   TPCommonUtils.obj
 0001:000014f0       ?isDigital@TPCommonUtils@@SA_NABVQString@@@Z 100024f0 f   TPCommonUtils.obj
 0001:000015c0       ?jarrayToStringList@TPCommonUtils@@SA?AVQStringList@@ABVQJsonArray@@@Z 100025c0 f   TPCommonUtils.obj
 0001:00001680       ?jsonObjectToString@TPCommonUtils@@SA?AVQString@@ABVQJsonArray@@ABW4JsonFormat@QJsonDocument@@@Z 10002680 f   TPCommonUtils.obj
 0001:00001730       ?jsonObjectToString@TPCommonUtils@@SA?AVQString@@ABVQJsonObject@@ABW4JsonFormat@QJsonDocument@@@Z 10002730 f   TPCommonUtils.obj
 0001:000017f0       ?jsonStringToArray@TPCommonUtils@@SA?AVQJsonArray@@AAVQString@@@Z 100027f0 f   TPCommonUtils.obj
 0001:00001870       ?jsonStringtoObject@TPCommonUtils@@SA?AVQJsonObject@@AAVQString@@@Z 10002870 f   TPCommonUtils.obj
 0001:000018f0       ?makeDir@TPCommonUtils@@SAXABVQString@@@Z 100028f0 f   TPCommonUtils.obj
 0001:00001960       ?md5@TPCommonUtils@@SA?AVQString@@ABV2@@Z 10002960 f   TPCommonUtils.obj
 0001:00001a00       ?node_copy@?$QList@VQFileInfo@@@@AAEXPAUNode@1@00@Z 10002a00 f i TPCommonUtils.obj
 0001:00001aa0       ?node_copy@?$QList@VQHostAddress@@@@AAEXPAUNode@1@00@Z 10002aa0 f i TPCommonUtils.obj
 0001:00001b50       ?node_copy@?$QList@VQString@@@@AAEXPAUNode@1@00@Z 10002b50 f i TPCommonUtils.obj
 0001:00001b80       ?node_destruct@?$QList@VQString@@@@AAEXPAUNode@1@0@Z 10002b80 f i TPCommonUtils.obj
 0001:00001bb0       ?node_destruct@?$QList@VQString@@@@AAEXPAUNode@1@@Z 10002bb0 f i TPCommonUtils.obj
 0001:00001bc0       ?readAll@TPCommonUtils@@SA?AVQString@@ABV2@@Z 10002bc0 f   TPCommonUtils.obj
 0001:00001c80       ?readJsonArrayFromFile@TPCommonUtils@@SA?AVQJsonArray@@ABVQString@@@Z 10002c80 f   TPCommonUtils.obj
 0001:00001db0       ?readJsonFromFile@TPCommonUtils@@SA?AVQJsonObject@@ABVQString@@@Z 10002db0 f   TPCommonUtils.obj
 0001:00001ee0       ?regExpAddressBook@TPCommonUtils@@SAXPAVQLineEdit@@@Z 10002ee0 f   TPCommonUtils.obj
 0001:00001f90       ?regExpIP@TPCommonUtils@@SAXPAVQLineEdit@@@Z 10002f90 f   TPCommonUtils.obj
 0001:00002040       ?regExpIP@TPCommonUtils@@SA_NABVQString@@@Z 10003040 f   TPCommonUtils.obj
 0001:000020d0       ?regExpOnlyDouble@TPCommonUtils@@SAXPAVQLineEdit@@@Z 100030d0 f   TPCommonUtils.obj
 0001:00002160       ?regExpOnlyNum@TPCommonUtils@@SAXPAVQLineEdit@@HH@Z 10003160 f   TPCommonUtils.obj
 0001:00002280       ?regExpPort@TPCommonUtils@@SAXPAVQLineEdit@@@Z 10003280 f   TPCommonUtils.obj
 0001:00002330       ?regExpPwd@TPCommonUtils@@SAXPAVQLineEdit@@@Z 10003330 f   TPCommonUtils.obj
 0001:000023e0       ?regExpText@TPCommonUtils@@SAXPAVQLineEdit@@@Z 100033e0 f   TPCommonUtils.obj
 0001:00002490       ?regExpText@TPCommonUtils@@SAXPAVQLineEdit@@HH@Z 10003490 f   TPCommonUtils.obj
 0001:000025a0       ?removeAZ@TPCommonUtils@@SA?AVQString@@ABV2@@Z 100035a0 f   TPCommonUtils.obj
 0001:00002680       ?removeAZfromStr@TPCommonUtils@@SA?AVQString@@ABV2@@Z 10003680 f   TPCommonUtils.obj
 0001:00002770       ?removeNumer@TPCommonUtils@@SA?AVQString@@ABV2@@Z 10003770 f   TPCommonUtils.obj
 0001:00002850       ?savaJsonArrayToFile@TPCommonUtils@@SA_NVQString@@ABVQJsonArray@@@Z 10003850 f   TPCommonUtils.obj
 0001:000028e0       ?savaJsonToFile@TPCommonUtils@@SA_NVQString@@ABVQJsonObject@@@Z 100038e0 f   TPCommonUtils.obj
 0001:00002970       ?saveStrToFile@TPCommonUtils@@SA_NVQString@@ABV2@@Z 10003970 f   TPCommonUtils.obj
 0001:00002a30       ?secondToTimeString@TPCommonUtils@@SA?AVQString@@AB_JH@Z 10003a30 f   TPCommonUtils.obj
 0001:00002e80       ?sendCmd@TPCommonUtils@@SA?AVQString@@ABV2@@Z 10003e80 f   TPCommonUtils.obj
 0001:00002f30       ?strIsNull@TPCommonUtils@@SA_NABVQJsonValue@@@Z 10003f30 f   TPCommonUtils.obj
 0001:00002fe0       ?timeToShow@TPCommonUtils@@SA?AVQString@@AB_J@Z 10003fe0 f   TPCommonUtils.obj
 0001:00003200       ?toByteArray@TPCommonUtils@@SA?AVQByteArray@@ABVQString@@0@Z 10004200 f   TPCommonUtils.obj
 0001:00003310       ?toByteArray@TPCommonUtils@@SA?AVQByteArray@@ABVQString@@@Z 10004310 f   TPCommonUtils.obj
 0001:00003390       ?toCopyBuffer@TPCommonUtils@@SAXPADABVQString@@@Z 10004390 f   TPCommonUtils.obj
 0001:00003400       ?toString@TPCommonUtils@@SA?AVQString@@ABVQRect@@@Z 10004400 f   TPCommonUtils.obj
 0001:00003540       ?toTimeLength@TPCommonUtils@@SA?AVQDateTime@@ABH@Z 10004540 f   TPCommonUtils.obj
 0001:000035b0       ?trimLeft@TPCommonUtils@@SAXAAVQString@@ABV2@@Z 100045b0 f   TPCommonUtils.obj
 0001:00003680       ?updateSingleStyle@TPCommonUtils@@SAXPAVQWidget@@@Z 10004680 f   TPCommonUtils.obj
 0001:000036c0       ?updateStyle@TPCommonUtils@@SAXPAVQWidget@@@Z 100046c0 f   TPCommonUtils.obj
 0001:00003820       ?utf2gbk@TPCommonUtils@@SA?AVQByteArray@@ABVQString@@@Z 10004820 f   TPCommonUtils.obj
 0001:00003930       ??0NonGuaranteedLogger@TPNanolog@@QAE@I@Z 10004930 f i TPGlobalInfoMgr.obj
 0001:00003940       ??0TPGlobalInfoMgr@@QAE@PAVQObject@@@Z 10004940 f   TPGlobalInfoMgr.obj
 0001:00003970       ??0TPNanoLogLine@TPNanolog@@QAE@$$QAV01@@Z 10004970 f i TPGlobalInfoMgr.obj
 0001:000039b0       ??1TPGlobalInfoMgr@@UAE@XZ 100049b0 f i TPGlobalInfoMgr.obj
 0001:000039d0       ??1TPInterfaceMgr@@UAE@XZ  100049d0 f i TPGlobalInfoMgr.obj
 0001:00003a70       ??4NonGuaranteedLogger@TPNanolog@@QAEAAU01@$$QAU01@@Z 10004a70 f i TPGlobalInfoMgr.obj
 0001:00003a70       ??4NonGuaranteedLogger@TPNanolog@@QAEAAU01@ABU01@@Z 10004a70 f i TPGlobalInfoMgr.obj
 0001:00003a80       ??4TPNanoLogLine@TPNanolog@@QAEAAV01@$$QAV01@@Z 10004a80 f i TPGlobalInfoMgr.obj
 0001:00003ae0       ??_ETPGlobalInfoMgr@@UAEPAXI@Z 10004ae0 f i TPGlobalInfoMgr.obj
 0001:00003ba0       ??_FTPGlobalInfoMgr@@QAEXXZ 10004ba0 f i TPGlobalInfoMgr.obj
 0001:00003bc0       ?destroySubTree@?$QMapNode@V?$tuple@VQString@@H@std@@U_ObjectWrapper@TPInterfaceMgr@@@@QAEXXZ 10004bc0 f i TPGlobalInfoMgr.obj
 0001:00003bf0       ?getInstance@TPGlobalInfoMgr@@SAPAV1@XZ 10004bf0 f   TPGlobalInfoMgr.obj
 0001:00003ca0       ?getLongPath@TPGlobalInfoMgr@@QAE?AVQString@@XZ 10004ca0 f   TPGlobalInfoMgr.obj
 0001:00003cc0       ?getObjectMgr@TPGlobalInfoMgr@@SAPAVTPInterfaceMgr@@XZ 10004cc0 f   TPGlobalInfoMgr.obj
 0001:00003d60       ?initPath@TPGlobalInfoMgr@@QAEXXZ 10004d60 f   TPGlobalInfoMgr.obj
 0001:00003e20       ?trUtf8@TPGlobalInfoMgr@@SA?AVQString@@PBD0H@Z 10004e20 f i TPGlobalInfoMgr.obj
 0001:00003e20       ?tr@TPGlobalInfoMgr@@SA?AVQString@@PBD0H@Z 10004e20 f i TPGlobalInfoMgr.obj
 0001:00003e40       ?trUtf8@TPInterfaceMgr@@SA?AVQString@@PBD0H@Z 10004e40 f i TPGlobalInfoMgr.obj
 0001:00003e40       ?tr@TPInterfaceMgr@@SA?AVQString@@PBD0H@Z 10004e40 f i TPGlobalInfoMgr.obj
 0001:00003e60       ??$?6U?$char_traits@D@std@@@std@@YAAAV?$basic_ostream@DU?$char_traits@D@std@@@0@AAV10@PBD@Z 10004e60 f i TPLog.obj
 0001:00004150       ??$_Insertion_sort_unchecked@Viterator@?$QList@VQFileInfo@@@@V<lambda_c1cf21926640f6815f261a06d30f126d>@@@std@@YA?AViterator@?$QList@VQFileInfo@@@@V12@0V<lambda_c1cf21926640f6815f261a06d30f126d>@@@Z 10005150 f   TPNanoLog.obj
 0001:00004340       ??$_Make_heap_unchecked@Viterator@?$QList@VQFileInfo@@@@V<lambda_c1cf21926640f6815f261a06d30f126d>@@@std@@YAXViterator@?$QList@VQFileInfo@@@@0V<lambda_c1cf21926640f6815f261a06d30f126d>@@@Z 10005340 f   TPNanoLog.obj
 0001:00004510       ??$_Med3_unchecked@Viterator@?$QList@VQFileInfo@@@@V<lambda_c1cf21926640f6815f261a06d30f126d>@@@std@@YAXViterator@?$QList@VQFileInfo@@@@00V<lambda_c1cf21926640f6815f261a06d30f126d>@@@Z 10005510 f   TPNanoLog.obj
 0001:00004ab0       ??$_Pop_heap_hole_by_index@Viterator@?$QList@VQFileInfo@@@@VQFileInfo@@V<lambda_c1cf21926640f6815f261a06d30f126d>@@@std@@YAXViterator@?$QList@VQFileInfo@@@@HH$$QAVQFileInfo@@V<lambda_c1cf21926640f6815f261a06d30f126d>@@@Z 10005ab0 f   TPNanoLog.obj
 0001:00004df0       ??$endl@DU?$char_traits@D@std@@@std@@YAAAV?$basic_ostream@DU?$char_traits@D@std@@@0@AAV10@@Z 10005df0 f i TPLog.obj
 0001:00004e20       ??0TPLog@@QAE@PAVQObject@@@Z 10005e20 f   TPLog.obj
 0001:00004ea0       ??0sentry@?$basic_ostream@DU?$char_traits@D@std@@@std@@QAE@AAV12@@Z 10005ea0 f i TPLog.obj
 0001:00004f40       ??1?$_Func_class@XV?$basic_string@DU?$char_traits@D@std@@V?$allocator@D@2@@std@@@std@@QAE@XZ 10005f40 f i TPLog.obj
 0001:00004f40       ??1?$function@$$A6AXV?$basic_string@DU?$char_traits@D@std@@V?$allocator@D@2@@std@@@Z@std@@QAE@XZ 10005f40 f i TPLog.obj
 0001:00004f70       ??1?$basic_string@DU?$char_traits@D@std@@V?$allocator@D@2@@std@@QAE@XZ 10005f70 f i TPLog.obj
 0001:00004fc0       ??1TPLog@@UAE@XZ           10005fc0 f   TPLog.obj
 0001:00004fe0       ??1_Sentry_base@?$basic_ostream@DU?$char_traits@D@std@@@std@@QAE@XZ 10005fe0 f i TPLog.obj
 0001:00005030       ??1sentry@?$basic_ostream@DU?$char_traits@D@std@@@std@@QAE@XZ 10006030 f i TPLog.obj
 0001:000050a0       ??_ETPLog@@UAEPAXI@Z       100060a0 f i TPLog.obj
 0001:00005160       ??_FTPLog@@QAEXXZ          10006160 f i TPLog.obj
 0001:000051e0       ?_Copy@?$_Func_impl_no_alloc@V?$_Binder@U_Unforced@std@@P8TPLog@@AEXV?$basic_string@DU?$char_traits@D@std@@V?$allocator@D@2@@2@@ZPAV3@ABU?$_Ph@$00@2@@std@@XV?$basic_string@DU?$char_traits@D@std@@V?$allocator@D@2@@2@@std@@EBEPAV?$_Func_base@XV?$basic_string@DU?$char_traits@D@std@@V?$allocator@D@2@@std@@@2@PAX@Z 100061e0 f i TPLog.obj
 0001:000051e0       ?_Move@?$_Func_impl_no_alloc@V?$_Binder@U_Unforced@std@@P8TPLog@@AEXV?$basic_string@DU?$char_traits@D@std@@V?$allocator@D@2@@2@@ZPAV3@ABU?$_Ph@$00@2@@std@@XV?$basic_string@DU?$char_traits@D@std@@V?$allocator@D@2@@2@@std@@EAEPAV?$_Func_base@XV?$basic_string@DU?$char_traits@D@std@@V?$allocator@D@2@@std@@@2@PAX@Z 100061e0 f i TPLog.obj
 0001:00005210       ?_Delete_this@?$_Func_impl_no_alloc@V?$_Binder@U_Unforced@std@@P8TPLog@@AEXV?$basic_string@DU?$char_traits@D@std@@V?$allocator@D@2@@2@@ZPAV3@ABU?$_Ph@$00@2@@std@@XV?$basic_string@DU?$char_traits@D@std@@V?$allocator@D@2@@2@@std@@EAEX_N@Z 10006210 f i TPLog.obj
 0001:00005230       ?_Do_call@?$_Func_impl_no_alloc@V?$_Binder@U_Unforced@std@@P8TPLog@@AEXV?$basic_string@DU?$char_traits@D@std@@V?$allocator@D@2@@2@@ZPAV3@ABU?$_Ph@$00@2@@std@@XV?$basic_string@DU?$char_traits@D@std@@V?$allocator@D@2@@2@@std@@EAEX$$QAV?$basic_string@DU?$char_traits@D@std@@V?$allocator@D@2@@2@@Z 10006230 f i TPLog.obj
 0001:00005280       ?_Get@?$_Func_impl_no_alloc@V?$_Binder@U_Unforced@std@@P8TPLog@@AEXV?$basic_string@DU?$char_traits@D@std@@V?$allocator@D@2@@2@@ZPAV3@ABU?$_Ph@$00@2@@std@@XV?$basic_string@DU?$char_traits@D@std@@V?$allocator@D@2@@2@@std@@EBEPBXXZ 10006280 f i TPLog.obj
 0001:00005290       ?_Target_type@?$_Func_impl_no_alloc@V?$_Binder@U_Unforced@std@@P8TPLog@@AEXV?$basic_string@DU?$char_traits@D@std@@V?$allocator@D@2@@2@@ZPAV3@ABU?$_Ph@$00@2@@std@@XV?$basic_string@DU?$char_traits@D@std@@V?$allocator@D@2@@2@@std@@EBEABVtype_info@@XZ 10006290 f i TPLog.obj
 0001:000052a0       ?dealloc@?$QList@VQFileInfo@@@@AAEXPAUData@QListData@@@Z 100062a0 f i TPLog.obj
 0001:000052f0       ?deleteLogFile@TPLog@@AAEXABVQString@@ABH@Z 100062f0 f   TPLog.obj
 0001:000054c0       ?detach_helper@?$QList@VQFileInfo@@@@AAEXH@Z 100064c0 f i TPLog.obj
 0001:00005590       ?initLog@TPLog@@QAEXAB_NABVQString@@@Z 10006590 f   TPLog.obj
 0001:00005960       ?instance@TPLog@@SAPAV1@XZ 10006960 f   TPLog.obj
 0001:00005a40       ?logProCallBack@TPLog@@QAEXV?$basic_string@DU?$char_traits@D@std@@V?$allocator@D@2@@std@@@Z 10006a40 f   TPLog.obj
 0001:00005bb0       ?setBackConsole@TPLog@@QAEXAB_N@Z 10006bb0 f   TPLog.obj
 0001:00005d90       ??$?0P8NanoLogger@TPNanolog@@AEXXZPAV01@$0A@@thread@std@@QAE@$$QAP8NanoLogger@TPNanolog@@AEXXZ$$QAPAV23@@Z 10006d90 f i TPNanoLog.obj
 0001:00005e20       ??$?6U?$char_traits@D@std@@@std@@YAAAV?$basic_ostream@DU?$char_traits@D@std@@@0@AAV10@D@Z 10006e20 f i TPNanoLog.obj
 0001:00005ff0       ??$_Fputc@D@std@@YA_NDPAU_iobuf@@@Z 10006ff0 f i TPNanoLog.obj
 0001:00006010       ??$_Guess_median_unchecked@Viterator@?$QList@VQFileInfo@@@@V<lambda_c1cf21926640f6815f261a06d30f126d>@@@std@@YAXViterator@?$QList@VQFileInfo@@@@00V<lambda_c1cf21926640f6815f261a06d30f126d>@@@Z 10007010 f i TPNanoLog.obj
 0001:00006110       ??$_Invoke@V?$tuple@P8NanoLogger@TPNanolog@@AEXXZPAV12@@std@@$0A@$00@thread@std@@CGIPAX@Z 10007110 f i TPNanoLog.obj
 0001:00006170       ??$_Partition_by_median_guess_unchecked@Viterator@?$QList@VQFileInfo@@@@V<lambda_c1cf21926640f6815f261a06d30f126d>@@@std@@YA?AU?$pair@Viterator@?$QList@VQFileInfo@@@@V12@@0@Viterator@?$QList@VQFileInfo@@@@0V<lambda_c1cf21926640f6815f261a06d30f126d>@@@Z 10007170 f i TPNanoLog.obj
 0001:000065d0       ??$_Sort_unchecked@Viterator@?$QList@VQFileInfo@@@@V<lambda_c1cf21926640f6815f261a06d30f126d>@@@std@@YAXViterator@?$QList@VQFileInfo@@@@0HV<lambda_c1cf21926640f6815f261a06d30f126d>@@@Z 100075d0 f i TPNanoLog.obj
 0001:00006770       ??$_UIntegral_to_buff@DI@std@@YAPADPADI@Z 10007770 f i TPNanoLog.obj
 0001:000067b0       ??$sleep_for@_JU?$ratio@$00$0PECEA@@std@@@this_thread@std@@YAXABV?$duration@_JU?$ratio@$00$0PECEA@@std@@@chrono@1@@Z 100077b0 f i TPNanoLog.obj
 0001:00006950       ??$use_facet@V?$codecvt@DDU_Mbstatet@@@std@@@std@@YAABV?$codecvt@DDU_Mbstatet@@@0@ABVlocale@0@@Z 10007950 f i TPNanoLog.obj
 0001:00006a40       ??0?$basic_string@DU?$char_traits@D@std@@V?$allocator@D@2@@std@@QAE@ABV01@@Z 10007a40 f i TPNanoLog.obj
 0001:00006ac0       ??0?$basic_string@DU?$char_traits@D@std@@V?$allocator@D@2@@std@@QAE@U_String_constructor_concat_tag@1@ABV01@QBDI2I@Z 10007ac0 f i TPNanoLog.obj
 0001:00006b50       ??0FileWriter@TPNanolog@@QAE@ABV?$basic_string@DU?$char_traits@D@std@@V?$allocator@D@2@@std@@0I@Z 10007b50 f i TPNanoLog.obj
 0001:00006c80       ??0NanoLogger@TPNanolog@@QAE@UGuaranteedLogger@1@ABV?$basic_string@DU?$char_traits@D@std@@V?$allocator@D@2@@std@@1I@Z 10007c80 f i TPNanoLog.obj
 0001:00006da0       ??0TPNanoLogLine@TPNanolog@@QAE@W4LogLevel@1@PBD1I@Z 10007da0 f   TPNanoLog.obj
 0001:00006ec0       ??0TPNanoLogScope@TPNanolog@@QAE@_N@Z 10007ec0 f   TPNanoLog.obj
 0001:00006ef0       ??0bad_alloc@std@@QAE@ABV01@@Z 10007ef0 f i TPNanoLog.obj
 0001:00006f20       ??0bad_array_new_length@std@@QAE@ABV01@@Z 10007f20 f i TPNanoLog.obj
 0001:00006f50       ??0bad_array_new_length@std@@QAE@XZ 10007f50 f i TPNanoLog.obj
 0001:00006f70       ??0bad_cast@std@@QAE@ABV01@@Z 10007f70 f i TPNanoLog.obj
 0001:00006fa0       ??0bad_cast@std@@QAE@XZ    10007fa0 f i TPNanoLog.obj
 0001:00006fc0       ??0exception@std@@QAE@ABV01@@Z 10007fc0 f i TPNanoLog.obj
 0001:00006ff0       ??1?$basic_stringbuf@DU?$char_traits@D@std@@V?$allocator@D@2@@std@@UAE@XZ 10007ff0 f i TPNanoLog.obj
 0001:000070a0       ??1?$deque@V?$unique_ptr@VBuffer@TPNanolog@@U?$default_delete@VBuffer@TPNanolog@@@std@@@std@@V?$allocator@V?$unique_ptr@VBuffer@TPNanolog@@U?$default_delete@VBuffer@TPNanolog@@@std@@@std@@@2@@std@@QAE@XZ 100080a0 f i TPNanoLog.obj
 0001:00007170       ??1?$queue@V?$unique_ptr@VBuffer@TPNanolog@@U?$default_delete@VBuffer@TPNanolog@@@std@@@std@@V?$deque@V?$unique_ptr@VBuffer@TPNanolog@@U?$default_delete@VBuffer@TPNanolog@@@std@@@std@@V?$allocator@V?$unique_ptr@VBuffer@TPNanolog@@U?$default_delete@VBuffer@TPNanolog@@@std@@@std@@@2@@2@@std@@QAE@XZ 10008170 f i TPNanoLog.obj
 0001:00007180       ??1?$unique_ptr@V_Facet_base@std@@U?$default_delete@V_Facet_base@std@@@2@@std@@QAE@XZ 10008180 f i TPNanoLog.obj
 0001:00007180       ??1?$unique_ptr@UBufferBase@TPNanolog@@U?$default_delete@UBufferBase@TPNanolog@@@std@@@std@@QAE@XZ 10008180 f i TPNanoLog.obj
 0001:00007190       ??1?$unique_ptr@V?$basic_ofstream@DU?$char_traits@D@std@@@std@@U?$default_delete@V?$basic_ofstream@DU?$char_traits@D@std@@@std@@@2@@std@@QAE@XZ 10008190 f i TPNanoLog.obj
 0001:000071b0       ??1?$unique_ptr@V?$tuple@P8NanoLogger@TPNanolog@@AEXXZPAV12@@std@@U?$default_delete@V?$tuple@P8NanoLogger@TPNanolog@@AEXXZPAV12@@std@@@2@@std@@QAE@XZ 100081b0 f i TPNanoLog.obj
 0001:000071d0       ??1?$unique_ptr@VBuffer@TPNanolog@@U?$default_delete@VBuffer@TPNanolog@@@std@@@std@@QAE@XZ 100081d0 f i TPNanoLog.obj
 0001:00007220       ??1FileWriter@TPNanolog@@QAE@XZ 10008220 f i TPNanoLog.obj
 0001:000072d0       ??1SpinLock@TPNanolog@@QAE@XZ 100082d0 f i TPNanoLog.obj
 0001:000072e0       ??1TPNanoLogLine@TPNanolog@@QAE@XZ 100082e0 f   TPNanoLog.obj
 0001:000072f0       ??1TPNanoLogScope@TPNanolog@@QAE@XZ 100082f0 f   TPNanoLog.obj
 0001:00007360       ??1bad_array_new_length@std@@UAE@XZ 10008360 f i TPNanoLog.obj
 0001:00007360       ??1bad_alloc@std@@UAE@XZ   10008360 f i MSVCRT:throw_bad_alloc.obj
 0001:00007360       ??1bad_cast@std@@UAE@XZ    10008360 f i TPNanoLog.obj
 0001:00007380       ??1locale@std@@QAE@XZ      10008380 f i TPNanoLog.obj
 0001:000073a0       ??4?$function@$$A6AXV?$basic_string@DU?$char_traits@D@std@@V?$allocator@D@2@@std@@@Z@std@@QAEAAV01@ABV01@@Z 100083a0 f i TPNanoLog.obj
 0001:00007510       ??6TPNanoLogLine@TPNanolog@@QAEAAV01@ABV?$basic_string@DU?$char_traits@D@std@@V?$allocator@D@2@@std@@@Z 10008510 f   TPNanoLog.obj
 0001:00007630       ??6TPNanoLogLine@TPNanolog@@QAEAAV01@ABVQByteArray@@@Z 10008630 f   TPNanoLog.obj
 0001:00007790       ??6TPNanoLogLine@TPNanolog@@QAEAAV01@ABVQString@@@Z 10008790 f   TPNanoLog.obj
 0001:000078f0       ??6TPNanoLogLine@TPNanolog@@QAEAAV01@D@Z 100088f0 f   TPNanoLog.obj
 0001:00007930       ??6TPNanoLogLine@TPNanolog@@QAEAAV01@H@Z 10008930 f   TPNanoLog.obj
 0001:00007970       ??6TPNanoLogLine@TPNanolog@@QAEAAV01@I@Z 10008970 f   TPNanoLog.obj
 0001:000079b0       ??6TPNanoLogLine@TPNanolog@@QAEAAV01@N@Z 100089b0 f   TPNanoLog.obj
 0001:00007a10       ??6TPNanoLogLine@TPNanolog@@QAEAAV01@_J@Z 10008a10 f   TPNanoLog.obj
 0001:00007a60       ??6TPNanoLogLine@TPNanolog@@QAEAAV01@_K@Z 10008a60 f   TPNanoLog.obj
 0001:00007ab0       ??8NanoLog@TPNanolog@@QAE_NAAVTPNanoLogLine@1@@Z 10008ab0 f   TPNanoLog.obj
 0001:00007b00       ??8TPNanoLogScope@TPNanolog@@QAE_NAAVTPNanoLogLine@1@@Z 10008b00 f   TPNanoLog.obj
 0001:00007b70       ??R?$_Func_class@XV?$basic_string@DU?$char_traits@D@std@@V?$allocator@D@2@@std@@@std@@QBEXV?$basic_string@DU?$char_traits@D@std@@V?$allocator@D@2@@1@@Z 10008b70 f i TPNanoLog.obj
 0001:00007c00       ??R?$default_delete@VNanoLogger@TPNanolog@@@std@@QBEXPAVNanoLogger@TPNanolog@@@Z 10008c00 f i TPNanoLog.obj
 0001:00007d20       ??YNanoLog@TPNanolog@@QAE_NAAVTPNanoLogLine@1@@Z 10008d20 f   TPNanoLog.obj
 0001:00007da0       ??_D?$basic_ostringstream@DU?$char_traits@D@std@@V?$allocator@D@2@@std@@QAEXXZ 10008da0 f i TPNanoLog.obj
 0001:00007dd8       ??_E?$basic_ofstream@DU?$char_traits@D@std@@@std@@$4PPPPPPPM@A@AEPAXI@Z 10008dd8 f i TPNanoLog.obj
 0001:00007de0       ??_E?$basic_ostringstream@DU?$char_traits@D@std@@V?$allocator@D@2@@std@@$4PPPPPPPM@A@AEPAXI@Z 10008de0 f i TPNanoLog.obj
 0001:00007df0       ??_G?$basic_filebuf@DU?$char_traits@D@std@@@std@@UAEPAXI@Z 10008df0 f i TPNanoLog.obj
 0001:00007df0       ??_E?$basic_filebuf@DU?$char_traits@D@std@@@std@@UAEPAXI@Z 10008df0 f i TPNanoLog.obj
 0001:00007e90       ??_G?$basic_ofstream@DU?$char_traits@D@std@@@std@@UAEPAXI@Z 10008e90 f i TPNanoLog.obj
 0001:00007e90       ??_E?$basic_ofstream@DU?$char_traits@D@std@@@std@@UAEPAXI@Z 10008e90 f i TPNanoLog.obj
 0001:00007f70       ??_G?$basic_ostringstream@DU?$char_traits@D@std@@V?$allocator@D@2@@std@@UAEPAXI@Z 10008f70 f i TPNanoLog.obj
 0001:00007f70       ??_E?$basic_ostringstream@DU?$char_traits@D@std@@V?$allocator@D@2@@std@@UAEPAXI@Z 10008f70 f i TPNanoLog.obj
 0001:00007fd0       ??_E?$basic_stringbuf@DU?$char_traits@D@std@@V?$allocator@D@2@@std@@UAEPAXI@Z 10008fd0 f i TPNanoLog.obj
 0001:00007fd0       ??_G?$basic_stringbuf@DU?$char_traits@D@std@@V?$allocator@D@2@@std@@UAEPAXI@Z 10008fd0 f i TPNanoLog.obj
 0001:00007ff0       ??_GQueueBuffer@TPNanolog@@UAEPAXI@Z 10008ff0 f i TPNanoLog.obj
 0001:00007ff0       ??_EQueueBuffer@TPNanolog@@UAEPAXI@Z 10008ff0 f i TPNanoLog.obj
 0001:00008020       ??_ERingBuffer@TPNanolog@@UAEPAXI@Z 10009020 f i TPNanoLog.obj
 0001:00008020       ??_GRingBuffer@TPNanolog@@UAEPAXI@Z 10009020 f i TPNanoLog.obj
 0001:00008080       ??_Ebad_alloc@std@@UAEPAXI@Z 10009080 f i TPNanoLog.obj
 0001:00008080       ??_Gbad_alloc@std@@UAEPAXI@Z 10009080 f i TPNanoLog.obj
 0001:00008080       ??_Gbad_array_new_length@std@@UAEPAXI@Z 10009080 f i TPNanoLog.obj
 0001:00008080       ??_Eexception@std@@UAEPAXI@Z 10009080 f i TPNanoLog.obj
 0001:00008080       ??_Gbad_cast@std@@UAEPAXI@Z 10009080 f i TPNanoLog.obj
 0001:00008080       ??_Gexception@std@@UAEPAXI@Z 10009080 f i TPNanoLog.obj
 0001:00008080       ??_Ebad_cast@std@@UAEPAXI@Z 10009080 f i TPNanoLog.obj
 0001:00008080       ??_Ebad_array_new_length@std@@UAEPAXI@Z 10009080 f i TPNanoLog.obj
 0001:000080b0       ?_Endwrite@?$basic_filebuf@DU?$char_traits@D@std@@@std@@IAE_NXZ 100090b0 f i TPNanoLog.obj
 0001:00008190       ?_Growmap@?$deque@V?$unique_ptr@VBuffer@TPNanolog@@U?$default_delete@VBuffer@TPNanolog@@@std@@@std@@V?$allocator@V?$unique_ptr@VBuffer@TPNanolog@@U?$default_delete@VBuffer@TPNanolog@@@std@@@std@@@2@@std@@AAEXI@Z 10009190 f i TPNanoLog.obj
 0001:00008330       ?_Lock@?$basic_filebuf@DU?$char_traits@D@std@@@std@@UAEXXZ 10009330 f i TPNanoLog.obj
 0001:00008340       ?_Reset_back@?$basic_filebuf@DU?$char_traits@D@std@@@std@@AAEXXZ 10009340 f i TPNanoLog.obj
 0001:00008370       ?_Throw_bad_array_new_length@std@@YAXXZ 10009370 f i TPNanoLog.obj
 0001:00008390       ?_Throw_bad_cast@std@@YAXXZ 10009390 f i TPNanoLog.obj
 0001:000083b0       ?_Unlock@?$basic_filebuf@DU?$char_traits@D@std@@@std@@UAEXXZ 100093b0 f i TPNanoLog.obj
 0001:000083c0       ?_Xlen@?$deque@V?$unique_ptr@VBuffer@TPNanolog@@U?$default_delete@VBuffer@TPNanolog@@@std@@@std@@V?$allocator@V?$unique_ptr@VBuffer@TPNanolog@@U?$default_delete@VBuffer@TPNanolog@@@std@@@std@@@2@@std@@ABEXXZ 100093c0 f i TPNanoLog.obj
 0001:000083d0       ?_Xlen_string@std@@YAXXZ   100093d0 f i TPNanoLog.obj
 0001:000083e0       ?allocate@?$allocator@D@std@@QAEPADI@Z 100093e0 f i TPNanoLog.obj
 0001:00008430       ?append@?$basic_string@DU?$char_traits@D@std@@V?$allocator@D@2@@std@@QAEAAV12@QBDI@Z 10009430 f i TPNanoLog.obj
 0001:00008580       ?assign@?$basic_string@DU?$char_traits@D@std@@V?$allocator@D@2@@std@@QAEAAV12@QBDI@Z 10009580 f i TPNanoLog.obj
 0001:00008670       ?buffer@TPNanoLogLine@TPNanolog@@AAEPADXZ 10009670 f   TPNanoLog.obj
 0001:00008680       ?close@?$basic_filebuf@DU?$char_traits@D@std@@@std@@QAEPAV12@XZ 10009680 f i TPNanoLog.obj
 0001:000086e0       ?deallocate@?$allocator@D@std@@QAEXQADI@Z 100096e0 f i TPNanoLog.obj
 0001:00008720       ?deleteLogFile@FileWriter@TPNanolog@@AAEXABV?$basic_string@DU?$char_traits@D@std@@V?$allocator@D@2@@std@@ABH@Z 10009720 f i TPNanoLog.obj
 0001:00008930       ?encode@TPNanoLogLine@TPNanolog@@AAEXPAD@Z 10009930 f   TPNanoLog.obj
 0001:00008930       ?encode@TPNanoLogLine@TPNanolog@@AAEXPBD@Z 10009930 f   TPNanoLog.obj
 0001:00008990       ?encode@TPNanoLogLine@TPNanolog@@AAEXUstring_literal_t@12@@Z 10009990 f   TPNanoLog.obj
 0001:000089e0       ?encode_c_string@TPNanoLogLine@TPNanolog@@AAEXPBDI@Z 100099e0 f   TPNanoLog.obj
 0001:00008a30       ?flush@NanoLogger@TPNanolog@@QAEXXZ 10009a30 f i TPNanoLog.obj
 0001:00008b20       ?flush@TPNanolog@@YAXXZ    10009b20 f   TPNanoLog.obj
 0001:00008b50       ?getLevel@TPNanoLogLine@TPNanolog@@QAEIXZ 10009b50 f   TPNanoLog.obj
 0001:00008b60       ?getLineLogInfo@TPNanoLogLine@TPNanolog@@QAE?AV?$basic_string@DU?$char_traits@D@std@@V?$allocator@D@2@@std@@XZ 10009b60 f   TPNanoLog.obj
 0001:00008d30       ?imbue@?$basic_filebuf@DU?$char_traits@D@std@@@std@@MAEXABVlocale@2@@Z 10009d30 f i TPNanoLog.obj
 0001:00008d70       ?initialize@TPNanolog@@YAXUGuaranteedLogger@1@ABV?$basic_string@DU?$char_traits@D@std@@V?$allocator@D@2@@std@@1I_N@Z 10009d70 f   TPNanoLog.obj
 0001:00008e40       ?initialize@TPNanolog@@YAXUNonGuaranteedLogger@1@ABV?$basic_string@DU?$char_traits@D@std@@V?$allocator@D@2@@std@@1I@Z 10009e40 f   TPNanoLog.obj
 0001:00008fa0       ?is_logged@TPNanolog@@YA_NW4LogLevel@1@@Z 10009fa0 f   TPNanoLog.obj
 0001:00008fc0       ?now@steady_clock@chrono@std@@SA?AV?$time_point@Usteady_clock@chrono@std@@V?$duration@_JU?$ratio@$00$0DLJKMKAA@@std@@@23@@23@XZ 10009fc0 f i TPNanoLog.obj
 0001:00009030       ?overflow@?$basic_filebuf@DU?$char_traits@D@std@@@std@@MAEHH@Z 1000a030 f i TPNanoLog.obj
 0001:000091c0       ?overflow@?$basic_stringbuf@DU?$char_traits@D@std@@V?$allocator@D@2@@std@@MAEHH@Z 1000a1c0 f i TPNanoLog.obj
 0001:00009300       ?pbackfail@?$basic_filebuf@DU?$char_traits@D@std@@@std@@MAEHH@Z 1000a300 f i TPNanoLog.obj
 0001:000093b0       ?pbackfail@?$basic_stringbuf@DU?$char_traits@D@std@@V?$allocator@D@2@@std@@MAEHH@Z 1000a3b0 f i TPNanoLog.obj
 0001:00009400       ?pop@NanoLogger@TPNanolog@@QAEXXZ 1000a400 f i TPNanoLog.obj
 0001:00009700       ?push@QueueBuffer@TPNanolog@@UAEX$$QAVTPNanoLogLine@2@@Z 1000a700 f i TPNanoLog.obj
 0001:000097a0       ?push@RingBuffer@TPNanolog@@UAEX$$QAVTPNanoLogLine@2@@Z 1000a7a0 f i TPNanoLog.obj
 0001:000097f0       ?resize_buffer_if_needed@TPNanoLogLine@TPNanolog@@AAEXI@Z 1000a7f0 f   TPNanoLog.obj
 0001:00009880       ?roll_file@FileWriter@TPNanolog@@AAEXXZ 1000a880 f i TPNanoLog.obj
 0001:00009c30       ?seekoff@?$basic_filebuf@DU?$char_traits@D@std@@@std@@MAE?AV?$fpos@U_Mbstatet@@@2@_JHH@Z 1000ac30 f i TPNanoLog.obj
 0001:00009d10       ?seekoff@?$basic_stringbuf@DU?$char_traits@D@std@@V?$allocator@D@2@@std@@MAE?AV?$fpos@U_Mbstatet@@@2@_JHH@Z 1000ad10 f i TPNanoLog.obj
 0001:00009e90       ?seekpos@?$basic_filebuf@DU?$char_traits@D@std@@@std@@MAE?AV?$fpos@U_Mbstatet@@@2@V32@H@Z 1000ae90 f i TPNanoLog.obj
 0001:00009f60       ?seekpos@?$basic_stringbuf@DU?$char_traits@D@std@@V?$allocator@D@2@@std@@MAE?AV?$fpos@U_Mbstatet@@@2@V32@H@Z 1000af60 f i TPNanoLog.obj
 0001:0000a070       ?setLogCallback@TPNanolog@@YAXV?$function@$$A6AXV?$basic_string@DU?$char_traits@D@std@@V?$allocator@D@2@@std@@@Z@std@@@Z 1000b070 f   TPNanoLog.obj
 0001:0000a0d0       ?setLogConfig@TPNanolog@@YAXUSTTPLogConfig@1@@Z 1000b0d0 f   TPNanoLog.obj
 0001:0000a110       ?set_log_level@TPNanolog@@YAXW4LogLevel@1@@Z 1000b110 f   TPNanoLog.obj
 0001:0000a120       ?set_oparate_log@TPNanolog@@YAX_N@Z 1000b120 f   TPNanoLog.obj
 0001:0000a130       ?setbuf@?$basic_filebuf@DU?$char_traits@D@std@@@std@@MAEPAV?$basic_streambuf@DU?$char_traits@D@std@@@2@PAD_J@Z 1000b130 f i TPNanoLog.obj
 0001:0000a210       ?setup_next_write_buffer@QueueBuffer@TPNanolog@@AAEXXZ 1000b210 f i TPNanoLog.obj
 0001:0000a360       ?stringify@TPNanoLogLine@TPNanolog@@AAEXAAV?$basic_ostream@DU?$char_traits@D@std@@@std@@PADQBD@Z 1000b360 f   TPNanoLog.obj
 0001:0000a4e0       ?stringify@TPNanoLogLine@TPNanolog@@QAEXAAV?$basic_ostream@DU?$char_traits@D@std@@@std@@@Z 1000b4e0 f   TPNanoLog.obj
 0001:0000a7c0       ?sync@?$basic_filebuf@DU?$char_traits@D@std@@@std@@MAEHXZ 1000b7c0 f i TPNanoLog.obj
 0001:0000a7f0       ?try_pop@QueueBuffer@TPNanolog@@UAE_NAAVTPNanoLogLine@2@@Z 1000b7f0 f i TPNanoLog.obj
 0001:0000a8e0       ?try_pop@RingBuffer@TPNanolog@@UAE_NAAVTPNanoLogLine@2@@Z 1000b8e0 f i TPNanoLog.obj
 0001:0000a930       ?uflow@?$basic_filebuf@DU?$char_traits@D@std@@@std@@MAEHXZ 1000b930 f i TPNanoLog.obj
 0001:0000ac60       ?underflow@?$basic_filebuf@DU?$char_traits@D@std@@@std@@MAEHXZ 1000bc60 f i TPNanoLog.obj
 0001:0000aca0       ?underflow@?$basic_stringbuf@DU?$char_traits@D@std@@V?$allocator@D@2@@std@@MAEHXZ 1000bca0 f i TPNanoLog.obj
 0001:0000ad00       ?what@exception@std@@UBEPBDXZ 1000bd00 f i TPNanoLog.obj
 0001:0000ad10       ?xsgetn@?$basic_filebuf@DU?$char_traits@D@std@@@std@@MAE_JPAD_J@Z 1000bd10 f i TPNanoLog.obj
 0001:0000ae20       ?xsputn@?$basic_filebuf@DU?$char_traits@D@std@@@std@@MAE_JPBD_J@Z 1000be20 f i TPNanoLog.obj
 0001:0000af00       ___local_stdio_printf_options 1000bf00 f i TPNanoLog.obj
 0001:0000af10       _sprintf                   1000bf10 f i TPNanoLog.obj
 0001:0000af50       ??0TPInterfaceMgr@@QAE@XZ  1000bf50 f   TPObjectMgr.obj
 0001:0000afd0       ??1?$QMap@V?$tuple@VQString@@H@std@@U_ObjectWrapper@TPInterfaceMgr@@@@QAE@XZ 1000bfd0 f i TPObjectMgr.obj
 0001:0000b050       ??1?$QVector@H@@QAE@XZ     1000c050 f i TPObjectMgr.obj
 0001:0000b080       ??1?$tuple@VQString@@H@std@@QAE@XZ 1000c080 f i TPObjectMgr.obj
 0001:0000b090       ??1_ObjectWrapper@TPInterfaceMgr@@QAE@XZ 1000c090 f i TPObjectMgr.obj
 0001:0000b0a0       ??_ETPInterfaceMgr@@UAEPAXI@Z 1000c0a0 f i TPObjectMgr.obj
 0001:0000b150       ?addObject@TPInterfaceMgr@@UAEXABV?$tuple@VQString@@H@std@@PBVQObject@@AB_N@Z 1000c150 f   TPObjectMgr.obj
 0001:0000b3f0       ?copy@?$QMapNode@V?$tuple@VQString@@H@std@@U_ObjectWrapper@TPInterfaceMgr@@@@QBEPAU1@PAU?$QMapData@V?$tuple@VQString@@H@std@@U_ObjectWrapper@TPInterfaceMgr@@@@@Z 1000c3f0 f i TPObjectMgr.obj
 0001:0000b480       ?createNode@?$QMapData@V?$tuple@VQString@@H@std@@U_ObjectWrapper@TPInterfaceMgr@@@@QAEPAU?$QMapNode@V?$tuple@VQString@@H@std@@U_ObjectWrapper@TPInterfaceMgr@@@@ABV?$tuple@VQString@@H@std@@ABU_ObjectWrapper@TPInterfaceMgr@@PAU2@_N@Z 1000c480 f i TPObjectMgr.obj
 0001:0000b4e0       ?deallocate@?$QTypedArrayData@H@@SAXPAUQArrayData@@@Z 1000c4e0 f i TPObjectMgr.obj
 0001:0000b500       ?detach@?$QMap@V?$tuple@VQString@@H@std@@U_ObjectWrapper@TPInterfaceMgr@@@@QAEXXZ 1000c500 f i TPObjectMgr.obj
 0001:0000b590       ?findNode@?$QMapData@V?$tuple@VQString@@H@std@@U_ObjectWrapper@TPInterfaceMgr@@@@QBEPAU?$QMapNode@V?$tuple@VQString@@H@std@@U_ObjectWrapper@TPInterfaceMgr@@@@ABV?$tuple@VQString@@H@std@@@Z 1000c590 f i TPObjectMgr.obj
 0001:0000b620       ?getObject@TPInterfaceMgr@@UAEPAVQObject@@ABV?$tuple@VQString@@H@std@@@Z 1000c620 f   TPObjectMgr.obj
 0001:0000b770       ?getObject@TPInterfaceMgr@@UAEPAVQObject@@ABVQString@@ABH@Z 1000c770 f   TPObjectMgr.obj
 0001:0000b7e0       ?getObjectsIndex@TPInterfaceMgr@@UAE?AV?$QVector@H@@ABVQString@@@Z 1000c7e0 f   TPObjectMgr.obj
 0001:0000b940       ?mallocObject@TPInterfaceMgr@@QAEHABVQString@@@Z 1000c940 f   TPObjectMgr.obj
 0001:0000baa0       ?realloc@?$QVector@H@@AAEXHV?$QFlags@W4AllocationOption@QArrayData@@@@@Z 1000caa0 f i TPObjectMgr.obj
 0001:0000bba0       ?metaObject@TPGlobalInfoMgr@@UBEPBUQMetaObject@@XZ 1000cba0 f   moc_TPGlobalInfoMgr.obj
 0001:0000bbc0       ?qt_metacall@TPInterfaceMgr@@UAEHW4Call@QMetaObject@@HPAPAX@Z 1000cbc0 f   moc_TPObjectMgr.obj
 0001:0000bbc0       ?qt_metacall@TPGlobalInfoMgr@@UAEHW4Call@QMetaObject@@HPAPAX@Z 1000cbc0 f   moc_TPGlobalInfoMgr.obj
 0001:0000bbd0       ?qt_metacast@TPGlobalInfoMgr@@UAEPAXPBD@Z 1000cbd0 f   moc_TPGlobalInfoMgr.obj
 0001:0000bc30       ?qt_static_metacall@TPInterfaceMgr@@CAXPAVQObject@@W4Call@QMetaObject@@HPAPAX@Z 1000cc30 f   moc_TPObjectMgr.obj
 0001:0000bc30       ?qt_static_metacall@TPGlobalInfoMgr@@CAXPAVQObject@@W4Call@QMetaObject@@HPAPAX@Z 1000cc30 f   moc_TPGlobalInfoMgr.obj
 0001:0000bc30       @_guard_check_icall_nop@4  1000cc30 f   MSVCRT:guard_support.obj
 0001:0000bc40       ?metaObject@TPInterfaceMgr@@UBEPBUQMetaObject@@XZ 1000cc40 f   moc_TPObjectMgr.obj
 0001:0000bc60       ?qt_metacast@TPInterfaceMgr@@UAEPAXPBD@Z 1000cc60 f   moc_TPObjectMgr.obj
 0001:0000bcfc       ?fixup@QValidator@@UBEXAAVQString@@@Z 1000ccfc f   Qt5Gui:Qt5Gui.dll
 0001:0000bd02       ?metaObject@QDoubleValidator@@UBEPBUQMetaObject@@XZ 1000cd02 f   Qt5Gui:Qt5Gui.dll
 0001:0000bd08       ?metaObject@QRegExpValidator@@UBEPBUQMetaObject@@XZ 1000cd08 f   Qt5Gui:Qt5Gui.dll
 0001:0000bd0e       ?qt_metacall@QDoubleValidator@@UAEHW4Call@QMetaObject@@HPAPAX@Z 1000cd0e f   Qt5Gui:Qt5Gui.dll
 0001:0000bd14       ?qt_metacall@QRegExpValidator@@UAEHW4Call@QMetaObject@@HPAPAX@Z 1000cd14 f   Qt5Gui:Qt5Gui.dll
 0001:0000bd1a       ?qt_metacast@QDoubleValidator@@UAEPAXPBD@Z 1000cd1a f   Qt5Gui:Qt5Gui.dll
 0001:0000bd20       ?qt_metacast@QRegExpValidator@@UAEPAXPBD@Z 1000cd20 f   Qt5Gui:Qt5Gui.dll
 0001:0000bd26       ?setRange@QDoubleValidator@@UAEXNNH@Z 1000cd26 f   Qt5Gui:Qt5Gui.dll
 0001:0000bd2c       ?validate@QDoubleValidator@@UBE?AW4State@QValidator@@AAVQString@@AAH@Z 1000cd2c f   Qt5Gui:Qt5Gui.dll
 0001:0000bd32       ?validate@QRegExpValidator@@UBE?AW4State@QValidator@@AAVQString@@AAH@Z 1000cd32 f   Qt5Gui:Qt5Gui.dll
 0001:0000bd38       ?childEvent@QObject@@MAEXPAVQChildEvent@@@Z 1000cd38 f   Qt5Core:Qt5Core.dll
 0001:0000bd3e       ?connectNotify@QObject@@MAEXABVQMetaMethod@@@Z 1000cd3e f   Qt5Core:Qt5Core.dll
 0001:0000bd44       ?customEvent@QObject@@MAEXPAVQEvent@@@Z 1000cd44 f   Qt5Core:Qt5Core.dll
 0001:0000bd4a       ?disconnectNotify@QObject@@MAEXABVQMetaMethod@@@Z 1000cd4a f   Qt5Core:Qt5Core.dll
 0001:0000bd50       ?event@QObject@@UAE_NPAVQEvent@@@Z 1000cd50 f   Qt5Core:Qt5Core.dll
 0001:0000bd56       ?eventFilter@QObject@@UAE_NPAV1@PAVQEvent@@@Z 1000cd56 f   Qt5Core:Qt5Core.dll
 0001:0000bd5c       ?timerEvent@QObject@@MAEXPAVQTimerEvent@@@Z 1000cd5c f   Qt5Core:Qt5Core.dll
 0001:0000bd62       ?metaObject@QObject@@UBEPBUQMetaObject@@XZ 1000cd62 f   Qt5Core:Qt5Core.dll
 0001:0000bd68       ?qt_metacall@QObject@@UAEHW4Call@QMetaObject@@HPAPAX@Z 1000cd68 f   Qt5Core:Qt5Core.dll
 0001:0000bd6e       ?qt_metacast@QObject@@UAEPAXPBD@Z 1000cd6e f   Qt5Core:Qt5Core.dll
 0001:0000bd74       ?uncaught_exception@std@@YA_NXZ 1000cd74 f   msvcprt:MSVCP140.dll
 0001:0000bd7a       ?_Xlength_error@std@@YAXPBD@Z 1000cd7a f   msvcprt:MSVCP140.dll
 0001:0000bd80       __Xtime_get_ticks          1000cd80 f   msvcprt:MSVCP140.dll
 0001:0000bd86       __Query_perf_counter       1000cd86 f   msvcprt:MSVCP140.dll
 0001:0000bd8c       __Query_perf_frequency     1000cd8c f   msvcprt:MSVCP140.dll
 0001:0000bd92       __Thrd_join                1000cd92 f   msvcprt:MSVCP140.dll
 0001:0000bd98       __Thrd_sleep               1000cd98 f   msvcprt:MSVCP140.dll
 0001:0000bd9e       __Thrd_id                  1000cd9e f   msvcprt:MSVCP140.dll
 0001:0000bda4       __Cnd_do_broadcast_at_thread_exit 1000cda4 f   msvcprt:MSVCP140.dll
 0001:0000bdaa       ?_Throw_Cpp_error@std@@YAXH@Z 1000cdaa f   msvcprt:MSVCP140.dll
 0001:0000bdb0       ?_Xbad_function_call@std@@YAXXZ 1000cdb0 f   msvcprt:MSVCP140.dll
 0001:0000bdb6       ??1_Fac_node@std@@QAE@XZ   1000cdb6 f i msvcprt:locale0_implib.obj
 0001:0000bde7       ??1_Fac_tidy_reg_t@std@@QAE@XZ 1000cde7 f i msvcprt:locale0_implib.obj
 0001:0000be0e       ?_Facet_Register@std@@YAXPAV_Facet_base@1@@Z 1000ce0e f   msvcprt:locale0_implib.obj
 0001:0000be3a       ?_Getgloballocale@locale@std@@CAPAV_Locimp@12@XZ 1000ce3a f   msvcprt:MSVCP140.dll
 0001:0000be40       ?xsgetn@?$basic_streambuf@DU?$char_traits@D@std@@@std@@MAE_JPAD_J@Z 1000ce40 f   msvcprt:MSVCP140.dll
 0001:0000be46       ?xsputn@?$basic_streambuf@DU?$char_traits@D@std@@@std@@MAE_JPBD_J@Z 1000ce46 f   msvcprt:MSVCP140.dll
 0001:0000be4c       ?_Fiopen@std@@YAPAU_iobuf@@PBDHH@Z 1000ce4c f   msvcprt:MSVCP140.dll
 0001:0000be52       ?_Lock@?$basic_streambuf@DU?$char_traits@D@std@@@std@@UAEXXZ 1000ce52 f   msvcprt:MSVCP140.dll
 0001:0000be58       ?_Unlock@?$basic_streambuf@DU?$char_traits@D@std@@@std@@UAEXXZ 1000ce58 f   msvcprt:MSVCP140.dll
 0001:0000be5e       ?imbue@?$basic_streambuf@DU?$char_traits@D@std@@@std@@MAEXABVlocale@2@@Z 1000ce5e f   msvcprt:MSVCP140.dll
 0001:0000be64       ?setbuf@?$basic_streambuf@DU?$char_traits@D@std@@@std@@MAEPAV12@PAD_J@Z 1000ce64 f   msvcprt:MSVCP140.dll
 0001:0000be6a       ?showmanyc@?$basic_streambuf@DU?$char_traits@D@std@@@std@@MAE_JXZ 1000ce6a f   msvcprt:MSVCP140.dll
 0001:0000be70       ?sync@?$basic_streambuf@DU?$char_traits@D@std@@@std@@MAEHXZ 1000ce70 f   msvcprt:MSVCP140.dll
 0001:0000be76       ?uflow@?$basic_streambuf@DU?$char_traits@D@std@@@std@@MAEHXZ 1000ce76 f   msvcprt:MSVCP140.dll
 0001:0000be7c       ??2@YAPAXI@Z               1000ce7c f   MSVCRT:new_scalar.obj
 0001:0000beac       ??3@YAXPAXI@Z              1000ceac f   MSVCRT:delete_scalar_size.obj
 0001:0000befe       ___scrt_acquire_startup_lock 1000cefe f   MSVCRT:utility.obj
 0001:0000bf30       ___scrt_dllmain_after_initialize_c 1000cf30 f   MSVCRT:utility.obj
 0001:0000bf5b       ___scrt_dllmain_before_initialize_c 1000cf5b f   MSVCRT:utility.obj
 0001:0000bf69       ___scrt_dllmain_crt_thread_attach 1000cf69 f   MSVCRT:utility.obj
 0001:0000bf88       ___scrt_dllmain_crt_thread_detach 1000cf88 f   MSVCRT:utility.obj
 0001:0000bf95       ___scrt_dllmain_exception_filter 1000cf95 f   MSVCRT:utility.obj
 0001:0000bfc9       ___scrt_dllmain_uninitialize_c 1000cfc9 f   MSVCRT:utility.obj
 0001:0000bfec       ___scrt_dllmain_uninitialize_critical 1000cfec f   MSVCRT:utility.obj
 0001:0000bff9       ___scrt_initialize_crt     1000cff9 f   MSVCRT:utility.obj
 0001:0000c032       ___scrt_initialize_onexit_tables 1000d032 f   MSVCRT:utility.obj
 0001:0000c0b9       ___scrt_is_nonwritable_in_current_image 1000d0b9 f   MSVCRT:utility.obj
 0001:0000c14d       ___scrt_release_startup_lock 1000d14d f   MSVCRT:utility.obj
 0001:0000c16a       ___scrt_uninitialize_crt   1000d16a f   MSVCRT:utility.obj
 0001:0000c192       __onexit                   1000d192 f   MSVCRT:utility.obj
 0001:0000c1bf       _atexit                    1000d1bf f   MSVCRT:utility.obj
 0001:0000c299       __Init_thread_abort        1000d299 f   MSVCRT:thread_safe_statics.obj
 0001:0000c2bd       __Init_thread_footer       1000d2bd f   MSVCRT:thread_safe_statics.obj
 0001:0000c307       __Init_thread_header       1000d307 f   MSVCRT:thread_safe_statics.obj
 0001:0000c359       __Init_thread_notify       1000d359 f   MSVCRT:thread_safe_statics.obj
 0001:0000c38f       __Init_thread_wait         1000d38f f   MSVCRT:thread_safe_statics.obj
 0001:0000c3dd       @__security_check_cookie@4 1000d3dd f   MSVCRT:secchk.obj
 0001:0000c3f0       __alldiv                   1000d3f0 f   MSVCRT:lldiv.obj
 0001:0000c4a0       __allrem                   1000d4a0 f   MSVCRT:llrem.obj
 0001:0000c552       ??_Etype_info@@UAEPAXI@Z   1000d552 f i MSVCRT:std_type_info_static.obj
 0001:0000c552       ??_Gtype_info@@UAEPAXI@Z   1000d552 f i MSVCRT:std_type_info_static.obj
 0001:0000c575       ??_M@YGXPAXIIP6EX0@Z@Z     1000d575 f   MSVCRT:ehvecdtr.obj
 0001:0000c5fa       ?__ArrayUnwind@@YGXPAXIIP6EX0@Z@Z 1000d5fa f   MSVCRT:ehvecdtr.obj
 0001:0000c68a       ??_V@YAXPAX@Z              1000d68a f   MSVCRT:delete_array.obj
 0001:0000c68f       ??_V@YAXPAXI@Z             1000d68f f   MSVCRT:delete_array_size.obj
 0001:0000c69d       ??_U@YAPAXI@Z              1000d69d f   MSVCRT:new_array.obj
 0001:0000c6b0       __alldvrm                  1000d6b0 f   MSVCRT:lldvrm.obj
 0001:0000c790       __allmul                   1000d790 f   MSVCRT:llmul.obj
 0001:0000c7d0       __ltod3                    1000d7d0 f   MSVCRT:ftol3.obj
 0001:0000cb51       __DllMainCRTStartup@12     1000db51 f   MSVCRT:dll_dllmain.obj
 0001:0000cb74       ??0bad_alloc@std@@QAE@XZ   1000db74 f i MSVCRT:throw_bad_alloc.obj
 0001:0000cb8c       ?__scrt_throw_std_bad_alloc@@YAXXZ 1000db8c f   MSVCRT:throw_bad_alloc.obj
 0001:0000cba9       ?__scrt_throw_std_bad_array_new_length@@YAXXZ 1000dba9 f   MSVCRT:throw_bad_alloc.obj
 0001:0000cbc6       ??3@YAXPAX@Z               1000dbc6 f   MSVCRT:delete_scalar.obj
 0001:0000cbcb       ___isa_available_init      1000dbcb f   MSVCRT:cpu_disp.obj
 0001:0000cd9c       __get_startup_argv_mode    1000dd9c f   MSVCRT:argv_mode.obj
 0001:0000cda0       ___scrt_is_ucrt_dll_in_use 1000dda0 f   MSVCRT:ucrt_detection.obj
 0001:0000cdac       ___scrt_fastfail           1000ddac f   MSVCRT:utility_desktop.obj
 0001:0000cec7       __crt_debugger_hook        1000dec7 f   MSVCRT:utility_desktop.obj
 0001:0000ced0       __SEH_prolog4              1000ded0 f   MSVCRT:sehprolg4.obj
 0001:0000cf15       __except_handler4          1000df15 f   MSVCRT:chandler4gs.obj
 0001:0000cf44       ___raise_securityfailure   1000df44 f   MSVCRT:gs_report.obj
 0001:0000cf6c       ___report_gsfailure        1000df6c f   MSVCRT:gs_report.obj
 0001:0000d0b3       ___security_init_cookie    1000e0b3 f   MSVCRT:gs_support.obj
 0001:0000d0fe       _DllMain@12                1000e0fe f   MSVCRT:dll_dllmain_stub.obj
 0001:0000d120       ?__scrt_initialize_type_info@@YAXXZ 1000e120 f   MSVCRT:tncleanup.obj
 0001:0000d12c       ?__scrt_uninitialize_type_info@@YAXXZ 1000e12c f   MSVCRT:tncleanup.obj
 0001:0000d138       ___local_stdio_scanf_options 1000e138 f i MSVCRT:default_local_stdio_options.obj
 0001:0000d13e       ___scrt_initialize_default_local_stdio_options 1000e13e f   MSVCRT:default_local_stdio_options.obj
 0001:0000d15b       ___scrt_get_dyn_tls_init_callback 1000e15b f   MSVCRT:dyn_tls_init.obj
 0001:0000d161       __RTC_Initialize           1000e161 f   MSVCRT:initsect.obj
 0001:0000d18d       __RTC_Terminate            1000e18d f   MSVCRT:initsect.obj
 0001:0000d1b9       ___std_terminate           1000e1b9 f   vcruntime:VCRUNTIME140.dll
 0001:0000d1bf       __CxxThrowException@8      1000e1bf f   vcruntime:VCRUNTIME140.dll
 0001:0000d1c5       ___CxxFrameHandler3        1000e1c5 f   vcruntime:VCRUNTIME140.dll
 0001:0000d1cb       _memcpy                    1000e1cb f   vcruntime:VCRUNTIME140.dll
 0001:0000d1d1       __purecall                 1000e1d1 f   vcruntime:VCRUNTIME140.dll
 0001:0000d1d7       ___std_exception_copy      1000e1d7 f   vcruntime:VCRUNTIME140.dll
 0001:0000d1dd       ___std_exception_destroy   1000e1dd f   vcruntime:VCRUNTIME140.dll
 0001:0000d1e3       _memmove                   1000e1e3 f   vcruntime:VCRUNTIME140.dll
 0001:0000d1e9       _memset                    1000e1e9 f   vcruntime:VCRUNTIME140.dll
 0001:0000d1ef       ___current_exception       1000e1ef f   vcruntime:VCRUNTIME140.dll
 0001:0000d1f5       ___current_exception_context 1000e1f5 f   vcruntime:VCRUNTIME140.dll
 0001:0000d1fb       __except_handler4_common   1000e1fb f   vcruntime:VCRUNTIME140.dll
 0001:0000d201       ___std_type_info_destroy_list 1000e201 f   vcruntime:VCRUNTIME140.dll
 0001:0000d207       _free                      1000e207 f   ucrt:api-ms-win-crt-heap-l1-1-0.dll
 0001:0000d20d       _malloc                    1000e20d f   ucrt:api-ms-win-crt-heap-l1-1-0.dll
 0001:0000d213       _terminate                 1000e213 f   ucrt:api-ms-win-crt-runtime-l1-1-0.dll
 0001:0000d219       __callnewh                 1000e219 f   ucrt:api-ms-win-crt-heap-l1-1-0.dll
 0001:0000d21f       __seh_filter_dll           1000e21f f   ucrt:api-ms-win-crt-runtime-l1-1-0.dll
 0001:0000d225       __configure_narrow_argv    1000e225 f   ucrt:api-ms-win-crt-runtime-l1-1-0.dll
 0001:0000d22b       __initialize_narrow_environment 1000e22b f   ucrt:api-ms-win-crt-runtime-l1-1-0.dll
 0001:0000d231       __initialize_onexit_table  1000e231 f   ucrt:api-ms-win-crt-runtime-l1-1-0.dll
 0001:0000d237       __register_onexit_function 1000e237 f   ucrt:api-ms-win-crt-runtime-l1-1-0.dll
 0001:0000d23d       __execute_onexit_table     1000e23d f   ucrt:api-ms-win-crt-runtime-l1-1-0.dll
 0001:0000d243       __crt_atexit               1000e243 f   ucrt:api-ms-win-crt-runtime-l1-1-0.dll
 0001:0000d249       __cexit                    1000e249 f   ucrt:api-ms-win-crt-runtime-l1-1-0.dll
 0001:0000d24f       __initterm                 1000e24f f   ucrt:api-ms-win-crt-runtime-l1-1-0.dll
 0001:0000d255       __initterm_e               1000e255 f   ucrt:api-ms-win-crt-runtime-l1-1-0.dll
 0001:0000d25b       ___acrt_uninitialize       1000e25b f   MSVCRT:ucrt_stubs.obj
 0001:0000d25b       ___vcrt_initialize         1000e25b f   MSVCRT:ucrt_stubs.obj
 0001:0000d25b       ___scrt_stub_for_acrt_thread_detach 1000e25b f   MSVCRT:ucrt_stubs.obj
 0001:0000d25b       ___vcrt_uninitialize       1000e25b f   MSVCRT:ucrt_stubs.obj
 0001:0000d25b       ___scrt_stub_for_acrt_thread_attach 1000e25b f   MSVCRT:ucrt_stubs.obj
 0001:0000d25b       ___acrt_initialize         1000e25b f   MSVCRT:ucrt_stubs.obj
 0001:0000d25b       ___vcrt_thread_attach      1000e25b f   MSVCRT:ucrt_stubs.obj
 0001:0000d25b       ___vcrt_thread_detach      1000e25b f   MSVCRT:ucrt_stubs.obj
 0001:0000d25b       ___scrt_stub_for_acrt_uninitialize_critical 1000e25b f   MSVCRT:ucrt_stubs.obj
 0001:0000d25b       ___acrt_uninitialize_critical 1000e25b f   MSVCRT:ucrt_stubs.obj
 0001:0000d25b       ___acrt_thread_attach      1000e25b f   MSVCRT:ucrt_stubs.obj
 0001:0000d25b       ___vcrt_uninitialize_critical 1000e25b f   MSVCRT:ucrt_stubs.obj
 0001:0000d25b       ___acrt_thread_detach      1000e25b f   MSVCRT:ucrt_stubs.obj
 0001:0000d25b       ___scrt_stub_for_acrt_uninitialize 1000e25b f   MSVCRT:ucrt_stubs.obj
 0001:0000d25b       ___scrt_stub_for_acrt_initialize 1000e25b f   MSVCRT:ucrt_stubs.obj
 0001:0000d25e       __is_c_termination_complete 1000e25e f   MSVCRT:ucrt_stubs.obj
 0001:0000d25e       ___scrt_stub_for_is_c_termination_complete 1000e25e f   MSVCRT:ucrt_stubs.obj
 0001:0000d261       __filter_x86_sse2_floating_point_exception 1000e261 f   MSVCRT:x86_exception_filter.obj
 0001:0000d261       __filter_x86_sse2_floating_point_exception_default 1000e261 f   MSVCRT:x86_exception_filter.obj
 0002:00000000       __imp__InitializeSListHead@4 10010000     kernel32:KERNEL32.dll
 0002:00000004       __imp__DisableThreadLibraryCalls@4 10010004     kernel32:KERNEL32.dll
 0002:00000008       __imp__GetSystemTimeAsFileTime@4 10010008     kernel32:KERNEL32.dll
 0002:0000000c       __imp__GetCurrentThreadId@0 1001000c     kernel32:KERNEL32.dll
 0002:00000010       __imp__GetCurrentProcessId@0 10010010     kernel32:KERNEL32.dll
 0002:00000014       __imp__EnterCriticalSection@4 10010014     kernel32:KERNEL32.dll
 0002:00000018       __imp__QueryPerformanceCounter@4 10010018     kernel32:KERNEL32.dll
 0002:0000001c       __imp__TerminateProcess@8  1001001c     kernel32:KERNEL32.dll
 0002:00000020       __imp__GetCurrentProcess@0 10010020     kernel32:KERNEL32.dll
 0002:00000024       __imp__SetUnhandledExceptionFilter@4 10010024     kernel32:KERNEL32.dll
 0002:00000028       __imp__UnhandledExceptionFilter@4 10010028     kernel32:KERNEL32.dll
 0002:0000002c       __imp__IsDebuggerPresent@0 1001002c     kernel32:KERNEL32.dll
 0002:00000030       __imp__IsProcessorFeaturePresent@4 10010030     kernel32:KERNEL32.dll
 0002:00000034       __imp__GetProcAddress@8    10010034     kernel32:KERNEL32.dll
 0002:00000038       __imp__GetModuleHandleW@4  10010038     kernel32:KERNEL32.dll
 0002:0000003c       __imp__CreateEventW@16     1001003c     kernel32:KERNEL32.dll
 0002:00000040       __imp__WaitForSingleObjectEx@12 10010040     kernel32:KERNEL32.dll
 0002:00000044       __imp__ResetEvent@4        10010044     kernel32:KERNEL32.dll
 0002:00000048       __imp__SetEvent@4          10010048     kernel32:KERNEL32.dll
 0002:0000004c       __imp__DeleteCriticalSection@4 1001004c     kernel32:KERNEL32.dll
 0002:00000050       __imp__InitializeCriticalSectionAndSpinCount@8 10010050     kernel32:KERNEL32.dll
 0002:00000054       __imp__LeaveCriticalSection@4 10010054     kernel32:KERNEL32.dll
 0002:00000058       __imp__CloseHandle@4       10010058     kernel32:KERNEL32.dll
 0002:0000005c       \177KERNEL32_NULL_THUNK_DATA 1001005c     kernel32:KERNEL32.dll
 0002:00000060       __imp_?setbuf@?$basic_streambuf@DU?$char_traits@D@std@@@std@@MAEPAV12@PAD_J@Z 10010060     msvcprt:MSVCP140.dll
 0002:00000064       __imp_?id@?$codecvt@DDU_Mbstatet@@@std@@2V0locale@2@A 10010064     msvcprt:MSVCP140.dll
 0002:00000068       __imp_?imbue@?$basic_streambuf@DU?$char_traits@D@std@@@std@@MAEXABVlocale@2@@Z 10010068     msvcprt:MSVCP140.dll
 0002:0000006c       __imp_?_Unlock@?$basic_streambuf@DU?$char_traits@D@std@@@std@@UAEXXZ 1001006c     msvcprt:MSVCP140.dll
 0002:00000070       __imp_?_Lock@?$basic_streambuf@DU?$char_traits@D@std@@@std@@UAEXXZ 10010070     msvcprt:MSVCP140.dll
 0002:00000074       __imp_?_Fiopen@std@@YAPAU_iobuf@@PBDHH@Z 10010074     msvcprt:MSVCP140.dll
 0002:00000078       __imp_?tellp@?$basic_ostream@DU?$char_traits@D@std@@@std@@QAE?AV?$fpos@U_Mbstatet@@@2@XZ 10010078     msvcprt:MSVCP140.dll
 0002:0000007c       __imp_??6?$basic_ostream@DU?$char_traits@D@std@@@std@@QAEAAV01@N@Z 1001007c     msvcprt:MSVCP140.dll
 0002:00000080       __imp_??6?$basic_ostream@DU?$char_traits@D@std@@@std@@QAEAAV01@_K@Z 10010080     msvcprt:MSVCP140.dll
 0002:00000084       __imp_??6?$basic_ostream@DU?$char_traits@D@std@@@std@@QAEAAV01@_J@Z 10010084     msvcprt:MSVCP140.dll
 0002:00000088       __imp_??6?$basic_ostream@DU?$char_traits@D@std@@@std@@QAEAAV01@I@Z 10010088     msvcprt:MSVCP140.dll
 0002:0000008c       __imp_??6?$basic_ostream@DU?$char_traits@D@std@@@std@@QAEAAV01@H@Z 1001008c     msvcprt:MSVCP140.dll
 0002:00000090       __imp_??1?$basic_ostream@DU?$char_traits@D@std@@@std@@UAE@XZ 10010090     msvcprt:MSVCP140.dll
 0002:00000094       __imp_??0?$basic_ostream@DU?$char_traits@D@std@@@std@@QAE@PAV?$basic_streambuf@DU?$char_traits@D@std@@@1@_N@Z 10010094     msvcprt:MSVCP140.dll
 0002:00000098       __imp_??0?$basic_ios@DU?$char_traits@D@std@@@std@@IAE@XZ 10010098     msvcprt:MSVCP140.dll
 0002:0000009c       __imp_?clear@?$basic_ios@DU?$char_traits@D@std@@@std@@QAEXH_N@Z 1001009c     msvcprt:MSVCP140.dll
 0002:000000a0       __imp_??1?$basic_ios@DU?$char_traits@D@std@@@std@@UAE@XZ 100100a0     msvcprt:MSVCP140.dll
 0002:000000a4       __imp_?xsputn@?$basic_streambuf@DU?$char_traits@D@std@@@std@@MAE_JPBD_J@Z 100100a4     msvcprt:MSVCP140.dll
 0002:000000a8       __imp_?xsgetn@?$basic_streambuf@DU?$char_traits@D@std@@@std@@MAE_JPAD_J@Z 100100a8     msvcprt:MSVCP140.dll
 0002:000000ac       __imp_?_Init@?$basic_streambuf@DU?$char_traits@D@std@@@std@@IAEXPAPAD0PAH001@Z 100100ac     msvcprt:MSVCP140.dll
 0002:000000b0       __imp_?_Init@?$basic_streambuf@DU?$char_traits@D@std@@@std@@IAEXXZ 100100b0     msvcprt:MSVCP140.dll
 0002:000000b4       __imp_?_Pninc@?$basic_streambuf@DU?$char_traits@D@std@@@std@@IAEPADXZ 100100b4     msvcprt:MSVCP140.dll
 0002:000000b8       __imp_?getloc@?$basic_streambuf@DU?$char_traits@D@std@@@std@@QBE?AVlocale@2@XZ 100100b8     msvcprt:MSVCP140.dll
 0002:000000bc       __imp_??1?$basic_streambuf@DU?$char_traits@D@std@@@std@@UAE@XZ 100100bc     msvcprt:MSVCP140.dll
 0002:000000c0       __imp_??0?$basic_streambuf@DU?$char_traits@D@std@@@std@@IAE@XZ 100100c0     msvcprt:MSVCP140.dll
 0002:000000c4       __imp_?_Getcat@?$codecvt@DDU_Mbstatet@@@std@@SAIPAPBVfacet@locale@2@PBV42@@Z 100100c4     msvcprt:MSVCP140.dll
 0002:000000c8       __imp_?unshift@?$codecvt@DDU_Mbstatet@@@std@@QBEHAAU_Mbstatet@@PAD1AAPAD@Z 100100c8     msvcprt:MSVCP140.dll
 0002:000000cc       __imp_?out@?$codecvt@DDU_Mbstatet@@@std@@QBEHAAU_Mbstatet@@PBD1AAPBDPAD3AAPAD@Z 100100cc     msvcprt:MSVCP140.dll
 0002:000000d0       __imp_?in@?$codecvt@DDU_Mbstatet@@@std@@QBEHAAU_Mbstatet@@PBD1AAPBDPAD3AAPAD@Z 100100d0     msvcprt:MSVCP140.dll
 0002:000000d4       __imp_?always_noconv@codecvt_base@std@@QBE_NXZ 100100d4     msvcprt:MSVCP140.dll
 0002:000000d8       __imp_?_Getgloballocale@locale@std@@CAPAV_Locimp@12@XZ 100100d8     msvcprt:MSVCP140.dll
 0002:000000dc       __imp_??Bid@locale@std@@QAEIXZ 100100dc     msvcprt:MSVCP140.dll
 0002:000000e0       __imp_?_Xbad_function_call@std@@YAXXZ 100100e0     msvcprt:MSVCP140.dll
 0002:000000e4       __imp_?_Throw_Cpp_error@std@@YAXH@Z 100100e4     msvcprt:MSVCP140.dll
 0002:000000e8       __imp___Cnd_do_broadcast_at_thread_exit 100100e8     msvcprt:MSVCP140.dll
 0002:000000ec       __imp___Thrd_id            100100ec     msvcprt:MSVCP140.dll
 0002:000000f0       __imp___Thrd_sleep         100100f0     msvcprt:MSVCP140.dll
 0002:000000f4       __imp___Thrd_join          100100f4     msvcprt:MSVCP140.dll
 0002:000000f8       __imp___Query_perf_frequency 100100f8     msvcprt:MSVCP140.dll
 0002:000000fc       __imp___Query_perf_counter 100100fc     msvcprt:MSVCP140.dll
 0002:00000100       __imp___Xtime_get_ticks    10010100     msvcprt:MSVCP140.dll
 0002:00000104       __imp_?_Xlength_error@std@@YAXPBD@Z 10010104     msvcprt:MSVCP140.dll
 0002:00000108       __imp_??1_Lockit@std@@QAE@XZ 10010108     msvcprt:MSVCP140.dll
 0002:0000010c       __imp_??0_Lockit@std@@QAE@H@Z 1001010c     msvcprt:MSVCP140.dll
 0002:00000110       __imp_?cout@std@@3V?$basic_ostream@DU?$char_traits@D@std@@@1@A 10010110     msvcprt:MSVCP140.dll
 0002:00000114       __imp_?flush@?$basic_ostream@DU?$char_traits@D@std@@@std@@QAEAAV12@XZ 10010114     msvcprt:MSVCP140.dll
 0002:00000118       __imp_?put@?$basic_ostream@DU?$char_traits@D@std@@@std@@QAEAAV12@D@Z 10010118     msvcprt:MSVCP140.dll
 0002:0000011c       __imp_??6?$basic_ostream@DU?$char_traits@D@std@@@std@@QAEAAV01@P6AAAV01@AAV01@@Z@Z 1001011c     msvcprt:MSVCP140.dll
 0002:00000120       __imp_?_Osfx@?$basic_ostream@DU?$char_traits@D@std@@@std@@QAEXXZ 10010120     msvcprt:MSVCP140.dll
 0002:00000124       __imp_?widen@?$basic_ios@DU?$char_traits@D@std@@@std@@QBEDD@Z 10010124     msvcprt:MSVCP140.dll
 0002:00000128       __imp_?setstate@?$basic_ios@DU?$char_traits@D@std@@@std@@QAEXH_N@Z 10010128     msvcprt:MSVCP140.dll
 0002:0000012c       __imp_?sputn@?$basic_streambuf@DU?$char_traits@D@std@@@std@@QAE_JPBD_J@Z 1001012c     msvcprt:MSVCP140.dll
 0002:00000130       __imp_?sputc@?$basic_streambuf@DU?$char_traits@D@std@@@std@@QAEHD@Z 10010130     msvcprt:MSVCP140.dll
 0002:00000134       __imp_?uncaught_exception@std@@YA_NXZ 10010134     msvcprt:MSVCP140.dll
 0002:00000138       __imp_?sync@?$basic_streambuf@DU?$char_traits@D@std@@@std@@MAEHXZ 10010138     msvcprt:MSVCP140.dll
 0002:0000013c       __imp_?uflow@?$basic_streambuf@DU?$char_traits@D@std@@@std@@MAEHXZ 1001013c     msvcprt:MSVCP140.dll
 0002:00000140       __imp_?showmanyc@?$basic_streambuf@DU?$char_traits@D@std@@@std@@MAE_JXZ 10010140     msvcprt:MSVCP140.dll
 0002:00000144       \177MSVCP140_NULL_THUNK_DATA 10010144     msvcprt:MSVCP140.dll
 0002:00000148       __imp_?exactMatch@QRegExp@@QBE_NABVQString@@@Z 10010148     Qt5Core:Qt5Core.dll
 0002:0000014c       __imp_?toString@QDate@@QBE?AVQString@@ABV2@@Z 1001014c     Qt5Core:Qt5Core.dll
 0002:00000150       __imp_?currentDate@QDate@@SA?AV1@XZ 10010150     Qt5Core:Qt5Core.dll
 0002:00000154       __imp_??0QDateTime@@QAE@XZ 10010154     Qt5Core:Qt5Core.dll
 0002:00000158       __imp_??1QDateTime@@QAE@XZ 10010158     Qt5Core:Qt5Core.dll
 0002:0000015c       __imp_?toSecsSinceEpoch@QDateTime@@QBE_JXZ 1001015c     Qt5Core:Qt5Core.dll
 0002:00000160       __imp_?toString@QDateTime@@QBE?AVQString@@ABV2@@Z 10010160     Qt5Core:Qt5Core.dll
 0002:00000164       __imp_?addSecs@QDateTime@@QBE?AV1@_J@Z 10010164     Qt5Core:Qt5Core.dll
 0002:00000168       __imp_?fromString@QDateTime@@SA?AV1@ABVQString@@0@Z 10010168     Qt5Core:Qt5Core.dll
 0002:0000016c       __imp_?fromSecsSinceEpoch@QDateTime@@SA?AV1@_JW4TimeSpec@Qt@@H@Z 1001016c     Qt5Core:Qt5Core.dll
 0002:00000170       __imp_?currentMSecsSinceEpoch@QDateTime@@SA_JXZ 10010170     Qt5Core:Qt5Core.dll
 0002:00000174       __imp_?qt_qFindChildren_helper@@YAXPBVQObject@@ABVQString@@ABUQMetaObject@@PAV?$QList@PAX@@V?$QFlags@W4FindChildOption@Qt@@@@@Z 10010174     Qt5Core:Qt5Core.dll
 0002:00000178       __imp_?deleteLater@QObject@@QAEXXZ 10010178     Qt5Core:Qt5Core.dll
 0002:0000017c       __imp_?readAll@QIODevice@@QAE?AVQByteArray@@XZ 1001017c     Qt5Core:Qt5Core.dll
 0002:00000180       __imp_??0QTextStream@@QAE@PAVQIODevice@@@Z 10010180     Qt5Core:Qt5Core.dll
 0002:00000184       __imp_??1QTextStream@@UAE@XZ 10010184     Qt5Core:Qt5Core.dll
 0002:00000188       __imp_?setCodec@QTextStream@@QAEXPBD@Z 10010188     Qt5Core:Qt5Core.dll
 0002:0000018c       __imp_?setGenerateByteOrderMark@QTextStream@@QAEX_N@Z 1001018c     Qt5Core:Qt5Core.dll
 0002:00000190       __imp_??6QTextStream@@QAEAAV0@ABVQString@@@Z 10010190     Qt5Core:Qt5Core.dll
 0002:00000194       __imp_?createUuid@QUuid@@SA?AV1@XZ 10010194     Qt5Core:Qt5Core.dll
 0002:00000198       __imp_??1QJsonValue@@QAE@XZ 10010198     Qt5Core:Qt5Core.dll
 0002:0000019c       __imp_?toString@QJsonValue@@QBE?AVQString@@XZ 1001019c     Qt5Core:Qt5Core.dll
 0002:000001a0       __imp_?isEmpty@QJsonObject@@QBE_NXZ 100101a0     Qt5Core:Qt5Core.dll
 0002:000001a4       __imp_??0QRect@@QAE@XZ     100101a4     Qt5Core:Qt5Core.dll
 0002:000001a8       __imp_??0QRect@@QAE@HHHH@Z 100101a8     Qt5Core:Qt5Core.dll
 0002:000001ac       __imp_?left@QRect@@QBEHXZ  100101ac     Qt5Core:Qt5Core.dll
 0002:000001b0       __imp_?top@QRect@@QBEHXZ   100101b0     Qt5Core:Qt5Core.dll
 0002:000001b4       __imp_?width@QRect@@QBEHXZ 100101b4     Qt5Core:Qt5Core.dll
 0002:000001b8       __imp_?height@QRect@@QBEHXZ 100101b8     Qt5Core:Qt5Core.dll
 0002:000001bc       __imp_??0QJsonDocument@@QAE@ABVQJsonObject@@@Z 100101bc     Qt5Core:Qt5Core.dll
 0002:000001c0       __imp_??0QJsonDocument@@QAE@ABVQJsonArray@@@Z 100101c0     Qt5Core:Qt5Core.dll
 0002:000001c4       __imp_??1QJsonDocument@@QAE@XZ 100101c4     Qt5Core:Qt5Core.dll
 0002:000001c8       __imp_?fromJson@QJsonDocument@@SA?AV1@ABVQByteArray@@PAUQJsonParseError@@@Z 100101c8     Qt5Core:Qt5Core.dll
 0002:000001cc       __imp_?toJson@QJsonDocument@@QBE?AVQByteArray@@W4JsonFormat@1@@Z 100101cc     Qt5Core:Qt5Core.dll
 0002:000001d0       __imp_?object@QJsonDocument@@QBE?AVQJsonObject@@XZ 100101d0     Qt5Core:Qt5Core.dll
 0002:000001d4       __imp_?array@QJsonDocument@@QBE?AVQJsonArray@@XZ 100101d4     Qt5Core:Qt5Core.dll
 0002:000001d8       __imp_?size@QJsonArray@@QBEHXZ 100101d8     Qt5Core:Qt5Core.dll
 0002:000001dc       __imp_??AQJsonArray@@QBE?AVQJsonValue@@H@Z 100101dc     Qt5Core:Qt5Core.dll
 0002:000001e0       __imp_?codecForName@QTextCodec@@SAPAV1@PBD@Z 100101e0     Qt5Core:Qt5Core.dll
 0002:000001e4       __imp_?toUnicode@QTextCodec@@QBE?AVQString@@ABVQByteArray@@@Z 100101e4     Qt5Core:Qt5Core.dll
 0002:000001e8       __imp_?fromUnicode@QTextCodec@@QBE?AVQByteArray@@ABVQString@@@Z 100101e8     Qt5Core:Qt5Core.dll
 0002:000001ec       __imp_?close@QFileDevice@@UAEXXZ 100101ec     Qt5Core:Qt5Core.dll
 0002:000001f0       __imp_??0QFile@@QAE@ABVQString@@@Z 100101f0     Qt5Core:Qt5Core.dll
 0002:000001f4       __imp_??1QFile@@UAE@XZ     100101f4     Qt5Core:Qt5Core.dll
 0002:000001f8       __imp_?copy@QFile@@SA_NABVQString@@0@Z 100101f8     Qt5Core:Qt5Core.dll
 0002:000001fc       __imp_??0QRegExp@@QAE@ABVQString@@W4CaseSensitivity@Qt@@W4PatternSyntax@0@@Z 100101fc     Qt5Core:Qt5Core.dll
 0002:00000200       __imp_?hash@QCryptographicHash@@SA?AVQByteArray@@ABV2@W4Algorithm@1@@Z 10010200     Qt5Core:Qt5Core.dll
 0002:00000204       __imp_??0QProcess@@QAE@PAVQObject@@@Z 10010204     Qt5Core:Qt5Core.dll
 0002:00000208       __imp_??1QProcess@@UAE@XZ  10010208     Qt5Core:Qt5Core.dll
 0002:0000020c       __imp_?start@QProcess@@QAEXABVQString@@V?$QFlags@W4OpenModeFlag@QIODevice@@@@@Z 1001020c     Qt5Core:Qt5Core.dll
 0002:00000210       __imp_?waitForStarted@QProcess@@QAE_NH@Z 10010210     Qt5Core:Qt5Core.dll
 0002:00000214       __imp_?waitForFinished@QProcess@@QAE_NH@Z 10010214     Qt5Core:Qt5Core.dll
 0002:00000218       __imp_?readAllStandardOutput@QProcess@@QAE?AVQByteArray@@XZ 10010218     Qt5Core:Qt5Core.dll
 0002:0000021c       __imp_??0QFileInfo@@QAE@ABV0@@Z 1001021c     Qt5Core:Qt5Core.dll
 0002:00000220       __imp_??1QFileInfo@@QAE@XZ 10010220     Qt5Core:Qt5Core.dll
 0002:00000224       __imp_?filePath@QFileInfo@@QBE?AVQString@@XZ 10010224     Qt5Core:Qt5Core.dll
 0002:00000228       __imp_?fileName@QFileInfo@@QBE?AVQString@@XZ 10010228     Qt5Core:Qt5Core.dll
 0002:0000022c       __imp_?isDir@QFileInfo@@QBE_NXZ 1001022c     Qt5Core:Qt5Core.dll
 0002:00000230       __imp_??0QDir@@QAE@ABVQString@@@Z 10010230     Qt5Core:Qt5Core.dll
 0002:00000234       __imp_??1QDir@@QAE@XZ      10010234     Qt5Core:Qt5Core.dll
 0002:00000238       __imp_?filePath@QDir@@QBE?AVQString@@ABV2@@Z 10010238     Qt5Core:Qt5Core.dll
 0002:0000023c       __imp_?entryInfoList@QDir@@QBE?AV?$QList@VQFileInfo@@@@V?$QFlags@W4Filter@QDir@@@@V?$QFlags@W4SortFlag@QDir@@@@@Z 1001023c     Qt5Core:Qt5Core.dll
 0002:00000240       __imp_?mkpath@QDir@@QBE_NABVQString@@@Z 10010240     Qt5Core:Qt5Core.dll
 0002:00000244       __imp_?exists@QDir@@QBE_NXZ 10010244     Qt5Core:Qt5Core.dll
 0002:00000248       __imp_?remove@QDir@@QAE_NABVQString@@@Z 10010248     Qt5Core:Qt5Core.dll
 0002:0000024c       __imp_?exists@QDir@@QBE_NABVQString@@@Z 1001024c     Qt5Core:Qt5Core.dll
 0002:00000250       __imp_??1QMutex@@QAE@XZ    10010250     Qt5Core:Qt5Core.dll
 0002:00000254       __imp_?lock@QMutex@@QAEXXZ 10010254     Qt5Core:Qt5Core.dll
 0002:00000258       __imp_?unlock@QMutex@@QAEXXZ 10010258     Qt5Core:Qt5Core.dll
 0002:0000025c       __imp_?childEvent@QObject@@MAEXPAVQChildEvent@@@Z 1001025c     Qt5Core:Qt5Core.dll
 0002:00000260       __imp_?connectNotify@QObject@@MAEXABVQMetaMethod@@@Z 10010260     Qt5Core:Qt5Core.dll
 0002:00000264       __imp_?customEvent@QObject@@MAEXPAVQEvent@@@Z 10010264     Qt5Core:Qt5Core.dll
 0002:00000268       __imp_?disconnectNotify@QObject@@MAEXABVQMetaMethod@@@Z 10010268     Qt5Core:Qt5Core.dll
 0002:0000026c       __imp_?event@QObject@@UAE_NPAVQEvent@@@Z 1001026c     Qt5Core:Qt5Core.dll
 0002:00000270       __imp_?eventFilter@QObject@@UAE_NPAV1@PAVQEvent@@@Z 10010270     Qt5Core:Qt5Core.dll
 0002:00000274       __imp_?timerEvent@QObject@@MAEXPAVQTimerEvent@@@Z 10010274     Qt5Core:Qt5Core.dll
 0002:00000278       __imp_?shared_null@QListData@@2UData@1@B 10010278     Qt5Core:Qt5Core.dll
 0002:0000027c       __imp_?tr@QMetaObject@@QBE?AVQString@@PBD0H@Z 1001027c     Qt5Core:Qt5Core.dll
 0002:00000280       __imp_??4QString@@QAEAAV0@ABV0@@Z 10010280     Qt5Core:Qt5Core.dll
 0002:00000284       __imp_??0QObject@@QAE@PAV0@@Z 10010284     Qt5Core:Qt5Core.dll
 0002:00000288       __imp_??1QObject@@UAE@XZ   10010288     Qt5Core:Qt5Core.dll
 0002:0000028c       __imp_?freeTree@QMapDataBase@@QAEXPAUQMapNodeBase@@H@Z 1001028c     Qt5Core:Qt5Core.dll
 0002:00000290       __imp_?freeData@QMapDataBase@@SAXPAU1@@Z 10010290     Qt5Core:Qt5Core.dll
 0002:00000294       __imp_??1QReadWriteLock@@QAE@XZ 10010294     Qt5Core:Qt5Core.dll
 0002:00000298       __imp_?applicationDirPath@QCoreApplication@@SA?AVQString@@XZ 10010298     Qt5Core:Qt5Core.dll
 0002:0000029c       __imp_?arg@QString@@QBE?AV1@ABV1@HVQChar@@@Z 1001029c     Qt5Core:Qt5Core.dll
 0002:000002a0       __imp_?toLocal8Bit@QString@@QGBE?AVQByteArray@@XZ 100102a0     Qt5Core:Qt5Core.dll
 0002:000002a4       __imp_?end@QListData@@QBEPAPAXXZ 100102a4     Qt5Core:Qt5Core.dll
 0002:000002a8       __imp_??0QMutex@@QAE@W4RecursionMode@0@@Z 100102a8     Qt5Core:Qt5Core.dll
 0002:000002ac       __imp_??1QMutexLocker@@QAE@XZ 100102ac     Qt5Core:Qt5Core.dll
 0002:000002b0       __imp_??MQDateTime@@QBE_NABV0@@Z 100102b0     Qt5Core:Qt5Core.dll
 0002:000002b4       __imp_?currentDateTime@QDateTime@@SA?AV1@XZ 100102b4     Qt5Core:Qt5Core.dll
 0002:000002b8       __imp_??4QFileInfo@@QAEAAV0@$$QAV0@@Z 100102b8     Qt5Core:Qt5Core.dll
 0002:000002bc       __imp_?swap@QFileInfo@@QAEXAAV1@@Z 100102bc     Qt5Core:Qt5Core.dll
 0002:000002c0       __imp_?lastModified@QFileInfo@@QBE?AVQDateTime@@XZ 100102c0     Qt5Core:Qt5Core.dll
 0002:000002c4       __imp_?setFilter@QDir@@QAEXV?$QFlags@W4Filter@QDir@@@@@Z 100102c4     Qt5Core:Qt5Core.dll
 0002:000002c8       __imp_?metaObject@QObject@@UBEPBUQMetaObject@@XZ 100102c8     Qt5Core:Qt5Core.dll
 0002:000002cc       __imp_?qt_metacall@QObject@@UAEHW4Call@QMetaObject@@HPAPAX@Z 100102cc     Qt5Core:Qt5Core.dll
 0002:000002d0       __imp_?qt_metacast@QObject@@UAEPAXPBD@Z 100102d0     Qt5Core:Qt5Core.dll
 0002:000002d4       __imp_?toStdString@QByteArray@@QBE?AV?$basic_string@DU?$char_traits@D@std@@V?$allocator@D@2@@std@@XZ 100102d4     Qt5Core:Qt5Core.dll
 0002:000002d8       __imp_?qBadAlloc@@YAXXZ    100102d8     Qt5Core:Qt5Core.dll
 0002:000002dc       __imp_??0QMessageLogger@@QAE@PBDH0@Z 100102dc     Qt5Core:Qt5Core.dll
 0002:000002e0       __imp_?fatal@QMessageLogger@@QBAXPBDZZ 100102e0     Qt5Core:Qt5Core.dll
 0002:000002e4       __imp_?allocate@QArrayData@@SAPAU1@IIIV?$QFlags@W4AllocationOption@QArrayData@@@@@Z 100102e4     Qt5Core:Qt5Core.dll
 0002:000002e8       __imp_?deallocate@QArrayData@@SAXPAU1@II@Z 100102e8     Qt5Core:Qt5Core.dll
 0002:000002ec       __imp_?sharedNull@QArrayData@@SAPAU1@XZ 100102ec     Qt5Core:Qt5Core.dll
 0002:000002f0       __imp_??8@YA_NABVQString@@0@Z 100102f0     Qt5Core:Qt5Core.dll
 0002:000002f4       __imp_??M@YA_NABVQString@@0@Z 100102f4     Qt5Core:Qt5Core.dll
 0002:000002f8       __imp_?nextNode@QMapNodeBase@@QBEPBU1@XZ 100102f8     Qt5Core:Qt5Core.dll
 0002:000002fc       __imp_?recalcMostLeftNode@QMapDataBase@@QAEXXZ 100102fc     Qt5Core:Qt5Core.dll
 0002:00000300       __imp_?createNode@QMapDataBase@@QAEPAUQMapNodeBase@@HHPAU2@_N@Z 10010300     Qt5Core:Qt5Core.dll
 0002:00000304       __imp_?createData@QMapDataBase@@SAPAU1@XZ 10010304     Qt5Core:Qt5Core.dll
 0002:00000308       __imp_??0QReadWriteLock@@QAE@W4RecursionMode@0@@Z 10010308     Qt5Core:Qt5Core.dll
 0002:0000030c       __imp_??1QWriteLocker@@QAE@XZ 1001030c     Qt5Core:Qt5Core.dll
 0002:00000310       __imp_?relock@QWriteLocker@@QAEXXZ 10010310     Qt5Core:Qt5Core.dll
 0002:00000314       __imp_?shared_null@QMapDataBase@@2U1@B 10010314     Qt5Core:Qt5Core.dll
 0002:00000318       __imp_?staticMetaObject@QObject@@2UQMetaObject@@B 10010318     Qt5Core:Qt5Core.dll
 0002:0000031c       __imp_?dynamicMetaObject@QObjectData@@QBEPAUQMetaObject@@XZ 1001031c     Qt5Core:Qt5Core.dll
 0002:00000320       __imp_?begin@QListData@@QBEPAPAXXZ 10010320     Qt5Core:Qt5Core.dll
 0002:00000324       __imp_?at@QListData@@QBEPAPAXH@Z 10010324     Qt5Core:Qt5Core.dll
 0002:00000328       __imp_?size@QListData@@QBEHXZ 10010328     Qt5Core:Qt5Core.dll
 0002:0000032c       __imp_?append@QListData@@QAEPAPAXXZ 1001032c     Qt5Core:Qt5Core.dll
 0002:00000330       __imp_?dispose@QListData@@SAXPAUData@1@@Z 10010330     Qt5Core:Qt5Core.dll
 0002:00000334       __imp_?dispose@QListData@@QAEXXZ 10010334     Qt5Core:Qt5Core.dll
 0002:00000338       __imp_?detach_grow@QListData@@QAEPAUData@1@PAHH@Z 10010338     Qt5Core:Qt5Core.dll
 0002:0000033c       __imp_?detach@QListData@@QAEPAUData@1@H@Z 1001033c     Qt5Core:Qt5Core.dll
 0002:00000340       __imp_??BQCharRef@@QBE?AVQChar@@XZ 10010340     Qt5Core:Qt5Core.dll
 0002:00000344       __imp_?fromAscii_helper@QString@@CAPAU?$QTypedArrayData@G@@PBDH@Z 10010344     Qt5Core:Qt5Core.dll
 0002:00000348       __imp_??8QString@@QBE_NPBD@Z 10010348     Qt5Core:Qt5Core.dll
 0002:0000034c       __imp_??4QString@@QAEAAV0@ABVQByteArray@@@Z 1001034c     Qt5Core:Qt5Core.dll
 0002:00000350       __imp_??4QString@@QAEAAV0@PBD@Z 10010350     Qt5Core:Qt5Core.dll
 0002:00000354       __imp_??0QString@@QAE@ABVQByteArray@@@Z 10010354     Qt5Core:Qt5Core.dll
 0002:00000358       __imp_?number@QString@@SA?AV1@_JH@Z 10010358     Qt5Core:Qt5Core.dll
 0002:0000035c       __imp_?toUInt@QString@@QBEIPA_NH@Z 1001035c     Qt5Core:Qt5Core.dll
 0002:00000360       __imp_?toInt@QString@@QBEHPA_NH@Z 10010360     Qt5Core:Qt5Core.dll
 0002:00000364       __imp_?fromLocal8Bit@QString@@SA?AV1@ABVQByteArray@@@Z 10010364     Qt5Core:Qt5Core.dll
 0002:00000368       __imp_?fromUtf8@QString@@SA?AV1@PBDH@Z 10010368     Qt5Core:Qt5Core.dll
 0002:0000036c       __imp_?toUtf8@QString@@QGBE?AVQByteArray@@XZ 1001036c     Qt5Core:Qt5Core.dll
 0002:00000370       __imp_?split@QString@@QBE?AVQStringList@@ABV1@V?$QFlags@W4SplitBehaviorFlags@Qt@@@@W4CaseSensitivity@Qt@@@Z 10010370     Qt5Core:Qt5Core.dll
 0002:00000374       __imp_?replace@QString@@QAEAAV1@ABV1@0W4CaseSensitivity@Qt@@@Z 10010374     Qt5Core:Qt5Core.dll
 0002:00000378       __imp_?remove@QString@@QAEAAV1@ABV1@W4CaseSensitivity@Qt@@@Z 10010378     Qt5Core:Qt5Core.dll
 0002:0000037c       __imp_?remove@QString@@QAEAAV1@HH@Z 1001037c     Qt5Core:Qt5Core.dll
 0002:00000380       __imp_?append@QString@@QAEAAV1@ABV1@@Z 10010380     Qt5Core:Qt5Core.dll
 0002:00000384       __imp_?trimmed@QString@@QGBE?AV1@XZ 10010384     Qt5Core:Qt5Core.dll
 0002:00000388       __imp_?toUpper@QString@@QHAE?AV1@XZ 10010388     Qt5Core:Qt5Core.dll
 0002:0000038c       __imp_?left@QString@@QBE?AV1@H@Z 1001038c     Qt5Core:Qt5Core.dll
 0002:00000390       __imp_?indexOf@QString@@QBEHABV1@HW4CaseSensitivity@Qt@@@Z 10010390     Qt5Core:Qt5Core.dll
 0002:00000394       __imp_?arg@QString@@QBE?AV1@HHHVQChar@@@Z 10010394     Qt5Core:Qt5Core.dll
 0002:00000398       __imp_?front@QString@@QBE?AVQChar@@XZ 10010398     Qt5Core:Qt5Core.dll
 0002:0000039c       __imp_??AQString@@QAE?AVQCharRef@@H@Z 1001039c     Qt5Core:Qt5Core.dll
 0002:000003a0       __imp_??AQString@@QBE?BVQChar@@H@Z 100103a0     Qt5Core:Qt5Core.dll
 0002:000003a4       __imp_?at@QString@@QBE?BVQChar@@H@Z 100103a4     Qt5Core:Qt5Core.dll
 0002:000003a8       __imp_??4QString@@QAEAAV0@$$QAV0@@Z 100103a8     Qt5Core:Qt5Core.dll
 0002:000003ac       __imp_??1QString@@QAE@XZ   100103ac     Qt5Core:Qt5Core.dll
 0002:000003b0       __imp_??0QString@@QAE@ABV0@@Z 100103b0     Qt5Core:Qt5Core.dll
 0002:000003b4       __imp_??0QString@@QAE@PBVQChar@@H@Z 100103b4     Qt5Core:Qt5Core.dll
 0002:000003b8       __imp_??0QString@@QAE@XZ   100103b8     Qt5Core:Qt5Core.dll
 0002:000003bc       __imp_??MQByteRef@@QBE_ND@Z 100103bc     Qt5Core:Qt5Core.dll
 0002:000003c0       __imp_??OQByteRef@@QBE_ND@Z 100103c0     Qt5Core:Qt5Core.dll
 0002:000003c4       __imp_?toHex@QByteArray@@QBE?AV1@XZ 100103c4     Qt5Core:Qt5Core.dll
 0002:000003c8       __imp_?append@QByteArray@@QAEAAV1@D@Z 100103c8     Qt5Core:Qt5Core.dll
 0002:000003cc       __imp_??AQByteArray@@QAE?AVQByteRef@@H@Z 100103cc     Qt5Core:Qt5Core.dll
 0002:000003d0       __imp_?data@QByteArray@@QAEPADXZ 100103d0     Qt5Core:Qt5Core.dll
 0002:000003d4       __imp_??4QByteArray@@QAEAAV0@$$QAV0@@Z 100103d4     Qt5Core:Qt5Core.dll
 0002:000003d8       __imp_??1QByteArray@@QAE@XZ 100103d8     Qt5Core:Qt5Core.dll
 0002:000003dc       __imp_??0QByteArray@@QAE@PBDH@Z 100103dc     Qt5Core:Qt5Core.dll
 0002:000003e0       __imp_??0QByteArray@@QAE@XZ 100103e0     Qt5Core:Qt5Core.dll
 0002:000003e4       __imp_?toUpper@QChar@@QBE?AV1@XZ 100103e4     Qt5Core:Qt5Core.dll
 0002:000003e8       __imp_??0QChar@@QAE@D@Z    100103e8     Qt5Core:Qt5Core.dll
 0002:000003ec       __imp_??0QChar@@QAE@UQLatin1Char@@@Z 100103ec     Qt5Core:Qt5Core.dll
 0002:000003f0       __imp_??0QChar@@QAE@H@Z    100103f0     Qt5Core:Qt5Core.dll
 0002:000003f4       __imp_??0QChar@@QAE@XZ     100103f4     Qt5Core:Qt5Core.dll
 0002:000003f8       __imp_??1QRegExp@@QAE@XZ   100103f8     Qt5Core:Qt5Core.dll
 0002:000003fc       __imp_?open@QFile@@UAE_NV?$QFlags@W4OpenModeFlag@QIODevice@@@@@Z 100103fc     Qt5Core:Qt5Core.dll
 0002:00000400       __imp_?toStdString@QString@@QBE?AV?$basic_string@DU?$char_traits@D@std@@V?$allocator@D@2@@std@@XZ 10010400     Qt5Core:Qt5Core.dll
 0002:00000404       \177Qt5Core_NULL_THUNK_DATA 10010404     Qt5Core:Qt5Core.dll
 0002:00000408       __imp_?qt_metacall@QDoubleValidator@@UAEHW4Call@QMetaObject@@HPAPAX@Z 10010408     Qt5Gui:Qt5Gui.dll
 0002:0000040c       __imp_??0QDoubleValidator@@QAE@NNHPAVQObject@@@Z 1001040c     Qt5Gui:Qt5Gui.dll
 0002:00000410       __imp_??1QDoubleValidator@@UAE@XZ 10010410     Qt5Gui:Qt5Gui.dll
 0002:00000414       __imp_??0QRegExpValidator@@QAE@ABVQRegExp@@PAVQObject@@@Z 10010414     Qt5Gui:Qt5Gui.dll
 0002:00000418       __imp_??1QRegExpValidator@@UAE@XZ 10010418     Qt5Gui:Qt5Gui.dll
 0002:0000041c       __imp_?fixup@QValidator@@UBEXAAVQString@@@Z 1001041c     Qt5Gui:Qt5Gui.dll
 0002:00000420       __imp_?metaObject@QDoubleValidator@@UBEPBUQMetaObject@@XZ 10010420     Qt5Gui:Qt5Gui.dll
 0002:00000424       __imp_?validate@QRegExpValidator@@UBE?AW4State@QValidator@@AAVQString@@AAH@Z 10010424     Qt5Gui:Qt5Gui.dll
 0002:00000428       __imp_?validate@QDoubleValidator@@UBE?AW4State@QValidator@@AAVQString@@AAH@Z 10010428     Qt5Gui:Qt5Gui.dll
 0002:0000042c       __imp_?setRange@QDoubleValidator@@UAEXNNH@Z 1001042c     Qt5Gui:Qt5Gui.dll
 0002:00000430       __imp_?qt_metacast@QRegExpValidator@@UAEPAXPBD@Z 10010430     Qt5Gui:Qt5Gui.dll
 0002:00000434       __imp_?qt_metacast@QDoubleValidator@@UAEPAXPBD@Z 10010434     Qt5Gui:Qt5Gui.dll
 0002:00000438       __imp_?metaObject@QRegExpValidator@@UBEPBUQMetaObject@@XZ 10010438     Qt5Gui:Qt5Gui.dll
 0002:0000043c       __imp_?qt_metacall@QRegExpValidator@@UAEHW4Call@QMetaObject@@HPAPAX@Z 1001043c     Qt5Gui:Qt5Gui.dll
 0002:00000440       \177Qt5Gui_NULL_THUNK_DATA 10010440     Qt5Gui:Qt5Gui.dll
 0002:00000444       __imp_??0QHostAddress@@QAE@ABV0@@Z 10010444     Qt5Network:Qt5Network.dll
 0002:00000448       __imp_??1QHostAddress@@QAE@XZ 10010448     Qt5Network:Qt5Network.dll
[...]
 0002:00003184       __catchsym$??$?6U?$char_traits@D@std@@@std@@YAAAV?$basic_ostream@DU?$char_traits@D@std@@@0@AAV10@D@Z$5 10013184     TPNanoLog.obj
 0002:00003194       __tryblocktable$??$?6U?$char_traits@D@std@@@std@@YAAAV?$basic_ostream@DU?$char_traits@D@std@@@0@AAV10@D@Z 10013194     TPNanoLog.obj
 0002:000031a8       __ehfuncinfo$??$?6U?$char_traits@D@std@@@std@@YAAAV?$basic_ostream@DU?$char_traits@D@std@@@0@AAV10@D@Z 100131a8     TPNanoLog.obj
 0002:000031cc       __unwindtable$??$?6U?$char_traits@D@std@@@std@@YAAAV?$basic_ostream@DU?$char_traits@D@std@@@0@AAV10@D@Z 100131cc     TPNanoLog.obj
 0002:000031f4       __unwindtable$?setup_next_write_buffer@QueueBuffer@TPNanolog@@AAEXXZ 100131f4     TPNanoLog.obj
 0002:00003204       __ehfuncinfo$?setup_next_write_buffer@QueueBuffer@TPNanolog@@AAEXXZ 10013204     TPNanoLog.obj
 0002:00003228       __unwindtable$??0FileWriter@TPNanolog@@QAE@ABV?$basic_string@DU?$char_traits@D@std@@V?$allocator@D@2@@std@@0I@Z 10013228     TPNanoLog.obj
 0002:00003240       __ehfuncinfo$??0FileWriter@TPNanolog@@QAE@ABV?$basic_string@DU?$char_traits@D@std@@V?$allocator@D@2@@std@@0I@Z 10013240     TPNanoLog.obj
 0002:00003264       __ehfuncinfo$?deleteLogFile@FileWriter@TPNanolog@@AAEXABV?$basic_string@DU?$char_traits@D@std@@V?$allocator@D@2@@std@@ABH@Z 10013264     TPNanoLog.obj
 0002:00003288       __unwindtable$?deleteLogFile@FileWriter@TPNanolog@@AAEXABV?$basic_string@DU?$char_traits@D@std@@V?$allocator@D@2@@std@@ABH@Z 10013288     TPNanoLog.obj
 0002:000032b8       __ehfuncinfo$?roll_file@FileWriter@TPNanolog@@AAEXXZ 100132b8     TPNanoLog.obj
 0002:000032dc       __unwindtable$?roll_file@FileWriter@TPNanolog@@AAEXXZ 100132dc     TPNanoLog.obj
 0002:00003314       __unwindtable$?uflow@?$basic_filebuf@DU?$char_traits@D@std@@@std@@MAEHXZ 10013314     TPNanoLog.obj
 0002:0000331c       __ehfuncinfo$?uflow@?$basic_filebuf@DU?$char_traits@D@std@@@std@@MAEHXZ 1001331c     TPNanoLog.obj
 0002:00003340       __unwindtable$??0NanoLogger@TPNanolog@@QAE@UGuaranteedLogger@1@ABV?$basic_string@DU?$char_traits@D@std@@V?$allocator@D@2@@std@@1I@Z 10013340     TPNanoLog.obj
 0002:00003360       __ehfuncinfo$??0NanoLogger@TPNanolog@@QAE@UGuaranteedLogger@1@ABV?$basic_string@DU?$char_traits@D@std@@V?$allocator@D@2@@std@@1I@Z 10013360     TPNanoLog.obj
 0002:00003384       __unwindtable$?pop@NanoLogger@TPNanolog@@QAEXXZ 10013384     TPNanoLog.obj
 0002:0000338c       __ehfuncinfo$?pop@NanoLogger@TPNanolog@@QAEXXZ 1001338c     TPNanoLog.obj
 0002:000033b0       __unwindtable$??$?0P8NanoLogger@TPNanolog@@AEXXZPAV01@$0A@@thread@std@@QAE@$$QAP8NanoLogger@TPNanolog@@AEXXZ$$QAPAV23@@Z 100133b0     TPNanoLog.obj
 0002:000033b8       __ehfuncinfo$??$?0P8NanoLogger@TPNanolog@@AEXXZPAV01@$0A@@thread@std@@QAE@$$QAP8NanoLogger@TPNanolog@@AEXXZ$$QAPAV23@@Z 100133b8     TPNanoLog.obj
 0002:000033dc       __unwindtable$??R?$_Func_class@XV?$basic_string@DU?$char_traits@D@std@@V?$allocator@D@2@@std@@@std@@QBEXV?$basic_string@DU?$char_traits@D@std@@V?$allocator@D@2@@1@@Z 100133dc     TPNanoLog.obj
 0002:000033e4       __ehfuncinfo$??R?$_Func_class@XV?$basic_string@DU?$char_traits@D@std@@V?$allocator@D@2@@std@@@std@@QBEXV?$basic_string@DU?$char_traits@D@std@@V?$allocator@D@2@@1@@Z 100133e4     TPNanoLog.obj
 0002:00003408       __unwindtable$??4?$function@$$A6AXV?$basic_string@DU?$char_traits@D@std@@V?$allocator@D@2@@std@@@Z@std@@QAEAAV01@ABV01@@Z 10013408     TPNanoLog.obj
 0002:00003410       __ehfuncinfo$??4?$function@$$A6AXV?$basic_string@DU?$char_traits@D@std@@V?$allocator@D@2@@std@@@Z@std@@QAEAAV01@ABV01@@Z 10013410     TPNanoLog.obj
 0002:00003434       __unwindtable$??$use_facet@V?$codecvt@DDU_Mbstatet@@@std@@@std@@YAABV?$codecvt@DDU_Mbstatet@@@0@ABVlocale@0@@Z 10013434     TPNanoLog.obj
 0002:00003444       __ehfuncinfo$??$use_facet@V?$codecvt@DDU_Mbstatet@@@std@@@std@@YAABV?$codecvt@DDU_Mbstatet@@@0@ABVlocale@0@@Z 10013444     TPNanoLog.obj
 0002:00003514       __unwindtable$??0TPInterfaceMgr@@QAE@XZ 10013514     TPObjectMgr.obj
 0002:00003524       __ehfuncinfo$??0TPInterfaceMgr@@QAE@XZ 10013524     TPObjectMgr.obj
 0002:00003548       __unwindtable$?getObject@TPInterfaceMgr@@UAEPAVQObject@@ABVQString@@ABH@Z 10013548     TPObjectMgr.obj
 0002:00003550       __ehfuncinfo$?getObject@TPInterfaceMgr@@UAEPAVQObject@@ABVQString@@ABH@Z 10013550     TPObjectMgr.obj
 0002:00003574       __unwindtable$?addObject@TPInterfaceMgr@@UAEXABV?$tuple@VQString@@H@std@@PBVQObject@@AB_N@Z 10013574     TPObjectMgr.obj
 0002:00003594       __ehfuncinfo$?addObject@TPInterfaceMgr@@UAEXABV?$tuple@VQString@@H@std@@PBVQObject@@AB_N@Z 10013594     TPObjectMgr.obj
 0002:000035b8       __unwindtable$?getObjectsIndex@TPInterfaceMgr@@UAE?AV?$QVector@H@@ABVQString@@@Z 100135b8     TPObjectMgr.obj
 0002:000035c8       __ehfuncinfo$?getObjectsIndex@TPInterfaceMgr@@UAE?AV?$QVector@H@@ABVQString@@@Z 100135c8     TPObjectMgr.obj
 0002:000035ec       __unwindtable$?mallocObject@TPInterfaceMgr@@QAEHABVQString@@@Z 100135ec     TPObjectMgr.obj
 0002:000035fc       __ehfuncinfo$?mallocObject@TPInterfaceMgr@@QAEHABVQString@@@Z 100135fc     TPObjectMgr.obj
 0002:00003620       __catchsym$?realloc@?$QVector@H@@AAEXHV?$QFlags@W4AllocationOption@QArrayData@@@@@Z$4 10013620     TPObjectMgr.obj
 0002:00003630       __tryblocktable$?realloc@?$QVector@H@@AAEXHV?$QFlags@W4AllocationOption@QArrayData@@@@@Z 10013630     TPObjectMgr.obj
 0002:00003644       __unwindtable$?realloc@?$QVector@H@@AAEXHV?$QFlags@W4AllocationOption@QArrayData@@@@@Z 10013644     TPObjectMgr.obj
 0002:00003664       __ehfuncinfo$?realloc@?$QVector@H@@AAEXHV?$QFlags@W4AllocationOption@QArrayData@@@@@Z 10013664     TPObjectMgr.obj
 0002:00003688       __sehtable$___scrt_is_nonwritable_in_current_image 10013688     MSVCRT:utility.obj
 0002:000036a8       __sehtable$??_M@YGXPAXIIP6EX0@Z@Z 100136a8     MSVCRT:ehvecdtr.obj
 0002:000036c8       __sehtable$?__ArrayUnwind@@YGXPAXIIP6EX0@Z@Z 100136c8     MSVCRT:ehvecdtr.obj
 0002:000036e8       __sehtable$?dllmain_crt_process_attach@@YAHQAUHINSTANCE__@@QAX@Z 100136e8     MSVCRT:dll_dllmain.obj
 0002:00003708       __sehtable$?dllmain_crt_process_detach@@YAH_N@Z 10013708     MSVCRT:dll_dllmain.obj
 0002:00003730       __sehtable$?dllmain_dispatch@@YAHQAUHINSTANCE__@@KQAX@Z 10013730     MSVCRT:dll_dllmain.obj
 0002:00003770       .edata                     10013770     TPBase.exp
 0002:00003798       rgpv                       10013798     TPBase.exp
 0002:000039a8       rgszName                   100139a8     TPBase.exp
 0002:00003bb8       rgwOrd                     10013bb8     TPBase.exp
 0002:00003cc0       szName                     10013cc0     TPBase.exp
 0002:00003ccb       $N00001                    10013ccb     TPBase.exp
 0002:00003cf5       $N00002                    10013cf5     TPBase.exp
 0002:00003d0e       $N00003                    10013d0e     TPBase.exp
 0002:00003d35       $N00004                    10013d35     TPBase.exp
 0002:00003d4f       $N00005                    10013d4f     TPBase.exp
 0002:00003d6c       $N00006                    10013d6c     TPBase.exp
 0002:00003d97       $N00007                    10013d97     TPBase.exp
 0002:00003dcc       $N00008                    10013dcc     TPBase.exp
 0002:00003df2       $N00009                    10013df2     TPBase.exp
 0002:00003e0d       $N00010                    10013e0d     TPBase.exp
 0002:00003e27       $N00011                    10013e27     TPBase.exp
 0002:00003e38       $N00012                    10013e38     TPBase.exp
 0002:00003e5b       $N00013                    10013e5b     TPBase.exp
 0002:00003e7f       $N00014                    10013e7f     TPBase.exp
 0002:00003ea9       $N00015                    10013ea9     TPBase.exp
 0002:00003ed1       $N00016                    10013ed1     TPBase.exp
 0002:00003f07       $N00017                    10013f07     TPBase.exp
 0002:00003f3b       $N00018                    10013f3b     TPBase.exp
 0002:00003f5f       $N00019                    10013f5f     TPBase.exp
 0002:00003f81       $N00020                    10013f81     TPBase.exp
 0002:00003fb1       $N00021                    10013fb1     TPBase.exp
 0002:00004019       $N00022                    10014019     TPBase.exp
 0002:00004050       $N00023                    10014050     TPBase.exp
 0002:00004084       $N00024                    10014084     TPBase.exp
 0002:000040ad       $N00025                    100140ad     TPBase.exp
 0002:000040d6       $N00026                    100140d6     TPBase.exp
 0002:000040ff       $N00027                    100140ff     TPBase.exp
 0002:00004128       $N00028                    10014128     TPBase.exp
 0002:00004152       $N00029                    10014152     TPBase.exp
 0002:0000417c       $N00030                    1001417c     TPBase.exp
 0002:000041ad       $N00031                    100141ad     TPBase.exp
 0002:000041e5       $N00032                    100141e5     TPBase.exp
 0002:00004216       $N00033                    10014216     TPBase.exp
 0002:0000422f       $N00034                    1001422f     TPBase.exp
 0002:00004258       $N00035                    10014258     TPBase.exp
 0002:00004279       $N00036                    10014279     TPBase.exp
 0002:00004288       $N00037                    10014288     TPBase.exp
 0002:000042a4       $N00038                    100142a4     TPBase.exp
 0002:000042b6       $N00039                    100142b6     TPBase.exp
 0002:00004304       $N00040                    10014304     TPBase.exp
 0002:0000432e       $N00041                    1001432e     TPBase.exp
 0002:0000435e       $N00042                    1001435e     TPBase.exp
 0002:0000437f       $N00043                    1001437f     TPBase.exp
 0002:000043ac       $N00044                    100143ac     TPBase.exp
 0002:000043d8       $N00045                    100143d8     TPBase.exp
 0002:00004403       $N00046                    10014403     TPBase.exp
 0002:0000442e       $N00047                    1001442e     TPBase.exp
 0002:0000446b       $N00048                    1001446b     TPBase.exp
 0002:000044a0       $N00049                    100144a0     TPBase.exp
 0002:000044b8       $N00050                    100144b8     TPBase.exp
 0002:000044ee       $N00051                    100144ee     TPBase.exp
 0002:00004501       $N00052                    10014501     TPBase.exp
 0002:00004530       $N00053                    10014530     TPBase.exp
 0002:00004558       $N00054                    10014558     TPBase.exp
 0002:00004582       $N00055                    10014582     TPBase.exp
 0002:000045f1       $N00056                    100145f1     TPBase.exp
 0002:0000461d       $N00057                    1001461d     TPBase.exp
 0002:0000464d       $N00058                    1001464d     TPBase.exp
 0002:00004696       $N00059                    10014696     TPBase.exp
 0002:000046d2       $N00060                    100146d2     TPBase.exp
 0002:00004709       $N00061                    10014709     TPBase.exp
 0002:0000474c       $N00062                    1001474c     TPBase.exp
 0002:00004782       $N00063                    10014782     TPBase.exp
 0002:000047b0       $N00064                    100147b0     TPBase.exp
 0002:000047d7       $N00065                    100147d7     TPBase.exp
 0002:000047f9       $N00066                    100147f9     TPBase.exp
 0002:0000486e       $N00067                    1001486e     TPBase.exp
 0002:000048e4       $N00068                    100148e4     TPBase.exp
 0002:000048ff       $N00069                    100148ff     TPBase.exp
 0002:0000492c       $N00070                    1001492c     TPBase.exp
 0002:00004956       $N00071                    10014956     TPBase.exp
 0002:0000499d       $N00072                    1001499d     TPBase.exp
 0002:000049fe       $N00073                    100149fe     TPBase.exp
 0002:00004a60       $N00074                    10014a60     TPBase.exp
 0002:00004aa2       $N00075                    10014aa2     TPBase.exp
 0002:00004ae6       $N00076                    10014ae6     TPBase.exp
 0002:00004b42       $N00077                    10014b42     TPBase.exp
 0002:00004b6c       $N00078                    10014b6c     TPBase.exp
 0002:00004b9d       $N00079                    10014b9d     TPBase.exp
 0002:00004bc7       $N00080                    10014bc7     TPBase.exp
 0002:00004bfa       $N00081                    10014bfa     TPBase.exp
 0002:00004c2c       $N00082                    10014c2c     TPBase.exp
 0002:00004c6b       $N00083                    10014c6b     TPBase.exp
 0002:00004ca9       $N00084                    10014ca9     TPBase.exp
 0002:00004cd3       $N00085                    10014cd3     TPBase.exp
 0002:00004cfc       $N00086                    10014cfc     TPBase.exp
 0002:00004d4d       $N00087                    10014d4d     TPBase.exp
 0002:00004d9d       $N00088                    10014d9d     TPBase.exp
 0002:00004dcb       $N00089                    10014dcb     TPBase.exp
 0002:00004e11       $N00090                    10014e11     TPBase.exp
 0002:00004e53       $N00091                    10014e53     TPBase.exp
 0002:00004e89       $N00092                    10014e89     TPBase.exp
 0002:00004eb6       $N00093                    10014eb6     TPBase.exp
 0002:00004ee2       $N00094                    10014ee2     TPBase.exp
 0002:00004f17       $N00095                    10014f17     TPBase.exp
 0002:00004f4b       $N00096                    10014f4b     TPBase.exp
 0002:00004f7a       $N00097                    10014f7a     TPBase.exp
 0002:00004fa8       $N00098                    10014fa8     TPBase.exp
 0002:00004fd7       $N00099                    10014fd7     TPBase.exp
 0002:00005008       $N00100                    10015008     TPBase.exp
 0002:00005037       $N00101                    10015037     TPBase.exp
 0002:0000506d       $N00102                    1001506d     TPBase.exp
 0002:0000509f       $N00103                    1001509f     TPBase.exp
 0002:000050d9       $N00104                    100150d9     TPBase.exp
 0002:0000511d       $N00105                    1001511d     TPBase.exp
 0002:0000515d       $N00106                    1001515d     TPBase.exp
 0002:00005191       $N00107                    10015191     TPBase.exp
 0002:000051ca       $N00108                    100151ca     TPBase.exp
 0002:000051f8       $N00109                    100151f8     TPBase.exp
 0002:0000521a       $N00110                    1001521a     TPBase.exp
 0002:00005293       $N00111                    10015293     TPBase.exp
 0002:000052c3       $N00112                    100152c3     TPBase.exp
 0002:000052f0       $N00113                    100152f0     TPBase.exp
 0002:00005314       $N00114                    10015314     TPBase.exp
 0002:00005348       $N00115                    10015348     TPBase.exp
 0002:0000537b       $N00116                    1001537b     TPBase.exp
 0002:000053ab       $N00117                    100153ab     TPBase.exp
 0002:0000540c       $N00118                    1001540c     TPBase.exp
 0002:00005467       $N00119                    10015467     TPBase.exp
 0002:00005497       $N00120                    10015497     TPBase.exp
 0002:000054d4       $N00121                    100154d4     TPBase.exp
 0002:00005510       $N00122                    10015510     TPBase.exp
 0002:00005542       $N00123                    10015542     TPBase.exp
 0002:00005576       $N00124                    10015576     TPBase.exp
 0002:000055a9       $N00125                    100155a9     TPBase.exp
 0002:000055d4       $N00126                    100155d4     TPBase.exp
 0002:000055fe       $N00127                    100155fe     TPBase.exp
 0002:0000562d       $N00128                    1001562d     TPBase.exp
 0002:0000565b       $N00129                    1001565b     TPBase.exp
 0002:0000568b       $N00130                    1001568b     TPBase.exp
 0002:000056bf       $N00131                    100156bf     TPBase.exp
 0002:000056ed       $N00132                    100156ed     TPBase.exp
 0002:00005e30       .idata$6                   10015e30     Qt5Widgets:Qt5Widgets.dll
 0002:00006110       .idata$6                   10016110     Qt5Gui:Qt5Gui.dll
 0002:00006210       .idata$6                   10016210     Qt5Network:Qt5Network.dll
 0002:00007ce8       .idata$6                   10017ce8     Qt5Core:Qt5Core.dll
 0002:00008960       .idata$6                   10018960     msvcprt:MSVCP140.dll
 0002:00008b78       .idata$6                   10018b78     kernel32:KERNEL32.dll
 0002:00008c8e       .idata$6                   10018c8e     vcruntime:VCRUNTIME140.dll
 0002:00008eae       .idata$6                   10018eae     ucrt:api-ms-win-crt-runtime-l1-1-0.dll
 0002:00008ed0       .idata$6                   10018ed0     ucrt:api-ms-win-crt-heap-l1-1-0.dll
 0002:00008ef0       .idata$6                   10018ef0     ucrt:api-ms-win-crt-stdio-l1-1-0.dll
 0002:00008f10       .idata$6                   10018f10     ucrt:api-ms-win-crt-filesystem-l1-1-0.dll
 0002:00008f36       .idata$6                   10018f36     ucrt:api-ms-win-crt-time-l1-1-0.dll
 0003:00000000       ?qt_meta_stringdata_TPGlobalInfoMgr@@3Uqt_meta_stringdata_TPGlobalInfoMgr_t@@B 10019000     moc_TPGlobalInfoMgr.obj
 0003:00000038       ?qt_meta_stringdata_TPInterfaceMgr@@3Uqt_meta_stringdata_TPInterfaceMgr_t@@B 10019038     moc_TPObjectMgr.obj
 0003:00000670       ?s_mutexCodec@?1??utf2gbk@TPCommonUtils@@SA?AVQByteArray@@ABVQString@@@Z@4VQMutex@@A 10019670     TPCommonUtils.obj
 0003:00000674       ?$TSS0@?1??utf2gbk@TPCommonUtils@@SA?AVQByteArray@@ABVQString@@@Z@4HA 10019674     TPCommonUtils.obj
 0003:00000678       ?pathMgr@?1??getInstance@TPGlobalInfoMgr@@SAPAV2@XZ@4V2@A 10019678     TPGlobalInfoMgr.obj
 0003:00000684       ?$TSS0@?1??getInstance@TPGlobalInfoMgr@@SAPAV2@XZ@4HA 10019684     TPGlobalInfoMgr.obj
 0003:00000688       ?objectMgr@?1??getObjectMgr@TPGlobalInfoMgr@@SAPAVTPInterfaceMgr@@XZ@4V3@A 10019688     TPGlobalInfoMgr.obj
 0003:0000069c       ?$TSS0@?1??getObjectMgr@TPGlobalInfoMgr@@SAPAVTPInterfaceMgr@@XZ@4HA 1001969c     TPGlobalInfoMgr.obj
 0003:000006b8       ?s_log@?1??instance@TPLog@@SAPAV2@XZ@4V2@A 100196b8     TPLog.obj
 0003:000006d0       ?$TSS0@?1??instance@TPLog@@SAPAV2@XZ@4HA 100196d0     TPLog.obj
 0003:00000734       ?_Fac_head@std@@3PAU_Fac_node@1@A 10019734     msvcprt:locale0_implib.obj
 0003:00000738       ?_Fac_tidy_reg@std@@3U_Fac_tidy_reg_t@1@B 10019738     msvcprt:locale0_implib.obj
 0003:00000744       ?is_initialized_as_dll@@3_NA 10019744     MSVCRT:utility.obj
 0003:00000745       ?module_local_atexit_table_initialized@@3_NA 10019745     MSVCRT:utility.obj
 0003:00000748       ?module_local_atexit_table@@3U_onexit_table_t@@A 10019748     MSVCRT:utility.obj
 0003:00000754       ?module_local_at_quick_exit_table@@3U_onexit_table_t@@A 10019754     MSVCRT:utility.obj
 0003:00000760       ?g_tss_cv@@3U_RTL_CONDITION_VARIABLE@@A 10019760     MSVCRT:thread_safe_statics.obj
 0003:00000764       ?g_tss_event@@3PAXA        10019764     MSVCRT:thread_safe_statics.obj
 0003:00000768       ?g_tss_mutex@@3U_RTL_CRITICAL_SECTION@@A 10019768     MSVCRT:thread_safe_statics.obj
 0003:00000780       ?g_sleep_condition_variable_cs@@3P6GHPAU_RTL_CONDITION_VARIABLE@@PAU_RTL_CRITICAL_SECTION@@K@ZA 10019780     MSVCRT:thread_safe_statics.obj
 0003:00000784       ?g_wake_all_condition_variable@@3P6GXPAU_RTL_CONDITION_VARIABLE@@@ZA 10019784     MSVCRT:thread_safe_statics.obj
 0003:0000078c       ?__proc_attached@@3HA      1001978c     MSVCRT:dll_dllmain.obj
 0003:000007a0       _GS_ExceptionRecord        100197a0     MSVCRT:gs_report.obj
 0003:000007f0       _GS_ContextRecord          100197f0     MSVCRT:gs_report.obj
 0004:00000060       $R000000                   1001a060     * linker generated manifest res *
