 TPFramework

 Timestamp is 61d951f6 (Sat Jan  8 16:57:26 2022)

 Preferred load address is 10000000

 Start         Length     Name                   Class
 0001:00000000 00000110H .text                   CODE
 0001:00000110 00000030H .text$di                CODE
 0001:00000140 00005420H .text$mn                CODE
 0001:00005560 000004a0H .text$x                 CODE
 0001:00005a00 0000002cH .text$yd                CODE
 0002:00000000 000003b8H .idata$5                DATA
 0002:000003b8 00000004H .00cfg                  DATA
 0002:000003bc 00000004H .CRT$XCA                DATA
 0002:000003c0 0000000cH .CRT$XCU                DATA
 0002:000003cc 00000004H .CRT$XCZ                DATA
 0002:000003d0 00000004H .CRT$XIA                DATA
 0002:000003d4 00000004H .CRT$XIC                DATA
 0002:000003d8 00000004H .CRT$XIZ                DATA
 0002:000003dc 00000004H .CRT$XLA                DATA
 0002:000003e0 00000004H .CRT$XLZ                DATA
 0002:000003e4 00000004H .CRT$XPA                DATA
 0002:000003e8 00000004H .CRT$XPZ                DATA
 0002:000003ec 00000004H .CRT$XTA                DATA
 0002:000003f0 00000010H .CRT$XTZ                DATA
 0002:000003f4 00000000H .gfids$y                DATA
 0002:00000400 00000cc0H .rdata                  DATA
 0002:000010c0 00000000H .rdata$CastGuardVftablesA DATA
 0002:000010c0 00000000H .rdata$CastGuardVftablesC DATA
 0002:000010c0 00000018H .rdata$T                DATA
 0002:000010d8 000007b4H .rdata$r                DATA
 0002:0000188c 00000028H .rdata$voltmd           DATA
 0002:000018b4 000003acH .rdata$zzzdbg           DATA
 0002:00001c60 00000004H .rtc$IAA                DATA
 0002:00001c64 00000004H .rtc$IZZ                DATA
 0002:00001c68 00000004H .rtc$TAA                DATA
 0002:00001c6c 00000004H .rtc$TZZ                DATA
 0002:00001c70 00000004H .tls                    DATA
 0002:00001c74 00000004H .tls$                   DATA
 0002:00001c78 00000008H .tls$ZZZ                DATA
 0002:00001c80 000004f0H .xdata$x                DATA
 0002:00002170 000006a4H .edata                  DATA
 0002:00002814 00000118H .idata$2                DATA
 0002:0000292c 00000014H .idata$3                DATA
 0002:00002940 000003b8H .idata$4                DATA
 0002:00002cf8 00002080H .idata$6                DATA
 0002:00004d78 000000ccH .idata$7                DATA
 0003:00000000 00000124H .data                   DATA
 0003:00000124 00000060H .data$r                 DATA
 0003:00000184 00000264H .data$rs                DATA
 0003:000003e8 000003e4H .bss                    DATA
 0004:00000000 00000060H .rsrc$01                DATA
 0004:00000060 00000180H .rsrc$02                DATA

  Address         Publics by Value              Rva+Base       Lib:Object

 0000:00000000       ___arm64x_extra_rfe_table_size 00000000     <absolute>
 0000:00000000       ___x64_code_ranges_to_entry_points 00000000     <absolute>
 0000:00000000       ___safe_se_handler_count   00000000     <absolute>
 0000:00000000       ___hybrid_auxiliary_iat_copy 00000000     <absolute>
 0000:00000000       ___arm64x_redirection_metadata 00000000     <absolute>
 0000:00000000       ___guard_iat_count         00000000     <absolute>
 0000:00000000       ___arm64x_redirection_metadata_count 00000000     <absolute>
 0000:00000000       ___arm64x_extra_rfe_table  00000000     <absolute>
 0000:00000000       ___guard_longjmp_table     00000000     <absolute>
 0000:00000000       ___guard_check_icall_a64n_fptr 00000000     <absolute>
 0000:00000000       ___guard_longjmp_count     00000000     <absolute>
 0000:00000000       ___hybrid_code_map         00000000     <absolute>
 0000:00000000       ___guard_iat_table         00000000     <absolute>
 0000:00000000       ___enclave_config          00000000     <absolute>
 0000:00000000       ___hybrid_code_map_count   00000000     <absolute>
 0000:00000000       ___guard_eh_cont_table     00000000     <absolute>
 0000:00000000       ___hybrid_auxiliary_iat    00000000     <absolute>
 0000:00000000       ___dynamic_value_reloc_table 00000000     <absolute>
 0000:00000000       ___safe_se_handler_table   00000000     <absolute>
 0000:00000000       ___guard_fids_table        00000000     <absolute>
 0000:00000000       ___AbsoluteZero            00000000     <absolute>
 0000:00000000       ___x64_code_ranges_to_entry_points_count 00000000     <absolute>
 0000:00000000       ___guard_eh_cont_count     00000000     <absolute>
 0000:00000000       ___arm64x_native_entrypoint 00000000     <absolute>
 0000:00000000       ___guard_fids_count        00000000     <absolute>
 0000:0000002c       __tls_array                0000002c     <absolute>
 0000:00000100       ___guard_flags             00000100     <absolute>
 0000:00000000       ___ImageBase               10000000     <linker-defined>
 0001:00000000       _av_register_all           10001000     avformat:dhclbs00096.o
 0001:00000008       _avformat_network_init     10001008     avformat:dhclbs00132.o
 0001:00000010       _avformat_open_input       10001010     avformat:dhclbs00134.o
 0001:00000018       _avformat_find_stream_info 10001018     avformat:dhclbs00120.o
 0001:00000020       _av_find_best_stream       10001020     avformat:dhclbs00044.o
 0001:00000028       _av_read_frame             10001028     avformat:dhclbs00093.o
 0001:00000030       _av_seek_frame             10001030     avformat:dhclbs00100.o
 0001:00000038       _avformat_flush            10001038     avformat:dhclbs00121.o
 0001:00000040       _avformat_close_input      10001040     avformat:dhclbs00118.o
 0001:00000048       _av_dump_format            10001048     avformat:dhclbs00042.o
 0001:00000050       _av_strerror               10001050     avutil:ddpkbs00434.o
 0001:00000058       _av_frame_alloc            10001058     avutil:ddpkbs00151.o
 0001:00000060       _av_frame_free             10001060     avutil:ddpkbs00156.o
 0001:00000068       _av_dict_set               10001068     avutil:ddpkbs00109.o
 0001:00000070       _av_get_default_channel_layout 10001070     avutil:ddpkbs00206.o
 0001:00000078       _av_get_bytes_per_sample   10001078     avutil:ddpkbs00197.o
 0001:00000080       _avcodec_alloc_context3    10001080     avcodec:dvblbs00133.o
 0001:00000088       _avcodec_free_context      10001088     avcodec:dvblbs00164.o
 0001:00000090       _avcodec_parameters_free   10001090     avcodec:dvblbs00179.o
 0001:00000098       _avcodec_parameters_to_context 10001098     avcodec:dvblbs00181.o
 0001:000000a0       _avcodec_open2             100010a0     avcodec:dvblbs00176.o
 0001:000000a8       _avcodec_close             100010a8     avcodec:dvblbs00135.o
 0001:000000b0       _av_packet_free            100010b0     avcodec:dvblbs00089.o
 0001:000000b8       _avcodec_find_decoder      100010b8     avcodec:dvblbs00159.o
 0001:000000c0       _avcodec_send_packet       100010c0     avcodec:dvblbs00189.o
 0001:000000c8       _avcodec_receive_frame     100010c8     avcodec:dvblbs00184.o
 0001:000000d0       _avcodec_flush_buffers     100010d0     avcodec:dvblbs00163.o
 0001:000000d8       _avcodec_parameters_alloc  100010d8     avcodec:dvblbs00177.o
 0001:000000e0       _avcodec_parameters_copy   100010e0     avcodec:dvblbs00178.o
 0001:000000e8       _av_packet_alloc           100010e8     avcodec:dvblbs00086.o
 0001:000000f0       _swr_init                  100010f0     swresample:dkblbs00013.o
 0001:000000f8       _swr_alloc_set_opts        100010f8     swresample:dkblbs00001.o
 0001:00000100       _swr_free                  10001100     swresample:dkblbs00009.o
 0001:00000108       _swr_convert               10001108     swresample:dkblbs00005.o
 0001:00000140       ??_GCXAudioPlay@@UAEPAXI@Z 10001140 f i TPAudioDevice.obj
 0001:00000140       ??_ECXAudioPlay@@UAEPAXI@Z 10001140 f i TPAudioDevice.obj
 0001:00000170       ??_GQAudioOutput@@UAEPAXI@Z 10001170 f i TPAudioDevice.obj
 0001:00000170       ??_EQAudioOutput@@UAEPAXI@Z 10001170 f i TPAudioDevice.obj
 0001:000001a0       ??_ETPAudioDevice@@UAEPAXI@Z 100011a0 f i TPAudioDevice.obj
 0001:000001a0       ??_GTPAudioDevice@@UAEPAXI@Z 100011a0 f i TPAudioDevice.obj
 0001:000001d0       ?Clear@CXAudioPlay@@UAEXXZ 100011d0 f i TPAudioDevice.obj
 0001:00000210       ?Close@CXAudioPlay@@UAEXXZ 10001210 f i TPAudioDevice.obj
 0001:00000270       ?Get@TPAudioDevice@@SAPAV1@XZ 10001270 f   TPAudioDevice.obj
 0001:000002d0       ?GetFree@CXAudioPlay@@UAEHXZ 100012d0 f i TPAudioDevice.obj
 0001:00000320       ?GetNoPlayMs@CXAudioPlay@@UAE_JXZ 10001320 f i TPAudioDevice.obj
 0001:000003f0       ?Open@CXAudioPlay@@UAE_NXZ 100013f0 f i TPAudioDevice.obj
 0001:00000520       ?SetPause@CXAudioPlay@@UAEX_N@Z 10001520 f i TPAudioDevice.obj
 0001:00000570       ?Write@CXAudioPlay@@UAE_NPBEH@Z 10001570 f i TPAudioDevice.obj
 0001:000005e0       ??$?6U?$char_traits@D@std@@@std@@YAAAV?$basic_ostream@DU?$char_traits@D@std@@@0@AAV10@PBD@Z 100015e0 f i TPAudioThread.obj
 0001:000007d0       ??$endl@DU?$char_traits@D@std@@@std@@YAAAV?$basic_ostream@DU?$char_traits@D@std@@@0@AAV10@@Z 100017d0 f i TPAudioThread.obj
 0001:00000800       ??0TPAudioThread@@QAE@XZ   10001800 f   TPAudioThread.obj
 0001:000008c0       ??0sentry@?$basic_ostream@DU?$char_traits@D@std@@@std@@QAE@AAV12@@Z 100018c0 f i TPAudioThread.obj
 0001:00000960       ??1_Sentry_base@?$basic_ostream@DU?$char_traits@D@std@@@std@@QAE@XZ 10001960 f i TPAudioThread.obj
 0001:000009b0       ??1mutex@std@@QAE@XZ       100019b0 f i TPAudioThread.obj
 0001:000009c0       ??1sentry@?$basic_ostream@DU?$char_traits@D@std@@@std@@QAE@XZ 100019c0 f i TPAudioThread.obj
 0001:00000a30       ??_GTPAudioThread@@UAEPAXI@Z 10001a30 f i TPAudioThread.obj
 0001:00000a30       ??_ETPAudioThread@@UAEPAXI@Z 10001a30 f i TPAudioThread.obj
 0001:00000ad0       ?Clear@TPAudioThread@@UAEXXZ 10001ad0 f   TPAudioThread.obj
 0001:00000b10       ?Close@TPAudioThread@@UAEXXZ 10001b10 f   TPAudioThread.obj
 0001:00000bb0       ?Open@TPAudioThread@@UAE_NPAUAVCodecParameters@@HH@Z 10001bb0 f   TPAudioThread.obj
 0001:00000cf0       ?SetPause@TPAudioThread@@QAEX_N@Z 10001cf0 f   TPAudioThread.obj
 0001:00000d10       ?run@TPAudioThread@@UAEXXZ 10001d10 f   TPAudioThread.obj
 0001:00000e60       ??0TPComDecodeThread@@QAE@XZ 10001e60 f   TPComDecodeThread.obj
 0001:00000f20       ??0bad_alloc@std@@QAE@ABV01@@Z 10001f20 f i TPComDecodeThread.obj
 0001:00000f50       ??0bad_array_new_length@std@@QAE@ABV01@@Z 10001f50 f i TPComDecodeThread.obj
 0001:00000f80       ??0bad_array_new_length@std@@QAE@XZ 10001f80 f i TPComDecodeThread.obj
 0001:00000fa0       ??0exception@std@@QAE@ABV01@@Z 10001fa0 f i TPComDecodeThread.obj
 0001:00000fd0       ??1?$_Alloc_construct_ptr@V?$allocator@U?$_List_node@PAUAVPacket@@PAX@std@@@std@@@std@@QAE@XZ 10001fd0 f i TPComDecodeThread.obj
 0001:00000ff0       ??1?$list@PAUAVPacket@@V?$allocator@PAUAVPacket@@@std@@@std@@QAE@XZ 10001ff0 f i TPComDecodeThread.obj
 0001:00001030       ??1TPComDecodeThread@@UAE@XZ 10002030 f   TPComDecodeThread.obj
 0001:000010e0       ??1bad_array_new_length@std@@UAE@XZ 100020e0 f i TPComDecodeThread.obj
 0001:000010e0       ??1bad_alloc@std@@UAE@XZ   100020e0 f i MSVCRT:throw_bad_alloc.obj
 0001:00001100       ??_GTPComDecodeThread@@UAEPAXI@Z 10002100 f i TPComDecodeThread.obj
 0001:00001100       ??_ETPComDecodeThread@@UAEPAXI@Z 10002100 f i TPComDecodeThread.obj
 0001:000011d0       ??_Gbad_alloc@std@@UAEPAXI@Z 100021d0 f i TPComDecodeThread.obj
 0001:000011d0       ??_Gbad_array_new_length@std@@UAEPAXI@Z 100021d0 f i TPComDecodeThread.obj
 0001:000011d0       ??_Eexception@std@@UAEPAXI@Z 100021d0 f i TPComDecodeThread.obj
 0001:000011d0       ??_Gexception@std@@UAEPAXI@Z 100021d0 f i TPComDecodeThread.obj
 0001:000011d0       ??_Ebad_alloc@std@@UAEPAXI@Z 100021d0 f i TPComDecodeThread.obj
 0001:000011d0       ??_Ebad_array_new_length@std@@UAEPAXI@Z 100021d0 f i TPComDecodeThread.obj
 0001:00001200       ?Clear@TPComDecodeThread@@UAEXXZ 10002200 f   TPComDecodeThread.obj
 0001:00001280       ?Close@TPComDecodeThread@@UAEXXZ 10002280 f   TPComDecodeThread.obj
 0001:00001300       ?Pop@TPComDecodeThread@@UAEPAUAVPacket@@XZ 10002300 f   TPComDecodeThread.obj
 0001:00001370       ?Push@TPComDecodeThread@@UAEXPAUAVPacket@@@Z 10002370 f   TPComDecodeThread.obj
 0001:00001460       ?what@exception@std@@UBEPBDXZ 10002460 f i TPComDecodeThread.obj
 0001:00001470       ??0TPCoreFramework@@QAE@PAVQObject@@@Z 10002470 f   TPCoreFramework.obj
 0001:000014e0       ??1?$basic_string@DU?$char_traits@D@std@@V?$allocator@D@2@@std@@QAE@XZ 100024e0 f i TPCoreFramework.obj
 0001:00001530       ??1TPCoreFramework@@UAE@XZ 10002530 f i TPCoreFramework.obj
 0001:00001550       ??_ETPCoreFramework@@UAEPAXI@Z 10002550 f i TPCoreFramework.obj
 0001:00001600       ??_FTPCoreFramework@@QAEXXZ 10002600 f i TPCoreFramework.obj
 0001:00001660       ?getObject@TPCoreFramework@@UAEPAVQObject@@XZ 10002660 f   TPCoreFramework.obj
 0001:00001670       ?getProcess@TPCoreFramework@@UAENXZ 10002670 f   TPCoreFramework.obj
 0001:000016d0       ?initWork@TPCoreFramework@@UAEXXZ 100026d0 f   TPCoreFramework.obj
 0001:000016e0       ?openVideo@TPCoreFramework@@UAE_NVQString@@PAVITPVideoWidget@@@Z 100026e0 f   TPCoreFramework.obj
 0001:000017a0       ?pauseWork@TPCoreFramework@@UAEXXZ 100027a0 f   TPCoreFramework.obj
 0001:000017c0       ?seekProcess@TPCoreFramework@@UAEXN@Z 100027c0 f   TPCoreFramework.obj
 0001:000017e0       ?startWork@TPCoreFramework@@UAEXXZ 100027e0 f   TPCoreFramework.obj
 0001:000017f0       ?stopWork@TPCoreFramework@@UAEXXZ 100027f0 f   TPCoreFramework.obj
 0001:00001800       ?tr@TPCoreFramework@@SA?AVQString@@PBD0H@Z 10002800 f i TPCoreFramework.obj
 0001:00001800       ?trUtf8@TPCoreFramework@@SA?AVQString@@PBD0H@Z 10002800 f i TPCoreFramework.obj
 0001:00001820       ??0TPDecoder@@QAE@XZ       10002820 f   TPDecoder.obj
 0001:00001860       ??_ETPDecoder@@UAEPAXI@Z   10002860 f i TPDecoder.obj
 0001:00001860       ??_GTPDecoder@@UAEPAXI@Z   10002860 f i TPDecoder.obj
 0001:00001890       ?Clear@TPDecoder@@UAEXXZ   10002890 f   TPDecoder.obj
 0001:000018d0       ?Close@TPDecoder@@UAEXXZ   100028d0 f   TPDecoder.obj
 0001:00001920       ?Open@TPDecoder@@UAE_NPAUAVCodecParameters@@@Z 10002920 f   TPDecoder.obj
 0001:00001af0       ?Recv@TPDecoder@@UAEPAUAVFrame@@XZ 10002af0 f   TPDecoder.obj
 0001:00001b70       ?Send@TPDecoder@@UAE_NPAUAVPacket@@@Z 10002b70 f   TPDecoder.obj
 0001:00001be0       ?XFreeFrame@@YAXPAPAUAVFrame@@@Z 10002be0 f   TPDecoder.obj
 0001:00001c00       ?XFreePacket@@YAXPAPAUAVPacket@@@Z 10002c00 f   TPDecoder.obj
 0001:00001c20       ??0TPDemuxThread@@QAE@XZ   10002c20 f   TPDemuxThread.obj
 0001:00001c90       ??1TPDemuxThread@@UAE@XZ   10002c90 f   TPDemuxThread.obj
 0001:00001d10       ??_ETPDemuxThread@@UAEPAXI@Z 10002d10 f i TPDemuxThread.obj
 0001:00001d10       ??_GTPDemuxThread@@UAEPAXI@Z 10002d10 f i TPDemuxThread.obj
 0001:00001db0       ?Clear@TPDemuxThread@@UAEXXZ 10002db0 f   TPDemuxThread.obj
 0001:00001e00       ?Close@TPDemuxThread@@UAEXXZ 10002e00 f   TPDemuxThread.obj
 0001:00001eb0       ?Open@TPDemuxThread@@UAE_NPBDPAVITPVideoWidget@@@Z 10002eb0 f   TPDemuxThread.obj
 0001:000020d0       ?Seek@TPDemuxThread@@UAEXN@Z 100030d0 f   TPDemuxThread.obj
 0001:00002220       ?SetPause@TPDemuxThread@@QAEX_N@Z 10003220 f   TPDemuxThread.obj
 0001:00002270       ?StartWork@TPDemuxThread@@UAEXXZ 10003270 f   TPDemuxThread.obj
 0001:00002380       ?run@TPDemuxThread@@UAEXXZ 10003380 f   TPDemuxThread.obj
 0001:00002440       ??0TPDemuxer@@QAE@XZ       10003440 f   TPDemuxer.obj
 0001:00002570       ??_GTPDemuxer@@UAEPAXI@Z   10003570 f i TPDemuxer.obj
 0001:00002570       ??_ETPDemuxer@@UAEPAXI@Z   10003570 f i TPDemuxer.obj
 0001:000025a0       ?Clear@TPDemuxer@@UAEXXZ   100035a0 f   TPDemuxer.obj
 0001:000025e0       ?Close@TPDemuxer@@UAEXXZ   100035e0 f   TPDemuxer.obj
 0001:00002630       ?CopyAPara@TPDemuxer@@UAEPAUAVCodecParameters@@XZ 10003630 f   TPDemuxer.obj
 0001:00002690       ?CopyVPara@TPDemuxer@@UAEPAUAVCodecParameters@@XZ 10003690 f   TPDemuxer.obj
 0001:000026f0       ?IsAudio@TPDemuxer@@UAE_NPAUAVPacket@@@Z 100036f0 f   TPDemuxer.obj
 0001:00002710       ?Open@TPDemuxer@@UAE_NPBD@Z 10003710 f   TPDemuxer.obj
 0001:00002bf0       ?Read@TPDemuxer@@UAEPAUAVPacket@@XZ 10003bf0 f   TPDemuxer.obj
 0001:00002d30       ?ReadVideo@TPDemuxer@@UAEPAUAVPacket@@XZ 10003d30 f   TPDemuxer.obj
 0001:00002db0       ?Seek@TPDemuxer@@UAE_NN@Z  10003db0 f   TPDemuxer.obj
 0001:00002e30       ??0TPMuxer@@QAE@PAVQObject@@@Z 10003e30 f   TPMuxer.obj
 0001:00002e50       ??1TPMuxer@@UAE@XZ         10003e50 f i TPMuxer.obj
 0001:00002e60       ??_ETPMuxer@@UAEPAXI@Z     10003e60 f i TPMuxer.obj
 0001:00002f10       ??_FTPMuxer@@QAEXXZ        10003f10 f i TPMuxer.obj
 0001:00002f30       ?tr@TPMuxer@@SA?AVQString@@PBD0H@Z 10003f30 f i TPMuxer.obj
 0001:00002f30       ?trUtf8@TPMuxer@@SA?AVQString@@PBD0H@Z 10003f30 f i TPMuxer.obj
 0001:00002f50       ??0TPResampler@@QAE@XZ     10003f50 f   TPResampler.obj
 0001:00002f80       ??1TPResampler@@QAE@XZ     10003f80 f   TPResampler.obj
 0001:00002fa0       ?Close@TPResampler@@UAEXXZ 10003fa0 f   TPResampler.obj
 0001:00002fe0       ?Open@TPResampler@@UAE_NPAUAVCodecParameters@@_N@Z 10003fe0 f   TPResampler.obj
 0001:00003120       ?Resample@TPResampler@@UAEHPAUAVFrame@@PAE@Z 10004120 f   TPResampler.obj
 0001:000031b0       ??0TPVideoThread@@QAE@XZ   100041b0 f   TPVideoThread.obj
 0001:000031f0       ??_ETPVideoThread@@UAEPAXI@Z 100041f0 f i TPVideoThread.obj
 0001:000031f0       ??_GTPVideoThread@@UAEPAXI@Z 100041f0 f i TPVideoThread.obj
 0001:00003230       ?Open@TPVideoThread@@UAE_NPAUAVCodecParameters@@PAVITPVideoWidget@@HH@Z 10004230 f   TPVideoThread.obj
 0001:000032f0       ?RepaintPts@TPVideoThread@@UAE_NPAUAVPacket@@_J@Z 100042f0 f   TPVideoThread.obj
 0001:000033a0       ?SetPause@TPVideoThread@@QAEX_N@Z 100043a0 f   TPVideoThread.obj
 0001:000033d0       ?run@TPVideoThread@@UAEXXZ 100043d0 f   TPVideoThread.obj
 0001:00003494       ??_ETPVideoWidget@@W7AEPAXI@Z 10004494 f i TPVideoWidget.obj
 0001:000034a0       ??_GTPVideoWidget@@UAEPAXI@Z 100044a0 f i TPVideoWidget.obj
 0001:000034a0       ??_ETPVideoWidget@@UAEPAXI@Z 100044a0 f i TPVideoWidget.obj
 0001:00003500       ?Init@TPVideoWidget@@UAEXHH@Z 10004500 f   TPVideoWidget.obj
 0001:000036f0       ?Repaint@TPVideoWidget@@UAEXPAUAVFrame@@@Z 100046f0 f   TPVideoWidget.obj
 0001:000038a0       ?getInstance@TPVideoWidget@@SAPAVITPVideoWidget@@XZ 100048a0 f   TPVideoWidget.obj
 0001:00003980       ?getVideoWidget@TPVideoWidget@@UAEPAVQWidget@@XZ 10004980 f   TPVideoWidget.obj
 0001:00003990       ?initializeGL@TPVideoWidget@@MAEXXZ 10004990 f   TPVideoWidget.obj
 0001:00003c50       ?paintGL@TPVideoWidget@@MAEXXZ 10004c50 f   TPVideoWidget.obj
 0001:00003db0       ?resizeGL@TPVideoWidget@@MAEXHH@Z 10004db0 f   TPVideoWidget.obj
 0001:00003e70       ?metaObject@TPCoreFramework@@UBEPBUQMetaObject@@XZ 10004e70 f   moc_TPCoreFramework.obj
 0001:00003e90       ?qt_metacall@TPCoreFramework@@UAEHW4Call@QMetaObject@@HPAPAX@Z 10004e90 f   moc_TPCoreFramework.obj
 0001:00003e90       ?qt_metacall@TPMuxer@@UAEHW4Call@QMetaObject@@HPAPAX@Z 10004e90 f   moc_TPMuxer.obj
 0001:00003ea0       ?qt_metacast@TPCoreFramework@@UAEPAXPBD@Z 10004ea0 f   moc_TPCoreFramework.obj
 0001:00003f40       @_guard_check_icall_nop@4  10004f40 f   MSVCRT:guard_support.obj
 0001:00003f40       ?qt_static_metacall@TPCoreFramework@@CAXPAVQObject@@W4Call@QMetaObject@@HPAPAX@Z 10004f40 f   moc_TPCoreFramework.obj
 0001:00003f40       ?qt_static_metacall@TPMuxer@@CAXPAVQObject@@W4Call@QMetaObject@@HPAPAX@Z 10004f40 f   moc_TPMuxer.obj
 0001:00003f40       ?qt_static_metacall@TPVideoWidget@@CAXPAVQObject@@W4Call@QMetaObject@@HPAPAX@Z 10004f40 f   moc_TPVideoWidget.obj
 0001:00003f50       ?metaObject@TPMuxer@@UBEPBUQMetaObject@@XZ 10004f50 f   moc_TPMuxer.obj
 0001:00003f70       ?qt_metacast@TPMuxer@@UAEPAXPBD@Z 10004f70 f   moc_TPMuxer.obj
 0001:00003fd0       ?metaObject@TPVideoWidget@@UBEPBUQMetaObject@@XZ 10004fd0 f   moc_TPVideoWidget.obj
 0001:00003ff0       ?qt_metacall@TPVideoWidget@@UAEHW4Call@QMetaObject@@HPAPAX@Z 10004ff0 f   moc_TPVideoWidget.obj
 0001:00004000       ?qt_metacast@TPVideoWidget@@UAEPAXPBD@Z 10005000 f   moc_TPVideoWidget.obj
 0001:000040d3       ?actionEvent@QWidget@@MAEXPAVQActionEvent@@@Z 100050d3 f   Qt5Widgets:Qt5Widgets.dll
 0001:000040d9       ?changeEvent@QWidget@@MAEXPAVQEvent@@@Z 100050d9 f   Qt5Widgets:Qt5Widgets.dll
 0001:000040df       ?closeEvent@QWidget@@MAEXPAVQCloseEvent@@@Z 100050df f   Qt5Widgets:Qt5Widgets.dll
 0001:000040e5       ?contextMenuEvent@QWidget@@MAEXPAVQContextMenuEvent@@@Z 100050e5 f   Qt5Widgets:Qt5Widgets.dll
 0001:000040eb       ?devType@QWidget@@UBEHXZ   100050eb f   Qt5Widgets:Qt5Widgets.dll
 0001:000040f1       ?dragEnterEvent@QWidget@@MAEXPAVQDragEnterEvent@@@Z 100050f1 f   Qt5Widgets:Qt5Widgets.dll
 0001:000040f7       ?dragLeaveEvent@QWidget@@MAEXPAVQDragLeaveEvent@@@Z 100050f7 f   Qt5Widgets:Qt5Widgets.dll
 0001:000040fd       ?dragMoveEvent@QWidget@@MAEXPAVQDragMoveEvent@@@Z 100050fd f   Qt5Widgets:Qt5Widgets.dll
 0001:00004103       ?dropEvent@QWidget@@MAEXPAVQDropEvent@@@Z 10005103 f   Qt5Widgets:Qt5Widgets.dll
 0001:00004109       ?enterEvent@QWidget@@MAEXPAVQEvent@@@Z 10005109 f   Qt5Widgets:Qt5Widgets.dll
 0001:0000410f       ?event@QOpenGLWidget@@MAE_NPAVQEvent@@@Z 1000510f f   Qt5Widgets:Qt5Widgets.dll
 0001:00004115       ?focusInEvent@QWidget@@MAEXPAVQFocusEvent@@@Z 10005115 f   Qt5Widgets:Qt5Widgets.dll
 0001:0000411b       ?focusNextPrevChild@QWidget@@MAE_N_N@Z 1000511b f   Qt5Widgets:Qt5Widgets.dll
 0001:00004121       ?focusOutEvent@QWidget@@MAEXPAVQFocusEvent@@@Z 10005121 f   Qt5Widgets:Qt5Widgets.dll
 0001:00004127       ?hasHeightForWidth@QWidget@@UBE_NXZ 10005127 f   Qt5Widgets:Qt5Widgets.dll
 0001:0000412d       ?heightForWidth@QWidget@@UBEHH@Z 1000512d f   Qt5Widgets:Qt5Widgets.dll
 0001:00004133       ?hideEvent@QWidget@@MAEXPAVQHideEvent@@@Z 10005133 f   Qt5Widgets:Qt5Widgets.dll
 0001:00004139       ?initPainter@QWidget@@MBEXPAVQPainter@@@Z 10005139 f   Qt5Widgets:Qt5Widgets.dll
 0001:0000413f       ?inputMethodEvent@QWidget@@MAEXPAVQInputMethodEvent@@@Z 1000513f f   Qt5Widgets:Qt5Widgets.dll
 0001:00004145       ?inputMethodQuery@QWidget@@UBE?AVQVariant@@W4InputMethodQuery@Qt@@@Z 10005145 f   Qt5Widgets:Qt5Widgets.dll
 0001:0000414b       ?keyPressEvent@QWidget@@MAEXPAVQKeyEvent@@@Z 1000514b f   Qt5Widgets:Qt5Widgets.dll
 0001:00004151       ?keyReleaseEvent@QWidget@@MAEXPAVQKeyEvent@@@Z 10005151 f   Qt5Widgets:Qt5Widgets.dll
 0001:00004157       ?leaveEvent@QWidget@@MAEXPAVQEvent@@@Z 10005157 f   Qt5Widgets:Qt5Widgets.dll
 0001:0000415d       ?metric@QOpenGLWidget@@MBEHW4PaintDeviceMetric@QPaintDevice@@@Z 1000515d f   Qt5Widgets:Qt5Widgets.dll
 0001:00004163       ?minimumSizeHint@QWidget@@UBE?AVQSize@@XZ 10005163 f   Qt5Widgets:Qt5Widgets.dll
 0001:00004169       ?mouseDoubleClickEvent@QWidget@@MAEXPAVQMouseEvent@@@Z 10005169 f   Qt5Widgets:Qt5Widgets.dll
 0001:0000416f       ?mouseMoveEvent@QWidget@@MAEXPAVQMouseEvent@@@Z 1000516f f   Qt5Widgets:Qt5Widgets.dll
 0001:00004175       ?mousePressEvent@QWidget@@MAEXPAVQMouseEvent@@@Z 10005175 f   Qt5Widgets:Qt5Widgets.dll
 0001:0000417b       ?mouseReleaseEvent@QWidget@@MAEXPAVQMouseEvent@@@Z 1000517b f   Qt5Widgets:Qt5Widgets.dll
 0001:00004181       ?moveEvent@QWidget@@MAEXPAVQMoveEvent@@@Z 10005181 f   Qt5Widgets:Qt5Widgets.dll
 0001:00004187       ?nativeEvent@QWidget@@MAE_NABVQByteArray@@PAXPAJ@Z 10005187 f   Qt5Widgets:Qt5Widgets.dll
 0001:0000418d       ?paintEngine@QOpenGLWidget@@MBEPAVQPaintEngine@@XZ 1000518d f   Qt5Widgets:Qt5Widgets.dll
 0001:00004193       ?paintEvent@QOpenGLWidget@@MAEXPAVQPaintEvent@@@Z 10005193 f   Qt5Widgets:Qt5Widgets.dll
 0001:00004199       ?redirected@QOpenGLWidget@@MBEPAVQPaintDevice@@PAVQPoint@@@Z 10005199 f   Qt5Widgets:Qt5Widgets.dll
 0001:0000419f       ?resizeEvent@QOpenGLWidget@@MAEXPAVQResizeEvent@@@Z 1000519f f   Qt5Widgets:Qt5Widgets.dll
 0001:000041a5       ?setVisible@QWidget@@UAEX_N@Z 100051a5 f   Qt5Widgets:Qt5Widgets.dll
 0001:000041ab       ?sharedPainter@QWidget@@MBEPAVQPainter@@XZ 100051ab f   Qt5Widgets:Qt5Widgets.dll
 0001:000041b1       ?showEvent@QWidget@@MAEXPAVQShowEvent@@@Z 100051b1 f   Qt5Widgets:Qt5Widgets.dll
 0001:000041b7       ?sizeHint@QWidget@@UBE?AVQSize@@XZ 100051b7 f   Qt5Widgets:Qt5Widgets.dll
 0001:000041bd       ?tabletEvent@QWidget@@MAEXPAVQTabletEvent@@@Z 100051bd f   Qt5Widgets:Qt5Widgets.dll
 0001:000041c3       ?wheelEvent@QWidget@@MAEXPAVQWheelEvent@@@Z 100051c3 f   Qt5Widgets:Qt5Widgets.dll
 0001:000041c9       ?metaObject@QAudioOutput@@UBEPBUQMetaObject@@XZ 100051c9 f   Qt5Multimedia:Qt5Multimedia.dll
 0001:000041cf       ?qt_metacall@QAudioOutput@@UAEHW4Call@QMetaObject@@HPAPAX@Z 100051cf f   Qt5Multimedia:Qt5Multimedia.dll
 0001:000041d5       ?qt_metacast@QAudioOutput@@UAEPAXPBD@Z 100051d5 f   Qt5Multimedia:Qt5Multimedia.dll
 0001:000041db       ?childEvent@QObject@@MAEXPAVQChildEvent@@@Z 100051db f   Qt5Core:Qt5Core.dll
 0001:000041e1       ?connectNotify@QObject@@MAEXABVQMetaMethod@@@Z 100051e1 f   Qt5Core:Qt5Core.dll
 0001:000041e7       ?customEvent@QObject@@MAEXPAVQEvent@@@Z 100051e7 f   Qt5Core:Qt5Core.dll
 0001:000041ed       ?disconnectNotify@QObject@@MAEXABVQMetaMethod@@@Z 100051ed f   Qt5Core:Qt5Core.dll
 0001:000041f3       ?event@QObject@@UAE_NPAVQEvent@@@Z 100051f3 f   Qt5Core:Qt5Core.dll
 0001:000041f9       ?eventFilter@QObject@@UAE_NPAV1@PAVQEvent@@@Z 100051f9 f   Qt5Core:Qt5Core.dll
 0001:000041ff       ?timerEvent@QObject@@MAEXPAVQTimerEvent@@@Z 100051ff f   Qt5Core:Qt5Core.dll
 0001:00004205       ?event@QThread@@UAE_NPAVQEvent@@@Z 10005205 f   Qt5Core:Qt5Core.dll
 0001:0000420b       ?metaObject@QThread@@UBEPBUQMetaObject@@XZ 1000520b f   Qt5Core:Qt5Core.dll
 0001:00004211       ?qt_metacall@QThread@@UAEHW4Call@QMetaObject@@HPAPAX@Z 10005211 f   Qt5Core:Qt5Core.dll
 0001:00004217       ?qt_metacast@QThread@@UAEPAXPBD@Z 10005217 f   Qt5Core:Qt5Core.dll
 0001:0000421d       ?run@QThread@@MAEXXZ       1000521d f   Qt5Core:Qt5Core.dll
 0001:00004223       __Mtx_init_in_situ         10005223 f   msvcprt:MSVCP140.dll
 0001:00004229       __Mtx_destroy_in_situ      10005229 f   msvcprt:MSVCP140.dll
 0001:0000422f       __Mtx_lock                 1000522f f   msvcprt:MSVCP140.dll
 0001:00004235       __Mtx_unlock               10005235 f   msvcprt:MSVCP140.dll
 0001:0000423b       ?_Throw_C_error@std@@YAXH@Z 1000523b f   msvcprt:MSVCP140.dll
 0001:00004241       ?uncaught_exception@std@@YA_NXZ 10005241 f   msvcprt:MSVCP140.dll
 0001:00004247       ?_Xlength_error@std@@YAXPBD@Z 10005247 f   msvcprt:MSVCP140.dll
 0001:0000424d       ??2@YAPAXI@Z               1000524d f   MSVCRT:new_scalar.obj
 0001:0000427d       ??3@YAXPAXI@Z              1000527d f   MSVCRT:delete_scalar_size.obj
 0001:000042cf       ___scrt_acquire_startup_lock 100052cf f   MSVCRT:utility.obj
 0001:00004301       ___scrt_dllmain_after_initialize_c 10005301 f   MSVCRT:utility.obj
 0001:0000432c       ___scrt_dllmain_before_initialize_c 1000532c f   MSVCRT:utility.obj
 0001:0000433a       ___scrt_dllmain_crt_thread_attach 1000533a f   MSVCRT:utility.obj
 0001:00004359       ___scrt_dllmain_crt_thread_detach 10005359 f   MSVCRT:utility.obj
 0001:00004366       ___scrt_dllmain_exception_filter 10005366 f   MSVCRT:utility.obj
 0001:0000439a       ___scrt_dllmain_uninitialize_c 1000539a f   MSVCRT:utility.obj
 0001:000043bd       ___scrt_dllmain_uninitialize_critical 100053bd f   MSVCRT:utility.obj
 0001:000043ca       ___scrt_initialize_crt     100053ca f   MSVCRT:utility.obj
 0001:00004403       ___scrt_initialize_onexit_tables 10005403 f   MSVCRT:utility.obj
 0001:0000448a       ___scrt_is_nonwritable_in_current_image 1000548a f   MSVCRT:utility.obj
 0001:0000451e       ___scrt_release_startup_lock 1000551e f   MSVCRT:utility.obj
 0001:0000453b       ___scrt_uninitialize_crt   1000553b f   MSVCRT:utility.obj
 0001:00004563       __onexit                   10005563 f   MSVCRT:utility.obj
 0001:00004590       _atexit                    10005590 f   MSVCRT:utility.obj
 0001:0000466a       __Init_thread_footer       1000566a f   MSVCRT:thread_safe_statics.obj
 0001:000046b4       __Init_thread_header       100056b4 f   MSVCRT:thread_safe_statics.obj
 0001:00004706       __Init_thread_notify       10005706 f   MSVCRT:thread_safe_statics.obj
 0001:0000473c       __Init_thread_wait         1000573c f   MSVCRT:thread_safe_statics.obj
 0001:0000478a       @__security_check_cookie@4 1000578a f   MSVCRT:secchk.obj
 0001:000047a0       __dtol3                    100057a0 f   MSVCRT:ftol3.obj
 0001:00004850       __ltod3                    10005850 f   MSVCRT:ftol3.obj
 0001:00004891       ??_Etype_info@@UAEPAXI@Z   10005891 f i MSVCRT:std_type_info_static.obj
 0001:00004891       ??_Gtype_info@@UAEPAXI@Z   10005891 f i MSVCRT:std_type_info_static.obj
 0001:000048b4       ??_U@YAPAXI@Z              100058b4 f   MSVCRT:new_array.obj
 0001:000048bd       ??_M@YGXPAXIIP6EX0@Z@Z     100058bd f   MSVCRT:ehvecdtr.obj
 0001:00004942       ?__ArrayUnwind@@YGXPAXIIP6EX0@Z@Z 10005942 f   MSVCRT:ehvecdtr.obj
 0001:000049d2       ??_V@YAXPAXI@Z             100059d2 f   MSVCRT:delete_array_size.obj
 0001:000049e0       __alldiv                   100059e0 f   MSVCRT:lldiv.obj
 0001:00004dca       __DllMainCRTStartup@12     10005dca f   MSVCRT:dll_dllmain.obj
 0001:00004ded       ??0bad_alloc@std@@QAE@XZ   10005ded f i MSVCRT:throw_bad_alloc.obj
 0001:00004e05       ?__scrt_throw_std_bad_alloc@@YAXXZ 10005e05 f   MSVCRT:throw_bad_alloc.obj
 0001:00004e22       ?__scrt_throw_std_bad_array_new_length@@YAXXZ 10005e22 f   MSVCRT:throw_bad_alloc.obj
 0001:00004e3f       ??3@YAXPAX@Z               10005e3f f   MSVCRT:delete_scalar.obj
 0001:00004e44       ___isa_available_init      10005e44 f   MSVCRT:cpu_disp.obj
 0001:00005015       __get_startup_argv_mode    10006015 f   MSVCRT:argv_mode.obj
 0001:00005019       ___scrt_is_ucrt_dll_in_use 10006019 f   MSVCRT:ucrt_detection.obj
 0001:00005025       ___scrt_fastfail           10006025 f   MSVCRT:utility_desktop.obj
 0001:00005140       __crt_debugger_hook        10006140 f   MSVCRT:utility_desktop.obj
 0001:00005150       __SEH_prolog4              10006150 f   MSVCRT:sehprolg4.obj
 0001:00005195       __except_handler4          10006195 f   MSVCRT:chandler4gs.obj
 0001:000051c4       ___raise_securityfailure   100061c4 f   MSVCRT:gs_report.obj
 0001:000051ec       ___report_gsfailure        100061ec f   MSVCRT:gs_report.obj
 0001:000052e6       ??_V@YAXPAX@Z              100062e6 f   MSVCRT:delete_array.obj
 0001:00005338       ___security_init_cookie    10006338 f   MSVCRT:gs_support.obj
 0001:00005383       _DllMain@12                10006383 f   MSVCRT:dll_dllmain_stub.obj
 0001:000053a5       ?__scrt_initialize_type_info@@YAXXZ 100063a5 f   MSVCRT:tncleanup.obj
 0001:000053b1       ?__scrt_uninitialize_type_info@@YAXXZ 100063b1 f   MSVCRT:tncleanup.obj
 0001:000053bd       ___local_stdio_printf_options 100063bd f i MSVCRT:default_local_stdio_options.obj
 0001:000053c3       ___local_stdio_scanf_options 100063c3 f i MSVCRT:default_local_stdio_options.obj
 0001:000053c9       ___scrt_initialize_default_local_stdio_options 100063c9 f   MSVCRT:default_local_stdio_options.obj
 0001:000053e6       ___scrt_get_dyn_tls_init_callback 100063e6 f   MSVCRT:dyn_tls_init.obj
 0001:000053ec       __RTC_Initialize           100063ec f   MSVCRT:initsect.obj
 0001:00005418       __RTC_Terminate            10006418 f   MSVCRT:initsect.obj
 0001:00005444       __purecall                 10006444 f   vcruntime:VCRUNTIME140.dll
 0001:0000544a       ___CxxFrameHandler3        1000644a f   vcruntime:VCRUNTIME140.dll
 0001:00005450       ___std_terminate           10006450 f   vcruntime:VCRUNTIME140.dll
 0001:00005456       ___std_exception_copy      10006456 f   vcruntime:VCRUNTIME140.dll
 0001:0000545c       ___std_exception_destroy   1000645c f   vcruntime:VCRUNTIME140.dll
 0001:00005462       __CxxThrowException@8      10006462 f   vcruntime:VCRUNTIME140.dll
 0001:00005468       _memset                    10006468 f   vcruntime:VCRUNTIME140.dll
 0001:0000546e       _memcpy                    1000646e f   vcruntime:VCRUNTIME140.dll
 0001:00005474       ___current_exception       10006474 f   vcruntime:VCRUNTIME140.dll
 0001:0000547a       ___current_exception_context 1000647a f   vcruntime:VCRUNTIME140.dll
 0001:00005480       __except_handler4_common   10006480 f   vcruntime:VCRUNTIME140.dll
 0001:00005486       ___std_type_info_destroy_list 10006486 f   vcruntime:VCRUNTIME140.dll
 0001:0000548c       __callnewh                 1000648c f   ucrt:api-ms-win-crt-heap-l1-1-0.dll
 0001:00005492       _malloc                    10006492 f   ucrt:api-ms-win-crt-heap-l1-1-0.dll
 0001:00005498       __seh_filter_dll           10006498 f   ucrt:api-ms-win-crt-runtime-l1-1-0.dll
 0001:0000549e       __configure_narrow_argv    1000649e f   ucrt:api-ms-win-crt-runtime-l1-1-0.dll
 0001:000054a4       __initialize_narrow_environment 100064a4 f   ucrt:api-ms-win-crt-runtime-l1-1-0.dll
 0001:000054aa       __initialize_onexit_table  100064aa f   ucrt:api-ms-win-crt-runtime-l1-1-0.dll
 0001:000054b0       __register_onexit_function 100064b0 f   ucrt:api-ms-win-crt-runtime-l1-1-0.dll
 0001:000054b6       __execute_onexit_table     100064b6 f   ucrt:api-ms-win-crt-runtime-l1-1-0.dll
 0001:000054bc       __crt_atexit               100064bc f   ucrt:api-ms-win-crt-runtime-l1-1-0.dll
 0001:000054c2       __cexit                    100064c2 f   ucrt:api-ms-win-crt-runtime-l1-1-0.dll
 0001:000054c8       _terminate                 100064c8 f   ucrt:api-ms-win-crt-runtime-l1-1-0.dll
 0001:000054ce       __initterm                 100064ce f   ucrt:api-ms-win-crt-runtime-l1-1-0.dll
 0001:000054d4       __initterm_e               100064d4 f   ucrt:api-ms-win-crt-runtime-l1-1-0.dll
 0001:000054da       _free                      100064da f   ucrt:api-ms-win-crt-heap-l1-1-0.dll
 0001:000054e0       ___scrt_stub_for_acrt_thread_detach 100064e0 f   MSVCRT:ucrt_stubs.obj
 0001:000054e0       ___acrt_initialize         100064e0 f   MSVCRT:ucrt_stubs.obj
 0001:000054e0       ___acrt_thread_attach      100064e0 f   MSVCRT:ucrt_stubs.obj
 0001:000054e0       ___scrt_stub_for_acrt_thread_attach 100064e0 f   MSVCRT:ucrt_stubs.obj
 0001:000054e0       ___vcrt_thread_detach      100064e0 f   MSVCRT:ucrt_stubs.obj
 0001:000054e0       ___scrt_stub_for_acrt_uninitialize_critical 100064e0 f   MSVCRT:ucrt_stubs.obj
 0001:000054e0       ___scrt_stub_for_acrt_uninitialize 100064e0 f   MSVCRT:ucrt_stubs.obj
 0001:000054e0       ___acrt_uninitialize       100064e0 f   MSVCRT:ucrt_stubs.obj
 0001:000054e0       ___scrt_stub_for_acrt_initialize 100064e0 f   MSVCRT:ucrt_stubs.obj
 0001:000054e0       ___vcrt_uninitialize_critical 100064e0 f   MSVCRT:ucrt_stubs.obj
 0001:000054e0       ___acrt_uninitialize_critical 100064e0 f   MSVCRT:ucrt_stubs.obj
 0001:000054e0       ___vcrt_thread_attach      100064e0 f   MSVCRT:ucrt_stubs.obj
 0001:000054e0       ___vcrt_uninitialize       100064e0 f   MSVCRT:ucrt_stubs.obj
 0001:000054e0       ___acrt_thread_detach      100064e0 f   MSVCRT:ucrt_stubs.obj
 0001:000054e0       ___vcrt_initialize         100064e0 f   MSVCRT:ucrt_stubs.obj
 0001:000054e3       __is_c_termination_complete 100064e3 f   MSVCRT:ucrt_stubs.obj
 0001:000054e3       ___scrt_stub_for_is_c_termination_complete 100064e3 f   MSVCRT:ucrt_stubs.obj
 0001:000054e6       __filter_x86_sse2_floating_point_exception_default 100064e6 f   MSVCRT:x86_exception_filter.obj
 0001:000054e6       __filter_x86_sse2_floating_point_exception 100064e6 f   MSVCRT:x86_exception_filter.obj
 0002:00000000       __imp__EnterCriticalSection@4 10007000     kernel32:KERNEL32.dll
 0002:00000004       __imp__CloseHandle@4       10007004     kernel32:KERNEL32.dll
 0002:00000008       __imp__LeaveCriticalSection@4 10007008     kernel32:KERNEL32.dll
 0002:0000000c       __imp__InitializeCriticalSectionAndSpinCount@8 1000700c     kernel32:KERNEL32.dll
 0002:00000010       __imp__DeleteCriticalSection@4 10007010     kernel32:KERNEL32.dll
 0002:00000014       __imp__SetEvent@4          10007014     kernel32:KERNEL32.dll
 0002:00000018       __imp__ResetEvent@4        10007018     kernel32:KERNEL32.dll
 0002:0000001c       __imp__WaitForSingleObjectEx@12 1000701c     kernel32:KERNEL32.dll
 0002:00000020       __imp__CreateEventW@16     10007020     kernel32:KERNEL32.dll
 0002:00000024       __imp__GetModuleHandleW@4  10007024     kernel32:KERNEL32.dll
 0002:00000028       __imp__GetProcAddress@8    10007028     kernel32:KERNEL32.dll
 0002:0000002c       __imp__IsProcessorFeaturePresent@4 1000702c     kernel32:KERNEL32.dll
 0002:00000030       __imp__IsDebuggerPresent@0 10007030     kernel32:KERNEL32.dll
 0002:00000034       __imp__UnhandledExceptionFilter@4 10007034     kernel32:KERNEL32.dll
 0002:00000038       __imp__SetUnhandledExceptionFilter@4 10007038     kernel32:KERNEL32.dll
 0002:0000003c       __imp__GetCurrentProcess@0 1000703c     kernel32:KERNEL32.dll
 0002:00000040       __imp__TerminateProcess@8  10007040     kernel32:KERNEL32.dll
 0002:00000044       __imp__QueryPerformanceCounter@4 10007044     kernel32:KERNEL32.dll
 0002:00000048       __imp__GetCurrentProcessId@0 10007048     kernel32:KERNEL32.dll
 0002:0000004c       __imp__InitializeSListHead@4 1000704c     kernel32:KERNEL32.dll
 0002:00000050       __imp__DisableThreadLibraryCalls@4 10007050     kernel32:KERNEL32.dll
 0002:00000054       __imp__GetSystemTimeAsFileTime@4 10007054     kernel32:KERNEL32.dll
 0002:00000058       __imp__GetCurrentThreadId@0 10007058     kernel32:KERNEL32.dll
 0002:0000005c       \177KERNEL32_NULL_THUNK_DATA 1000705c     kernel32:KERNEL32.dll
 0002:00000060       __imp___Mtx_unlock         10007060     msvcprt:MSVCP140.dll
 0002:00000064       __imp_?_Throw_C_error@std@@YAXH@Z 10007064     msvcprt:MSVCP140.dll
 0002:00000068       __imp_?uncaught_exception@std@@YA_NXZ 10007068     msvcprt:MSVCP140.dll
 0002:0000006c       __imp_?sputc@?$basic_streambuf@DU?$char_traits@D@std@@@std@@QAEHD@Z 1000706c     msvcprt:MSVCP140.dll
 0002:00000070       __imp_?sputn@?$basic_streambuf@DU?$char_traits@D@std@@@std@@QAE_JPBD_J@Z 10007070     msvcprt:MSVCP140.dll
 0002:00000074       __imp_?setstate@?$basic_ios@DU?$char_traits@D@std@@@std@@QAEXH_N@Z 10007074     msvcprt:MSVCP140.dll
 0002:00000078       __imp_?widen@?$basic_ios@DU?$char_traits@D@std@@@std@@QBEDD@Z 10007078     msvcprt:MSVCP140.dll
 0002:0000007c       __imp_?_Osfx@?$basic_ostream@DU?$char_traits@D@std@@@std@@QAEXXZ 1000707c     msvcprt:MSVCP140.dll
 0002:00000080       __imp_??6?$basic_ostream@DU?$char_traits@D@std@@@std@@QAEAAV01@P6AAAV01@AAV01@@Z@Z 10007080     msvcprt:MSVCP140.dll
 0002:00000084       __imp_??6?$basic_ostream@DU?$char_traits@D@std@@@std@@QAEAAV01@_N@Z 10007084     msvcprt:MSVCP140.dll
 0002:00000088       __imp_?put@?$basic_ostream@DU?$char_traits@D@std@@@std@@QAEAAV12@D@Z 10007088     msvcprt:MSVCP140.dll
 0002:0000008c       __imp_?flush@?$basic_ostream@DU?$char_traits@D@std@@@std@@QAEAAV12@XZ 1000708c     msvcprt:MSVCP140.dll
 0002:00000090       __imp_?cout@std@@3V?$basic_ostream@DU?$char_traits@D@std@@@1@A 10007090     msvcprt:MSVCP140.dll
 0002:00000094       __imp_?_Xlength_error@std@@YAXPBD@Z 10007094     msvcprt:MSVCP140.dll
 0002:00000098       __imp_??6?$basic_ostream@DU?$char_traits@D@std@@@std@@QAEAAV01@H@Z 10007098     msvcprt:MSVCP140.dll
 0002:0000009c       __imp_??6?$basic_ostream@DU?$char_traits@D@std@@@std@@QAEAAV01@N@Z 1000709c     msvcprt:MSVCP140.dll
 0002:000000a0       __imp___Mtx_destroy_in_situ 100070a0     msvcprt:MSVCP140.dll
 0002:000000a4       __imp___Mtx_lock           100070a4     msvcprt:MSVCP140.dll
 0002:000000a8       __imp___Mtx_init_in_situ   100070a8     msvcprt:MSVCP140.dll
 0002:000000ac       \177MSVCP140_NULL_THUNK_DATA 100070ac     msvcprt:MSVCP140.dll
 0002:000000b0       __imp_?fromAscii_helper@QString@@CAPAU?$QTypedArrayData@G@@PBDH@Z 100070b0     Qt5Core:Qt5Core.dll
 0002:000000b4       __imp_?qt_metacall@QObject@@UAEHW4Call@QMetaObject@@HPAPAX@Z 100070b4     Qt5Core:Qt5Core.dll
 0002:000000b8       __imp_?qt_metacast@QObject@@UAEPAXPBD@Z 100070b8     Qt5Core:Qt5Core.dll
 0002:000000bc       __imp_?dynamicMetaObject@QObjectData@@QBEPAUQMetaObject@@XZ 100070bc     Qt5Core:Qt5Core.dll
 0002:000000c0       __imp_?staticMetaObject@QObject@@2UQMetaObject@@B 100070c0     Qt5Core:Qt5Core.dll
 0002:000000c4       __imp_??6QDebug@@QAEAAV0@PBD@Z 100070c4     Qt5Core:Qt5Core.dll
 0002:000000c8       __imp_??6QDebug@@QAEAAV0@H@Z 100070c8     Qt5Core:Qt5Core.dll
 0002:000000cc       __imp_??6QDebug@@QAEAAV0@_N@Z 100070cc     Qt5Core:Qt5Core.dll
 0002:000000d0       __imp_??1QDebug@@QAE@XZ    100070d0     Qt5Core:Qt5Core.dll
 0002:000000d4       __imp_?debug@QMessageLogger@@QBE?AVQDebug@@XZ 100070d4     Qt5Core:Qt5Core.dll
 0002:000000d8       __imp_??0QMessageLogger@@QAE@PBDH0@Z 100070d8     Qt5Core:Qt5Core.dll
 0002:000000dc       __imp_?start@QThread@@QAEXW4Priority@1@@Z 100070dc     Qt5Core:Qt5Core.dll
 0002:000000e0       __imp_??1QObject@@UAE@XZ   100070e0     Qt5Core:Qt5Core.dll
 0002:000000e4       __imp_??0QObject@@QAE@PAV0@@Z 100070e4     Qt5Core:Qt5Core.dll
 0002:000000e8       __imp_?toStdString@QString@@QBE?AV?$basic_string@DU?$char_traits@D@std@@V?$allocator@D@2@@std@@XZ 100070e8     Qt5Core:Qt5Core.dll
 0002:000000ec       __imp_?tr@QMetaObject@@QBE?AVQString@@PBD0H@Z 100070ec     Qt5Core:Qt5Core.dll
 0002:000000f0       __imp_?run@QThread@@MAEXXZ 100070f0     Qt5Core:Qt5Core.dll
 0002:000000f4       __imp_??1QThread@@UAE@XZ   100070f4     Qt5Core:Qt5Core.dll
 0002:000000f8       __imp_??0QThread@@QAE@PAVQObject@@@Z 100070f8     Qt5Core:Qt5Core.dll
 0002:000000fc       __imp_?qt_metacast@QThread@@UAEPAXPBD@Z 100070fc     Qt5Core:Qt5Core.dll
 0002:00000100       __imp_?qt_metacall@QThread@@UAEHW4Call@QMetaObject@@HPAPAX@Z 10007100     Qt5Core:Qt5Core.dll
 0002:00000104       __imp_?metaObject@QThread@@UBEPBUQMetaObject@@XZ 10007104     Qt5Core:Qt5Core.dll
 0002:00000108       __imp_?event@QThread@@UAE_NPAVQEvent@@@Z 10007108     Qt5Core:Qt5Core.dll
 0002:0000010c       __imp_?msleep@QThread@@SAXK@Z 1000710c     Qt5Core:Qt5Core.dll
 0002:00000110       __imp_?wait@QThread@@QAE_NVQDeadlineTimer@@@Z 10007110     Qt5Core:Qt5Core.dll
 0002:00000114       __imp_??0QDeadlineTimer@@QAE@W4ForeverConstant@0@W4TimerType@Qt@@@Z 10007114     Qt5Core:Qt5Core.dll
 0002:00000118       __imp_?timerEvent@QObject@@MAEXPAVQTimerEvent@@@Z 10007118     Qt5Core:Qt5Core.dll
 0002:0000011c       __imp_?eventFilter@QObject@@UAE_NPAV1@PAVQEvent@@@Z 1000711c     Qt5Core:Qt5Core.dll
 0002:00000120       __imp_?event@QObject@@UAE_NPAVQEvent@@@Z 10007120     Qt5Core:Qt5Core.dll
 0002:00000124       __imp_?disconnectNotify@QObject@@MAEXABVQMetaMethod@@@Z 10007124     Qt5Core:Qt5Core.dll
 0002:00000128       __imp_?customEvent@QObject@@MAEXPAVQEvent@@@Z 10007128     Qt5Core:Qt5Core.dll
 0002:0000012c       __imp_?connectNotify@QObject@@MAEXABVQMetaMethod@@@Z 1000712c     Qt5Core:Qt5Core.dll
 0002:00000130       __imp_?childEvent@QObject@@MAEXPAVQChildEvent@@@Z 10007130     Qt5Core:Qt5Core.dll
 0002:00000134       __imp_?write@QIODevice@@QAE_JPBD_J@Z 10007134     Qt5Core:Qt5Core.dll
 0002:00000138       __imp_??1QString@@QAE@XZ   10007138     Qt5Core:Qt5Core.dll
 0002:0000013c       \177Qt5Core_NULL_THUNK_DATA 1000713c     Qt5Core:Qt5Core.dll
 0002:00000140       __imp_?glVertexAttribPointer@QOpenGLFunctions@@QAEXIHIEHPBX@Z 10007140     Qt5Gui:Qt5Gui.dll
 0002:00000144       __imp_?glUniform1i@QOpenGLFunctions@@QAEXHH@Z 10007144     Qt5Gui:Qt5Gui.dll
 0002:00000148       __imp_?glEnableVertexAttribArray@QOpenGLFunctions@@QAEXI@Z 10007148     Qt5Gui:Qt5Gui.dll
 0002:0000014c       __imp_?glActiveTexture@QOpenGLFunctions@@QAEXI@Z 1000714c     Qt5Gui:Qt5Gui.dll
 0002:00000150       __imp_?glTexSubImage2D@QOpenGLFunctions@@QAEXIHHHHHIIPBX@Z 10007150     Qt5Gui:Qt5Gui.dll
 0002:00000154       __imp_?glTexParameteri@QOpenGLFunctions@@QAEXIIH@Z 10007154     Qt5Gui:Qt5Gui.dll
 0002:00000158       __imp_?glTexImage2D@QOpenGLFunctions@@QAEXIHHHHHIIPBX@Z 10007158     Qt5Gui:Qt5Gui.dll
 0002:0000015c       __imp_?glDrawArrays@QOpenGLFunctions@@QAEXIHH@Z 1000715c     Qt5Gui:Qt5Gui.dll
 0002:00000160       __imp_?glDeleteTextures@QOpenGLFunctions@@QAEXHPBI@Z 10007160     Qt5Gui:Qt5Gui.dll
 0002:00000164       __imp_?glBindTexture@QOpenGLFunctions@@QAEXII@Z 10007164     Qt5Gui:Qt5Gui.dll
 0002:00000168       __imp_?initializeOpenGLFunctions@QOpenGLFunctions@@QAEXXZ 10007168     Qt5Gui:Qt5Gui.dll
 0002:0000016c       __imp_??1QOpenGLFunctions@@QAE@XZ 1000716c     Qt5Gui:Qt5Gui.dll
 0002:00000170       __imp_??0QOpenGLFunctions@@QAE@XZ 10007170     Qt5Gui:Qt5Gui.dll
 0002:00000174       __imp_?glGenTextures@QOpenGLFunctions@@QAEXHPAI@Z 10007174     Qt5Gui:Qt5Gui.dll
 0002:00000178       \177Qt5Gui_NULL_THUNK_DATA 10007178     Qt5Gui:Qt5Gui.dll
 0002:0000017c       __imp_?qt_metacast@QAudioOutput@@UAEPAXPBD@Z 1000717c     Qt5Multimedia:Qt5Multimedia.dll
 0002:00000180       __imp_??0QAudioFormat@@QAE@XZ 10007180     Qt5Multimedia:Qt5Multimedia.dll
 0002:00000184       __imp_??1QAudioFormat@@QAE@XZ 10007184     Qt5Multimedia:Qt5Multimedia.dll
 0002:00000188       __imp_?setSampleRate@QAudioFormat@@QAEXH@Z 10007188     Qt5Multimedia:Qt5Multimedia.dll
 0002:0000018c       __imp_?setChannelCount@QAudioFormat@@QAEXH@Z 1000718c     Qt5Multimedia:Qt5Multimedia.dll
 0002:00000190       __imp_?setSampleSize@QAudioFormat@@QAEXH@Z 10007190     Qt5Multimedia:Qt5Multimedia.dll
 0002:00000194       __imp_?setCodec@QAudioFormat@@QAEXABVQString@@@Z 10007194     Qt5Multimedia:Qt5Multimedia.dll
 0002:00000198       __imp_?setByteOrder@QAudioFormat@@QAEXW4Endian@1@@Z 10007198     Qt5Multimedia:Qt5Multimedia.dll
 0002:0000019c       __imp_?setSampleType@QAudioFormat@@QAEXW4SampleType@1@@Z 1000719c     Qt5Multimedia:Qt5Multimedia.dll
 0002:000001a0       __imp_??0QAudioOutput@@QAE@ABVQAudioFormat@@PAVQObject@@@Z 100071a0     Qt5Multimedia:Qt5Multimedia.dll
 0002:000001a4       __imp_??1QAudioOutput@@UAE@XZ 100071a4     Qt5Multimedia:Qt5Multimedia.dll
 0002:000001a8       __imp_?start@QAudioOutput@@QAEPAVQIODevice@@XZ 100071a8     Qt5Multimedia:Qt5Multimedia.dll
 0002:000001ac       __imp_?stop@QAudioOutput@@QAEXXZ 100071ac     Qt5Multimedia:Qt5Multimedia.dll
 0002:000001b0       __imp_?suspend@QAudioOutput@@QAEXXZ 100071b0     Qt5Multimedia:Qt5Multimedia.dll
 0002:000001b4       __imp_?resume@QAudioOutput@@QAEXXZ 100071b4     Qt5Multimedia:Qt5Multimedia.dll
 0002:000001b8       __imp_?bufferSize@QAudioOutput@@QBEHXZ 100071b8     Qt5Multimedia:Qt5Multimedia.dll
 0002:000001bc       __imp_?bytesFree@QAudioOutput@@QBEHXZ 100071bc     Qt5Multimedia:Qt5Multimedia.dll
 0002:000001c0       __imp_?metaObject@QAudioOutput@@UBEPBUQMetaObject@@XZ 100071c0     Qt5Multimedia:Qt5Multimedia.dll
 0002:000001c4       __imp_?qt_metacall@QAudioOutput@@UAEHW4Call@QMetaObject@@HPAPAX@Z 100071c4     Qt5Multimedia:Qt5Multimedia.dll
 0002:000001c8       \177Qt5Multimedia_NULL_THUNK_DATA 100071c8     Qt5Multimedia:Qt5Multimedia.dll
 0002:000001cc       __imp_??0QGLShaderProgram@@QAE@PAVQObject@@@Z 100071cc     Qt5OpenGL:Qt5OpenGL.dll
 0002:000001d0       __imp_?bindAttributeLocation@QGLShaderProgram@@QAEXPBDH@Z 100071d0     Qt5OpenGL:Qt5OpenGL.dll
 0002:000001d4       __imp_?uniformLocation@QGLShaderProgram@@QBEHPBD@Z 100071d4     Qt5OpenGL:Qt5OpenGL.dll
 0002:000001d8       __imp_?addShaderFromSourceCode@QGLShaderProgram@@QAE_NV?$QFlags@W4ShaderTypeBit@QGLShader@@@@PBD@Z 100071d8     Qt5OpenGL:Qt5OpenGL.dll
 0002:000001dc       __imp_??1QGLShaderProgram@@UAE@XZ 100071dc     Qt5OpenGL:Qt5OpenGL.dll
 0002:000001e0       __imp_?bind@QGLShaderProgram@@QAE_NXZ 100071e0     Qt5OpenGL:Qt5OpenGL.dll
 0002:000001e4       \177Qt5OpenGL_NULL_THUNK_DATA 100071e4     Qt5OpenGL:Qt5OpenGL.dll
 0002:000001e8       __imp_?sizeHint@QWidget@@UBE?AVQSize@@XZ 100071e8     Qt5Widgets:Qt5Widgets.dll
 0002:000001ec       __imp_?setVisible@QWidget@@UAEX_N@Z 100071ec     Qt5Widgets:Qt5Widgets.dll
 0002:000001f0       __imp_?resizeEvent@QOpenGLWidget@@MAEXPAVQResizeEvent@@@Z 100071f0     Qt5Widgets:Qt5Widgets.dll
 0002:000001f4       __imp_?redirected@QOpenGLWidget@@MBEPAVQPaintDevice@@PAVQPoint@@@Z 100071f4     Qt5Widgets:Qt5Widgets.dll
 0002:000001f8       __imp_?paintEvent@QOpenGLWidget@@MAEXPAVQPaintEvent@@@Z 100071f8     Qt5Widgets:Qt5Widgets.dll
 0002:000001fc       __imp_?paintEngine@QOpenGLWidget@@MBEPAVQPaintEngine@@XZ 100071fc     Qt5Widgets:Qt5Widgets.dll
 0002:00000200       __imp_?nativeEvent@QWidget@@MAE_NABVQByteArray@@PAXPAJ@Z 10007200     Qt5Widgets:Qt5Widgets.dll
 0002:00000204       __imp_?moveEvent@QWidget@@MAEXPAVQMoveEvent@@@Z 10007204     Qt5Widgets:Qt5Widgets.dll
 0002:00000208       __imp_?tabletEvent@QWidget@@MAEXPAVQTabletEvent@@@Z 10007208     Qt5Widgets:Qt5Widgets.dll
 0002:0000020c       __imp_?mouseReleaseEvent@QWidget@@MAEXPAVQMouseEvent@@@Z 1000720c     Qt5Widgets:Qt5Widgets.dll
 0002:00000210       __imp_?mousePressEvent@QWidget@@MAEXPAVQMouseEvent@@@Z 10007210     Qt5Widgets:Qt5Widgets.dll
 0002:00000214       __imp_?mouseMoveEvent@QWidget@@MAEXPAVQMouseEvent@@@Z 10007214     Qt5Widgets:Qt5Widgets.dll
 0002:00000218       __imp_?mouseDoubleClickEvent@QWidget@@MAEXPAVQMouseEvent@@@Z 10007218     Qt5Widgets:Qt5Widgets.dll
 0002:0000021c       __imp_?minimumSizeHint@QWidget@@UBE?AVQSize@@XZ 1000721c     Qt5Widgets:Qt5Widgets.dll
 0002:00000220       __imp_?metric@QOpenGLWidget@@MBEHW4PaintDeviceMetric@QPaintDevice@@@Z 10007220     Qt5Widgets:Qt5Widgets.dll
 0002:00000224       __imp_?leaveEvent@QWidget@@MAEXPAVQEvent@@@Z 10007224     Qt5Widgets:Qt5Widgets.dll
 0002:00000228       __imp_?keyReleaseEvent@QWidget@@MAEXPAVQKeyEvent@@@Z 10007228     Qt5Widgets:Qt5Widgets.dll
 0002:0000022c       __imp_?keyPressEvent@QWidget@@MAEXPAVQKeyEvent@@@Z 1000722c     Qt5Widgets:Qt5Widgets.dll
 0002:00000230       __imp_?inputMethodQuery@QWidget@@UBE?AVQVariant@@W4InputMethodQuery@Qt@@@Z 10007230     Qt5Widgets:Qt5Widgets.dll
 0002:00000234       __imp_?inputMethodEvent@QWidget@@MAEXPAVQInputMethodEvent@@@Z 10007234     Qt5Widgets:Qt5Widgets.dll
 0002:00000238       __imp_?sharedPainter@QWidget@@MBEPAVQPainter@@XZ 10007238     Qt5Widgets:Qt5Widgets.dll
 0002:0000023c       __imp_?hideEvent@QWidget@@MAEXPAVQHideEvent@@@Z 1000723c     Qt5Widgets:Qt5Widgets.dll
 0002:00000240       __imp_?heightForWidth@QWidget@@UBEHH@Z 10007240     Qt5Widgets:Qt5Widgets.dll
 0002:00000244       __imp_?hasHeightForWidth@QWidget@@UBE_NXZ 10007244     Qt5Widgets:Qt5Widgets.dll
 0002:00000248       __imp_?focusOutEvent@QWidget@@MAEXPAVQFocusEvent@@@Z 10007248     Qt5Widgets:Qt5Widgets.dll
 0002:0000024c       __imp_?focusNextPrevChild@QWidget@@MAE_N_N@Z 1000724c     Qt5Widgets:Qt5Widgets.dll
 0002:00000250       __imp_?focusInEvent@QWidget@@MAEXPAVQFocusEvent@@@Z 10007250     Qt5Widgets:Qt5Widgets.dll
 0002:00000254       __imp_?event@QOpenGLWidget@@MAE_NPAVQEvent@@@Z 10007254     Qt5Widgets:Qt5Widgets.dll
 0002:00000258       __imp_?enterEvent@QWidget@@MAEXPAVQEvent@@@Z 10007258     Qt5Widgets:Qt5Widgets.dll
 0002:0000025c       __imp_?dropEvent@QWidget@@MAEXPAVQDropEvent@@@Z 1000725c     Qt5Widgets:Qt5Widgets.dll
 0002:00000260       __imp_?dragMoveEvent@QWidget@@MAEXPAVQDragMoveEvent@@@Z 10007260     Qt5Widgets:Qt5Widgets.dll
 0002:00000264       __imp_?dragLeaveEvent@QWidget@@MAEXPAVQDragLeaveEvent@@@Z 10007264     Qt5Widgets:Qt5Widgets.dll
 0002:00000268       __imp_?dragEnterEvent@QWidget@@MAEXPAVQDragEnterEvent@@@Z 10007268     Qt5Widgets:Qt5Widgets.dll
 0002:0000026c       __imp_?devType@QWidget@@UBEHXZ 1000726c     Qt5Widgets:Qt5Widgets.dll
 0002:00000270       __imp_?contextMenuEvent@QWidget@@MAEXPAVQContextMenuEvent@@@Z 10007270     Qt5Widgets:Qt5Widgets.dll
 0002:00000274       __imp_?closeEvent@QWidget@@MAEXPAVQCloseEvent@@@Z 10007274     Qt5Widgets:Qt5Widgets.dll
 0002:00000278       __imp_?changeEvent@QWidget@@MAEXPAVQEvent@@@Z 10007278     Qt5Widgets:Qt5Widgets.dll
 0002:0000027c       __imp_?actionEvent@QWidget@@MAEXPAVQActionEvent@@@Z 1000727c     Qt5Widgets:Qt5Widgets.dll
 0002:00000280       __imp_??1QOpenGLWidget@@UAE@XZ 10007280     Qt5Widgets:Qt5Widgets.dll
 0002:00000284       __imp_??0QOpenGLWidget@@QAE@PAVQWidget@@V?$QFlags@W4WindowType@Qt@@@@@Z 10007284     Qt5Widgets:Qt5Widgets.dll
 0002:00000288       __imp_?update@QWidget@@QAEXXZ 10007288     Qt5Widgets:Qt5Widgets.dll
 0002:0000028c       __imp_?initPainter@QWidget@@MBEXPAVQPainter@@@Z 1000728c     Qt5Widgets:Qt5Widgets.dll
 0002:00000290       __imp_?wheelEvent@QWidget@@MAEXPAVQWheelEvent@@@Z 10007290     Qt5Widgets:Qt5Widgets.dll
 0002:00000294       __imp_?staticMetaObject@QOpenGLWidget@@2UQMetaObject@@B 10007294     Qt5Widgets:Qt5Widgets.dll
 0002:00000298       __imp_?showEvent@QWidget@@MAEXPAVQShowEvent@@@Z 10007298     Qt5Widgets:Qt5Widgets.dll
 0002:0000029c       __imp_?qt_metacast@QOpenGLWidget@@UAEPAXPBD@Z 1000729c     Qt5Widgets:Qt5Widgets.dll
 0002:000002a0       __imp_?qt_metacall@QOpenGLWidget@@UAEHW4Call@QMetaObject@@HPAPAX@Z 100072a0     Qt5Widgets:Qt5Widgets.dll
 0002:000002a4       \177Qt5Widgets_NULL_THUNK_DATA 100072a4     Qt5Widgets:Qt5Widgets.dll
 0002:000002a8       __imp___purecall           100072a8     vcruntime:VCRUNTIME140.dll
 0002:000002ac       __imp____CxxFrameHandler3  100072ac     vcruntime:VCRUNTIME140.dll
 0002:000002b0       __imp____std_terminate     100072b0     vcruntime:VCRUNTIME140.dll
 0002:000002b4       __imp____std_exception_copy 100072b4     vcruntime:VCRUNTIME140.dll
 0002:000002b8       __imp____std_exception_destroy 100072b8     vcruntime:VCRUNTIME140.dll
 0002:000002bc       __imp___CxxThrowException@8 100072bc     vcruntime:VCRUNTIME140.dll
 0002:000002c0       __imp__memset              100072c0     vcruntime:VCRUNTIME140.dll
 0002:000002c4       __imp__memcpy              100072c4     vcruntime:VCRUNTIME140.dll
 0002:000002c8       __imp____current_exception 100072c8     vcruntime:VCRUNTIME140.dll
 0002:000002cc       __imp____current_exception_context 100072cc     vcruntime:VCRUNTIME140.dll
 0002:000002d0       __imp___except_handler4_common 100072d0     vcruntime:VCRUNTIME140.dll
 0002:000002d4       __imp____std_type_info_destroy_list 100072d4     vcruntime:VCRUNTIME140.dll
 0002:000002d8       \177VCRUNTIME140_NULL_THUNK_DATA 100072d8     vcruntime:VCRUNTIME140.dll
 0002:000002dc       __imp__malloc              100072dc     ucrt:api-ms-win-crt-heap-l1-1-0.dll
 0002:000002e0       __imp__free                100072e0     ucrt:api-ms-win-crt-heap-l1-1-0.dll
 0002:000002e4       __imp___callnewh           100072e4     ucrt:api-ms-win-crt-heap-l1-1-0.dll
 0002:000002e8       \177api-ms-win-crt-heap-l1-1-0_NULL_THUNK_DATA 100072e8     ucrt:api-ms-win-crt-heap-l1-1-0.dll
 0002:000002ec       __imp___seh_filter_dll     100072ec     ucrt:api-ms-win-crt-runtime-l1-1-0.dll
 0002:000002f0       __imp___configure_narrow_argv 100072f0     ucrt:api-ms-win-crt-runtime-l1-1-0.dll
 0002:000002f4       __imp___initterm_e         100072f4     ucrt:api-ms-win-crt-runtime-l1-1-0.dll
 0002:000002f8       __imp___initterm           100072f8     ucrt:api-ms-win-crt-runtime-l1-1-0.dll
 0002:000002fc       __imp__terminate           100072fc     ucrt:api-ms-win-crt-runtime-l1-1-0.dll
 0002:00000300       __imp___cexit              10007300     ucrt:api-ms-win-crt-runtime-l1-1-0.dll
 0002:00000304       __imp___crt_atexit         10007304     ucrt:api-ms-win-crt-runtime-l1-1-0.dll
 0002:00000308       __imp___execute_onexit_table 10007308     ucrt:api-ms-win-crt-runtime-l1-1-0.dll
 0002:0000030c       __imp___register_onexit_function 1000730c     ucrt:api-ms-win-crt-runtime-l1-1-0.dll
 0002:00000310       __imp___initialize_onexit_table 10007310     ucrt:api-ms-win-crt-runtime-l1-1-0.dll
 0002:00000314       __imp___initialize_narrow_environment 10007314     ucrt:api-ms-win-crt-runtime-l1-1-0.dll
 0002:00000318       __imp___invalid_parameter_noinfo_noreturn 10007318     ucrt:api-ms-win-crt-runtime-l1-1-0.dll
 0002:0000031c       \177api-ms-win-crt-runtime-l1-1-0_NULL_THUNK_DATA 1000731c     ucrt:api-ms-win-crt-runtime-l1-1-0.dll
 0002:00000320       __imp__av_dict_set         10007320     avutil:ddpkbs00109.o
 0002:00000324       __imp__av_frame_alloc      10007324     avutil:ddpkbs00151.o
 0002:00000328       __imp__av_frame_free       10007328     avutil:ddpkbs00156.o
 0002:0000032c       __imp__av_get_bytes_per_sample 1000732c     avutil:ddpkbs00197.o
 0002:00000330       __imp__av_get_default_channel_layout 10007330     avutil:ddpkbs00206.o
 0002:00000334       __imp__av_strerror         10007334     avutil:ddpkbs00434.o
 0002:0000033c       __imp__av_dump_format      1000733c     avformat:dhclbs00042.o
 0002:00000340       __imp__av_find_best_stream 10007340     avformat:dhclbs00044.o
 0002:00000344       __imp__av_read_frame       10007344     avformat:dhclbs00093.o
 0002:00000348       __imp__av_register_all     10007348     avformat:dhclbs00096.o
 0002:0000034c       __imp__av_seek_frame       1000734c     avformat:dhclbs00100.o
 0002:00000350       __imp__avformat_close_input 10007350     avformat:dhclbs00118.o
 0002:00000354       __imp__avformat_find_stream_info 10007354     avformat:dhclbs00120.o
 0002:00000358       __imp__avformat_flush      10007358     avformat:dhclbs00121.o
 0002:0000035c       __imp__avformat_network_init 1000735c     avformat:dhclbs00132.o
 0002:00000360       __imp__avformat_open_input 10007360     avformat:dhclbs00134.o
 0002:00000368       __imp__swr_alloc_set_opts  10007368     swresample:dkblbs00001.o
 0002:0000036c       __imp__swr_convert         1000736c     swresample:dkblbs00005.o
 0002:00000370       __imp__swr_free            10007370     swresample:dkblbs00009.o
 0002:00000374       __imp__swr_init            10007374     swresample:dkblbs00013.o
 0002:0000037c       __imp__av_packet_alloc     1000737c     avcodec:dvblbs00086.o
 0002:00000380       __imp__av_packet_free      10007380     avcodec:dvblbs00089.o
 0002:00000384       __imp__avcodec_alloc_context3 10007384     avcodec:dvblbs00133.o
 0002:00000388       __imp__avcodec_close       10007388     avcodec:dvblbs00135.o
 0002:0000038c       __imp__avcodec_find_decoder 1000738c     avcodec:dvblbs00159.o
 0002:00000390       __imp__avcodec_flush_buffers 10007390     avcodec:dvblbs00163.o
 0002:00000394       __imp__avcodec_free_context 10007394     avcodec:dvblbs00164.o
 0002:00000398       __imp__avcodec_open2       10007398     avcodec:dvblbs00176.o
 0002:0000039c       __imp__avcodec_parameters_alloc 1000739c     avcodec:dvblbs00177.o
 0002:000003a0       __imp__avcodec_parameters_copy 100073a0     avcodec:dvblbs00178.o
 0002:000003a4       __imp__avcodec_parameters_free 100073a4     avcodec:dvblbs00179.o
 0002:000003a8       __imp__avcodec_parameters_to_context 100073a8     avcodec:dvblbs00181.o
 0002:000003ac       __imp__avcodec_receive_frame 100073ac     avcodec:dvblbs00184.o
 0002:000003b0       __imp__avcodec_send_packet 100073b0     avcodec:dvblbs00189.o
 0002:000003b8       ___guard_check_icall_fptr  100073b8     MSVCRT:guard_support.obj
 0002:000003bc       ___xc_a                    100073bc     MSVCRT:initializers.obj
 0002:000003cc       ___xc_z                    100073cc     MSVCRT:initializers.obj
 0002:000003d0       ___xi_a                    100073d0     MSVCRT:initializers.obj
 0002:000003d8       ___xi_z                    100073d8     MSVCRT:initializers.obj
 0002:000003dc       ___xl_a                    100073dc     MSVCRT:tlssup.obj
 0002:000003e0       ___xl_z                    100073e0     MSVCRT:tlssup.obj
 0002:000003e4       ___xp_a                    100073e4     MSVCRT:initializers.obj
 0002:000003e8       ___xp_z                    100073e8     MSVCRT:initializers.obj
 0002:000003ec       ___xt_a                    100073ec     MSVCRT:initializers.obj
 0002:000003f0       ___xt_z                    100073f0     MSVCRT:initializers.obj
 0002:00000408       ??_7TPAudioDevice@@6B@     10007408     TPAudioDevice.obj
 0002:0000042c       ??_SQAudioOutput@@6B@      1000742c     TPAudioDevice.obj
 0002:0000045c       ??_7CXAudioPlay@@6B@       1000745c     TPAudioDevice.obj
 0002:0000047c       ??_C@_09JJCFBMHP@audio?1pcm@ 1000747c     TPAudioDevice.obj
 0002:00000488       __real@408f400000000000    10007488     TPAudioDevice.obj
 0002:00000498       ??_7TPAudioThread@@6B@     10007498     TPAudioThread.obj
 0002:000004dc       ??_C@_0BH@ECICAJFC@XResample?5open?5failed?$CB@ 100074dc     TPAudioThread.obj
 0002:000004f4       ??_C@_0BI@NJAJONDD@XAudioPlay?5open?5failed?$CB@ 100074f4     TPAudioThread.obj
 0002:0000050c       ??_C@_0BL@IAIIAJJJ@audio?5XDecode?5open?5failed?$CB@ 1000750c     TPAudioThread.obj
 0002:00000528       ??_C@_0BF@GCJODPKM@XAudioThread?3?3Open?5?3@ 10007528     TPAudioThread.obj
 0002:00000544       ??_7exception@std@@6B@     10007544     TPComDecodeThread.obj
 0002:0000054c       ??_C@_0BC@EOODALEL@Unknown?5exception@ 1000754c     TPComDecodeThread.obj
 0002:00000564       ??_7bad_alloc@std@@6B@     10007564     TPComDecodeThread.obj
 0002:00000570       ??_7bad_array_new_length@std@@6B@ 10007570     TPComDecodeThread.obj
 0002:00000578       ??_C@_0BF@KINCDENJ@bad?5array?5new?5length@ 10007578     TPComDecodeThread.obj
 0002:00000594       ??_7TPComDecodeThread@@6B@ 10007594     TPComDecodeThread.obj
 0002:000005d4       ??_C@_0O@NKNMEGII@list?5too?5long@ 100075d4     TPComDecodeThread.obj
 0002:000005e8       ??_7ITPCoreFramework@@6B@  100075e8     TPCoreFramework.obj
 0002:0000060c       ??_7TPCoreFramework@@6BQObject@@@ 1000760c     TPCoreFramework.obj
 0002:0000063c       ??_7TPCoreFramework@@6BITPCoreFramework@@@ 1000763c     TPCoreFramework.obj
 0002:00000664       ??_7TPDecoder@@6B@         10007664     TPDecoder.obj
 0002:0000067c       ??_C@_0BJ@JOGBHEPI@can?8t?5find?5the?5codec?5id?5@ 1000767c     TPDecoder.obj
 0002:00000698       ??_C@_0BC@CMJGDJIH@find?5the?5AVCodec?5@ 10007698     TPDecoder.obj
 0002:000006ac       ??_C@_0BJ@BPHEFJAC@avcodec_open2?5?5failed?$CB?5?3@ 100076ac     TPDecoder.obj
 0002:000006c8       ??_C@_0BI@PBDLAPPH@?5avcodec_open2?5success?$CB@ 100076c8     TPDecoder.obj
 0002:000006e8       ??_7TPDemuxThread@@6B@     100076e8     TPDemuxThread.obj
 0002:0000072c       ??_C@_0BJ@FDKOKKHN@demux?9?$DOOpen?$CIurl?$CJ?5failed?$CB@ 1000772c     TPDemuxThread.obj
 0002:00000748       ??_C@_0BB@LPGPMHOM@vt?9?$DOOpen?5failed?$CB@ 10007748     TPDemuxThread.obj
 0002:0000075c       ??_C@_0BB@IIKMCCNK@at?9?$DOOpen?5failed?$CB@ 1000775c     TPDemuxThread.obj
 0002:00000770       ??_C@_0BE@GKNHICJC@XDemuxThread?3?3Open?5@ 10007770     TPDemuxThread.obj
 0002:0000078c       ??_7TPDemuxer@@6B@         1000778c     TPDemuxer.obj
 0002:000007b4       ??_C@_03FPEIBLKH@tcp@      100077b4     TPDemuxer.obj
 0002:000007b8       ??_C@_0P@FADPDCDC@rtsp_transport@ 100077b8     TPDemuxer.obj
 0002:000007c8       ??_C@_03OCGDPLBD@500@      100077c8     TPDemuxer.obj
 0002:000007cc       ??_C@_09NNPDAALH@max_delay@ 100077cc     TPDemuxer.obj
 0002:000007d8       ??_C@_0L@DHFGKCLD@?5failed?$CB?5?3@ 100077d8     TPDemuxer.obj
 0002:000007e4       ??_C@_05JFHIMGKF@open?5@   100077e4     TPDemuxer.obj
 0002:000007ec       ??_C@_0L@GCFOILBE@?5success?$CB?5@ 100077ec     TPDemuxer.obj
 0002:000007f8       ??_C@_0L@BDMGFKAA@totalMs?5?$DN?5@ 100077f8     TPDemuxer.obj
 0002:00000804       ??_C@_0DI@PBDOEOKI@?$DN?$DN?$DN?$DN?$DN?$DN?$DN?$DN?$DN?$DN?$DN?$DN?$DN?$DN?$DN?$DN?$DN?$DN?$DN?$DN?$DN?$DN?$DN?$DN?$DN?$DN?$DN?$DN?$DN?$DN?$DN@ 10007804     TPDemuxer.obj
 0002:0000083c       ??_C@_08JHODFFHE@?J?S?F?$LF?P?E?O?$KC@ 1000783c     TPDemuxer.obj
 0002:00000848       ??_C@_0M@HIHMJDB@codec_id?5?$DN?5@ 10007848     TPDemuxer.obj
 0002:00000854       ??_C@_09JBLNHBKM@format?5?$DN?5@ 10007854     TPDemuxer.obj
 0002:00000860       ??_C@_06MAGEKENG@width?$DN@ 10007860     TPDemuxer.obj
 0002:00000868       ??_C@_07IDDGFKML@height?$DN@ 10007868     TPDemuxer.obj
 0002:00000870       ??_C@_0N@LGDNFJEO@video?5fps?5?$DN?5@ 10007870     TPDemuxer.obj
 0002:00000880       ??_C@_08HDEINOFC@?R?t?F?$LF?P?E?O?$KC@ 10007880     TPDemuxer.obj
 0002:0000088c       ??_C@_0P@JIHBMHCD@sample_rate?5?$DN?5@ 1000788c     TPDemuxer.obj
 0002:0000089c       ??_C@_0M@FPNLLMMH@channels?5?$DN?5@ 1000789c     TPDemuxer.obj
 0002:000008a8       ??_C@_0O@OMPOIFCD@frame_size?5?$DN?5@ 100078a8     TPDemuxer.obj
 0002:000008bc       ??_7TPMuxer@@6B@           100078bc     TPMuxer.obj
 0002:000008f0       ??_7TPResampler@@6B@       100078f0     TPResampler.obj
 0002:000008fc       ??_C@_0BE@EKDGOHIG@swr_init?5?5failed?$CB?5?3@ 100078fc     TPResampler.obj
 0002:00000918       ??_7TPVideoThread@@6B@     10007918     TPVideoThread.obj
 0002:00000968       ??_C@_0JA@LHANAPDI@attribute?5vec4?5vertexIn?$DL?5attrib@ 10007968     TPVideoWidget.obj
 0002:000009f8       ??_C@_0BIA@CAOPPAHK@varying?5vec2?5textureOut?$DL?5unifor@ 100079f8     TPVideoWidget.obj
 0002:00000b7c       ??_7ITPVideoWidget@@6B@    10007b7c     TPVideoWidget.obj
 0002:00000b8c       ??_7TPVideoWidget@@6BQObject@@@ 10007b8c     TPVideoWidget.obj
 0002:00000c50       ??_7TPVideoWidget@@6BQPaintDevice@@@ 10007c50     TPVideoWidget.obj
 0002:00000c70       ??_7TPVideoWidget@@6B@     10007c70     TPVideoWidget.obj
 0002:00000cbc       ??_C@_0DC@CFMJOOKE@void?5__thiscall?5TPVideoWidget?3?3@ 10007cbc     TPVideoWidget.obj
 0002:00000cf0       ??_C@_0DE@KMFLIMJC@?4?4?2?4?4?2torchPlayer?2TPCoreFramewo@ 10007cf0     TPVideoWidget.obj
 0002:00000d24       ??_C@_0N@HFFKNAEI@initializeGL@ 10007d24     TPVideoWidget.obj
 0002:00000d34       ??_C@_08JCGMPBCM@vertexIn@ 10007d34     TPVideoWidget.obj
 0002:00000d40       ??_C@_09MCIBNABH@textureIn@ 10007d40     TPVideoWidget.obj
 0002:00000d4c       ??_C@_0BC@HMADKJOI@program?4link?$CI?$CJ?5?$DN?5@ 10007d4c     TPVideoWidget.obj
 0002:00000d60       ??_C@_0BC@JEICOJLC@program?4bind?$CI?$CJ?5?$DN?5@ 10007d60     TPVideoWidget.obj
 0002:00000d74       ??_C@_05LIMKMKPH@tex_y@    10007d74     TPVideoWidget.obj
 0002:00000d7c       ??_C@_05BEHPIFPL@tex_u@    10007d7c     TPVideoWidget.obj
 0002:00000d84       ??_C@_05DPFCNGDI@tex_v@    10007d84     TPVideoWidget.obj
 0002:00000d8c       ??_C@_0DB@NKFOPCGD@void?5__thiscall?5TPVideoWidget?3?3@ 10007d8c     TPVideoWidget.obj
 0002:00000dc0       ??_C@_09NFGAHPJK@resizeGL?5@ 10007dc0     TPVideoWidget.obj
 0002:00000dcc       ??_C@_01JLIPDDHJ@?3@       10007dcc     TPVideoWidget.obj
 0002:00000e10       ??_C@_0BB@HPJLCNGP@ITPCoreFramework@ 10007e10     moc_TPCoreFramework.obj
 0002:00000ea4       ??_C@_0BB@EOILPEDE@QOpenGLFunctions@ 10007ea4     moc_TPVideoWidget.obj
 0002:00000eb8       ??_C@_0P@JKOBEEPP@ITPVideoWidget@ 10007eb8     moc_TPVideoWidget.obj
 0002:00000ec8       ??_C@_1EC@JIJBPKFM@?$AAa?$AAp?$AAi?$AA?9?$AAm?$AAs?$AA?9?$AAw?$AAi?$AAn?$AA?9?$AAc?$AAo?$AAr?$AAe@ 10007ec8     MSVCRT:thread_safe_statics.obj
 0002:00000f0c       ??_C@_1BK@MGMFAEKH@?$AAk?$AAe?$AAr?$AAn?$AAe?$AAl?$AA3?$AA2?$AA?4?$AAd?$AAl?$AAl@ 10007f0c     MSVCRT:thread_safe_statics.obj
 0002:00000f28       ??_C@_0BJ@JEBJOJFJ@SleepConditionVariableCS@ 10007f28     MSVCRT:thread_safe_statics.obj
 0002:00000f44       ??_C@_0BJ@PGPPEPCC@WakeAllConditionVariable@ 10007f44     MSVCRT:thread_safe_statics.obj
 0002:00000f7c       ??_7type_info@@6B@         10007f7c     MSVCRT:std_type_info_static.obj
 0002:00000f80       __pDefaultRawDllMain       10007f80     MSVCRT:dll_dllmain.obj
 0002:00000f80       __pRawDllMain              10007f80     MSVCRT:dll_dllmain.obj
 0002:00000f84       ??_C@_0P@GHFPNOJB@bad?5allocation@ 10007f84     MSVCRT:throw_bad_alloc.obj
 0002:00000ff0       __load_config_used         10007ff0     MSVCRT:loadcfg.obj
 0002:000010c0       __tls_used                 100080c0     MSVCRT:tlssup.obj
 0002:000010d8       ??_R4TPAudioDevice@@6B@    100080d8     TPAudioDevice.obj
 0002:000010ec       ??_R3TPAudioDevice@@8      100080ec     TPAudioDevice.obj
 0002:000010fc       ??_R2TPAudioDevice@@8      100080fc     TPAudioDevice.obj
 0002:00001104       ??_R1A@?0A@EA@TPAudioDevice@@8 10008104     TPAudioDevice.obj
 0002:00001120       ??_R4QAudioOutput@@6B@     10008120     TPAudioDevice.obj
 0002:00001134       ??_R3QAudioOutput@@8       10008134     TPAudioDevice.obj
 0002:00001144       ??_R2QAudioOutput@@8       10008144     TPAudioDevice.obj
 0002:00001150       ??_R1A@?0A@EA@QAudioOutput@@8 10008150     TPAudioDevice.obj
 0002:0000116c       ??_R1A@?0A@EA@QObject@@8   1000816c     TPAudioDevice.obj
 0002:00001188       ??_R3QObject@@8            10008188     TPAudioDevice.obj
 0002:00001198       ??_R2QObject@@8            10008198     TPAudioDevice.obj
 0002:000011a0       ??_R4CXAudioPlay@@6B@      100081a0     TPAudioDevice.obj
 0002:000011b4       ??_R3CXAudioPlay@@8        100081b4     TPAudioDevice.obj
 0002:000011c4       ??_R2CXAudioPlay@@8        100081c4     TPAudioDevice.obj
 0002:000011d0       ??_R1A@?0A@EA@CXAudioPlay@@8 100081d0     TPAudioDevice.obj
 0002:000011ec       ??_R4TPAudioThread@@6B@    100081ec     TPAudioThread.obj
 0002:00001200       ??_R3TPAudioThread@@8      10008200     TPAudioThread.obj
 0002:00001210       ??_R2TPAudioThread@@8      10008210     TPAudioThread.obj
 0002:00001224       ??_R1A@?0A@EA@TPAudioThread@@8 10008224     TPAudioThread.obj
 0002:00001240       ??_R1A@?0A@EA@TPComDecodeThread@@8 10008240     TPAudioThread.obj
 0002:0000125c       ??_R3TPComDecodeThread@@8  1000825c     TPAudioThread.obj
 0002:0000126c       ??_R2TPComDecodeThread@@8  1000826c     TPAudioThread.obj
 0002:0000127c       ??_R1A@?0A@EA@QThread@@8   1000827c     TPAudioThread.obj
 0002:00001298       ??_R3QThread@@8            10008298     TPAudioThread.obj
 0002:000012a8       ??_R2QThread@@8            100082a8     TPAudioThread.obj
 0002:000012b4       ??_R4exception@std@@6B@    100082b4     TPComDecodeThread.obj
 0002:000012c8       ??_R3exception@std@@8      100082c8     TPComDecodeThread.obj
 0002:000012d8       ??_R2exception@std@@8      100082d8     TPComDecodeThread.obj
 0002:000012e0       ??_R1A@?0A@EA@exception@std@@8 100082e0     TPComDecodeThread.obj
 0002:000012fc       ??_R4bad_alloc@std@@6B@    100082fc     TPComDecodeThread.obj
 0002:00001310       ??_R3bad_alloc@std@@8      10008310     TPComDecodeThread.obj
 0002:00001320       ??_R2bad_alloc@std@@8      10008320     TPComDecodeThread.obj
 0002:0000132c       ??_R1A@?0A@EA@bad_alloc@std@@8 1000832c     TPComDecodeThread.obj
 0002:00001348       ??_R4bad_array_new_length@std@@6B@ 10008348     TPComDecodeThread.obj
 0002:0000135c       ??_R3bad_array_new_length@std@@8 1000835c     TPComDecodeThread.obj
 0002:0000136c       ??_R2bad_array_new_length@std@@8 1000836c     TPComDecodeThread.obj
 0002:0000137c       ??_R1A@?0A@EA@bad_array_new_length@std@@8 1000837c     TPComDecodeThread.obj
 0002:00001398       ??_R4TPComDecodeThread@@6B@ 10008398     TPComDecodeThread.obj
 0002:000013ac       ??_R4ITPCoreFramework@@6B@ 100083ac     TPCoreFramework.obj
 0002:000013c0       ??_R3ITPCoreFramework@@8   100083c0     TPCoreFramework.obj
 0002:000013d0       ??_R2ITPCoreFramework@@8   100083d0     TPCoreFramework.obj
 0002:000013d8       ??_R1A@?0A@EA@ITPCoreFramework@@8 100083d8     TPCoreFramework.obj
 0002:000013f4       ??_R4TPCoreFramework@@6BQObject@@@ 100083f4     TPCoreFramework.obj
 0002:00001408       ??_R3TPCoreFramework@@8    10008408     TPCoreFramework.obj
 0002:00001418       ??_R2TPCoreFramework@@8    10008418     TPCoreFramework.obj
 0002:00001428       ??_R1A@?0A@EA@TPCoreFramework@@8 10008428     TPCoreFramework.obj
 0002:00001444       ??_R17?0A@EA@ITPCoreFramework@@8 10008444     TPCoreFramework.obj
 0002:00001460       ??_R4TPCoreFramework@@6BITPCoreFramework@@@ 10008460     TPCoreFramework.obj
 0002:00001474       ??_R4TPDecoder@@6B@        10008474     TPDecoder.obj
 0002:00001488       ??_R3TPDecoder@@8          10008488     TPDecoder.obj
 0002:00001498       ??_R2TPDecoder@@8          10008498     TPDecoder.obj
 0002:000014a0       ??_R1A@?0A@EA@TPDecoder@@8 100084a0     TPDecoder.obj
 0002:000014bc       ??_R4TPDemuxThread@@6B@    100084bc     TPDemuxThread.obj
 0002:000014d0       ??_R3TPDemuxThread@@8      100084d0     TPDemuxThread.obj
 0002:000014e0       ??_R2TPDemuxThread@@8      100084e0     TPDemuxThread.obj
 0002:000014f0       ??_R1A@?0A@EA@TPDemuxThread@@8 100084f0     TPDemuxThread.obj
 0002:0000150c       ??_R4TPDemuxer@@6B@        1000850c     TPDemuxer.obj
 0002:00001520       ??_R3TPDemuxer@@8          10008520     TPDemuxer.obj
 0002:00001530       ??_R2TPDemuxer@@8          10008530     TPDemuxer.obj
 0002:00001538       ??_R1A@?0A@EA@TPDemuxer@@8 10008538     TPDemuxer.obj
 0002:00001554       ??_R4TPMuxer@@6B@          10008554     TPMuxer.obj
 0002:00001568       ??_R3TPMuxer@@8            10008568     TPMuxer.obj
 0002:00001578       ??_R2TPMuxer@@8            10008578     TPMuxer.obj
 0002:00001584       ??_R1A@?0A@EA@TPMuxer@@8   10008584     TPMuxer.obj
 0002:000015a0       ??_R4TPResampler@@6B@      100085a0     TPResampler.obj
 0002:000015b4       ??_R3TPResampler@@8        100085b4     TPResampler.obj
 0002:000015c4       ??_R2TPResampler@@8        100085c4     TPResampler.obj
 0002:000015cc       ??_R1A@?0A@EA@TPResampler@@8 100085cc     TPResampler.obj
 0002:000015e8       ??_R4TPVideoThread@@6B@    100085e8     TPVideoThread.obj
 0002:000015fc       ??_R3TPVideoThread@@8      100085fc     TPVideoThread.obj
 0002:0000160c       ??_R2TPVideoThread@@8      1000860c     TPVideoThread.obj
 0002:00001620       ??_R1A@?0A@EA@TPVideoThread@@8 10008620     TPVideoThread.obj
 0002:0000163c       ??_R4ITPVideoWidget@@6B@   1000863c     TPVideoWidget.obj
 0002:00001650       ??_R3ITPVideoWidget@@8     10008650     TPVideoWidget.obj
 0002:00001660       ??_R2ITPVideoWidget@@8     10008660     TPVideoWidget.obj
 0002:00001668       ??_R1A@?0A@EA@ITPVideoWidget@@8 10008668     TPVideoWidget.obj
 0002:00001684       ??_R4TPVideoWidget@@6BQObject@@@ 10008684     TPVideoWidget.obj
 0002:00001698       ??_R3TPVideoWidget@@8      10008698     TPVideoWidget.obj
 0002:000016a8       ??_R2TPVideoWidget@@8      100086a8     TPVideoWidget.obj
 0002:000016c8       ??_R1A@?0A@EA@TPVideoWidget@@8 100086c8     TPVideoWidget.obj
 0002:000016e4       ??_R1A@?0A@EA@QOpenGLWidget@@8 100086e4     TPVideoWidget.obj
 0002:00001700       ??_R3QOpenGLWidget@@8      10008700     TPVideoWidget.obj
 0002:00001710       ??_R2QOpenGLWidget@@8      10008710     TPVideoWidget.obj
 0002:00001724       ??_R1A@?0A@EA@QWidget@@8   10008724     TPVideoWidget.obj
 0002:00001740       ??_R3QWidget@@8            10008740     TPVideoWidget.obj
 0002:00001750       ??_R2QWidget@@8            10008750     TPVideoWidget.obj
 0002:00001760       ??_R17?0A@EA@QPaintDevice@@8 10008760     TPVideoWidget.obj
 0002:0000177c       ??_R3QPaintDevice@@8       1000877c     TPVideoWidget.obj
 0002:0000178c       ??_R2QPaintDevice@@8       1000878c     TPVideoWidget.obj
 0002:00001794       ??_R1A@?0A@EA@QPaintDevice@@8 10008794     TPVideoWidget.obj
 0002:000017b0       ??_R1BM@?0A@EN@QOpenGLFunctions@@8 100087b0     TPVideoWidget.obj
 0002:000017cc       ??_R3QOpenGLFunctions@@8   100087cc     TPVideoWidget.obj
 0002:000017dc       ??_R2QOpenGLFunctions@@8   100087dc     TPVideoWidget.obj
 0002:000017e4       ??_R1A@?0A@EA@QOpenGLFunctions@@8 100087e4     TPVideoWidget.obj
 0002:00001800       ??_R1BI@?0A@EA@ITPVideoWidget@@8 10008800     TPVideoWidget.obj
 0002:0000181c       ??_R4TPVideoWidget@@6BQPaintDevice@@@ 1000881c     TPVideoWidget.obj
 0002:00001830       ??_R4TPVideoWidget@@6B@    10008830     TPVideoWidget.obj
 0002:00001844       ??_R4type_info@@6B@        10008844     MSVCRT:std_type_info_static.obj
 0002:00001858       ??_R3type_info@@8          10008858     MSVCRT:std_type_info_static.obj
 0002:00001868       ??_R2type_info@@8          10008868     MSVCRT:std_type_info_static.obj
 0002:00001870       ??_R1A@?0A@EA@type_info@@8 10008870     MSVCRT:std_type_info_static.obj
 0002:0000188c       ___volatile_metadata       1000888c     <linker-defined>
 0002:00001c60       ___rtc_iaa                 10008c60     MSVCRT:initsect.obj
 0002:00001c64       ___rtc_izz                 10008c64     MSVCRT:initsect.obj
 0002:00001c68       ___rtc_taa                 10008c68     MSVCRT:initsect.obj
 0002:00001c6c       ___rtc_tzz                 10008c6c     MSVCRT:initsect.obj
 0002:00001c70       __tls_start                10008c70     MSVCRT:tlssup.obj
 0002:00001c74       __Init_thread_epoch        10008c74     MSVCRT:thread_safe_statics.obj
 0002:00001c78       __tls_end                  10008c78     MSVCRT:tlssup.obj
 0002:00001e54       __TI3?AVbad_array_new_length@std@@ 10008e54     TPComDecodeThread.obj
 0002:00001e64       __CTA3?AVbad_array_new_length@std@@ 10008e64     TPComDecodeThread.obj
 0002:00001e74       __CT??_R0?AVbad_array_new_length@std@@@8??0bad_array_new_length@std@@QAE@ABV01@@Z12 10008e74     TPComDecodeThread.obj
 0002:00001e90       __CT??_R0?AVbad_alloc@std@@@8??0bad_alloc@std@@QAE@ABV01@@Z12 10008e90     TPComDecodeThread.obj
 0002:00001eac       __CT??_R0?AVexception@std@@@8??0exception@std@@QAE@ABV01@@Z12 10008eac     TPComDecodeThread.obj
 0002:0000214c       __TI2?AVbad_alloc@std@@    1000914c     MSVCRT:throw_bad_alloc.obj
 0002:0000215c       __CTA2?AVbad_alloc@std@@   1000915c     MSVCRT:throw_bad_alloc.obj
 0002:00002814       __head_libavformat_avformat_lib 10009814     avformat:dhclbh.o
 0002:00002828       __head_libavutil_avutil_lib 10009828     avutil:ddpkbh.o
 0002:0000283c       __head_libavcodec_avcodec_lib 1000983c     avcodec:dvblbh.o
 0002:00002850       __head_libswresample_swresample_lib 10009850     swresample:dkblbh.o
 0002:00002864       __IMPORT_DESCRIPTOR_Qt5OpenGL 10009864     Qt5OpenGL:Qt5OpenGL.dll
 0002:00002878       __IMPORT_DESCRIPTOR_Qt5Widgets 10009878     Qt5Widgets:Qt5Widgets.dll
 0002:0000288c       __IMPORT_DESCRIPTOR_Qt5Multimedia 1000988c     Qt5Multimedia:Qt5Multimedia.dll
 0002:000028a0       __IMPORT_DESCRIPTOR_Qt5Gui 100098a0     Qt5Gui:Qt5Gui.dll
 0002:000028b4       __IMPORT_DESCRIPTOR_Qt5Core 100098b4     Qt5Core:Qt5Core.dll
 0002:000028c8       __IMPORT_DESCRIPTOR_MSVCP140 100098c8     msvcprt:MSVCP140.dll
 0002:000028dc       __IMPORT_DESCRIPTOR_KERNEL32 100098dc     kernel32:KERNEL32.dll
 0002:000028f0       __IMPORT_DESCRIPTOR_VCRUNTIME140 100098f0     vcruntime:VCRUNTIME140.dll
 0002:00002904       __IMPORT_DESCRIPTOR_api-ms-win-crt-runtime-l1-1-0 10009904     ucrt:api-ms-win-crt-runtime-l1-1-0.dll
 0002:00002918       __IMPORT_DESCRIPTOR_api-ms-win-crt-heap-l1-1-0 10009918     ucrt:api-ms-win-crt-heap-l1-1-0.dll
 0002:0000292c       __NULL_IMPORT_DESCRIPTOR   1000992c     Qt5OpenGL:Qt5OpenGL.dll
 0002:00004da0       __libavformat_avformat_lib_iname 1000bda0     avformat:dhclbt.o
 0002:00004dc8       __libavutil_avutil_lib_iname 1000bdc8     avutil:ddpkbt.o
 0002:00004e10       __libavcodec_avcodec_lib_iname 1000be10     avcodec:dvblbt.o
 0002:00004e30       __libswresample_swresample_lib_iname 1000be30     swresample:dkblbt.o
 0003:0000004c       ?vString@@3PBDB            1000c04c     TPVideoWidget.obj
 0003:00000050       ?tString@@3PBDB            1000c050     TPVideoWidget.obj
 0003:00000074       ?staticMetaObject@TPCoreFramework@@2UQMetaObject@@B 1000c074     moc_TPCoreFramework.obj
 0003:000000a4       ?staticMetaObject@TPMuxer@@2UQMetaObject@@B 1000c0a4     moc_TPMuxer.obj
 0003:000000dc       ?staticMetaObject@TPVideoWidget@@2UQMetaObject@@B 1000c0dc     moc_TPVideoWidget.obj
 0003:000000f4       ___scrt_native_dllmain_reason 1000c0f4     MSVCRT:utility.obj
 0003:000000f8       __Init_global_epoch        1000c0f8     MSVCRT:thread_safe_statics.obj
[...]
 0002:00001c80       __unwindtable$?Open@CXAudioPlay@@UAE_NXZ 10008c80     TPAudioDevice.obj
 0002:00001c98       __ehfuncinfo$?Open@CXAudioPlay@@UAE_NXZ 10008c98     TPAudioDevice.obj
 0002:00001cbc       __unwindtable$??0TPAudioThread@@QAE@XZ 10008cbc     TPAudioThread.obj
 0002:00001cd4       __ehfuncinfo$??0TPAudioThread@@QAE@XZ 10008cd4     TPAudioThread.obj
 0002:00001cf8       __unwindtable$??1sentry@?$basic_ostream@DU?$char_traits@D@std@@@std@@QAE@XZ 10008cf8     TPAudioThread.obj
 0002:00001cf8       __unwindtable$??_GTPAudioThread@@UAEPAXI@Z 10008cf8     TPAudioThread.obj
 0002:00001cf8       __unwindtable$??_GTPComDecodeThread@@UAEPAXI@Z 10008cf8     TPComDecodeThread.obj
 0002:00001cf8       __unwindtable$??_GTPDemuxThread@@UAEPAXI@Z 10008cf8     TPDemuxThread.obj
 0002:00001d00       __ehfuncinfo$??1sentry@?$basic_ostream@DU?$char_traits@D@std@@@std@@QAE@XZ 10008d00     TPAudioThread.obj
 0002:00001d00       __ehfuncinfo$??_GTPAudioThread@@UAEPAXI@Z 10008d00     TPAudioThread.obj
 0002:00001d00       __ehfuncinfo$??_GTPComDecodeThread@@UAEPAXI@Z 10008d00     TPComDecodeThread.obj
 0002:00001d00       __ehfuncinfo$??_GTPDemuxThread@@UAEPAXI@Z 10008d00     TPDemuxThread.obj
 0002:00001d24       __catchsym$??$?6U?$char_traits@D@std@@@std@@YAAAV?$basic_ostream@DU?$char_traits@D@std@@@0@AAV10@PBD@Z$5 10008d24     TPAudioThread.obj
 0002:00001d34       __tryblocktable$??$?6U?$char_traits@D@std@@@std@@YAAAV?$basic_ostream@DU?$char_traits@D@std@@@0@AAV10@PBD@Z 10008d34     TPAudioThread.obj
 0002:00001d48       __ehfuncinfo$??$?6U?$char_traits@D@std@@@std@@YAAAV?$basic_ostream@DU?$char_traits@D@std@@@0@AAV10@PBD@Z 10008d48     TPAudioThread.obj
 0002:00001d6c       __unwindtable$??$?6U?$char_traits@D@std@@@std@@YAAAV?$basic_ostream@DU?$char_traits@D@std@@@0@AAV10@PBD@Z 10008d6c     TPAudioThread.obj
 0002:00001d94       __ehfuncinfo$??1_Sentry_base@?$basic_ostream@DU?$char_traits@D@std@@@std@@QAE@XZ 10008d94     TPAudioThread.obj
 0002:00001d94       __ehfuncinfo$??1TPComDecodeThread@@UAE@XZ 10008d94     TPComDecodeThread.obj
 0002:00001d94       __ehfuncinfo$??_ETPCoreFramework@@UAEPAXI@Z 10008d94     TPCoreFramework.obj
 0002:00001d94       __ehfuncinfo$??1TPDemuxThread@@UAE@XZ 10008d94     TPDemuxThread.obj
 0002:00001d94       __ehfuncinfo$??_ETPMuxer@@UAEPAXI@Z 10008d94     TPMuxer.obj
 0002:00001db8       __unwindtable$??0sentry@?$basic_ostream@DU?$char_traits@D@std@@@std@@QAE@AAV12@@Z 10008db8     TPAudioThread.obj
 0002:00001dc0       __ehfuncinfo$??0sentry@?$basic_ostream@DU?$char_traits@D@std@@@std@@QAE@AAV12@@Z 10008dc0     TPAudioThread.obj
 0002:00001de4       __unwindtable$??0TPComDecodeThread@@QAE@XZ 10008de4     TPComDecodeThread.obj
 0002:00001e04       __ehfuncinfo$??0TPComDecodeThread@@QAE@XZ 10008e04     TPComDecodeThread.obj
 0002:00001e28       __unwindtable$?Push@TPComDecodeThread@@UAEXPAUAVPacket@@@Z 10008e28     TPComDecodeThread.obj
 0002:00001e30       __ehfuncinfo$?Push@TPComDecodeThread@@UAEXPAUAVPacket@@@Z 10008e30     TPComDecodeThread.obj
 0002:00001ec8       __unwindtable$??0TPCoreFramework@@QAE@PAVQObject@@@Z 10008ec8     TPCoreFramework.obj
 0002:00001ec8       __unwindtable$??_FTPCoreFramework@@QAEXXZ 10008ec8     TPCoreFramework.obj
 0002:00001ed0       __ehfuncinfo$??0TPCoreFramework@@QAE@PAVQObject@@@Z 10008ed0     TPCoreFramework.obj
 0002:00001ed0       __ehfuncinfo$??_FTPCoreFramework@@QAEXXZ 10008ed0     TPCoreFramework.obj
 0002:00001ef4       __unwindtable$?openVideo@TPCoreFramework@@UAE_NVQString@@PAVITPVideoWidget@@@Z 10008ef4     TPCoreFramework.obj
 0002:00001f04       __ehfuncinfo$?openVideo@TPCoreFramework@@UAE_NVQString@@PAVITPVideoWidget@@@Z 10008f04     TPCoreFramework.obj
 0002:00001f28       __unwindtable$?Open@TPDemuxThread@@UAE_NPBDPAVITPVideoWidget@@@Z 10008f28     TPDemuxThread.obj
 0002:00001f40       __ehfuncinfo$?Open@TPDemuxThread@@UAE_NPBDPAVITPVideoWidget@@@Z 10008f40     TPDemuxThread.obj
 0002:00001f64       __unwindtable$?StartWork@TPDemuxThread@@UAEXXZ 10008f64     TPDemuxThread.obj
 0002:00001f7c       __ehfuncinfo$?StartWork@TPDemuxThread@@UAEXXZ 10008f7c     TPDemuxThread.obj
 0002:00001fa0       __unwindtable$??0TPDemuxer@@QAE@XZ 10008fa0     TPDemuxer.obj
 0002:00001fa8       __ehfuncinfo$??0TPDemuxer@@QAE@XZ 10008fa8     TPDemuxer.obj
 0002:00001fcc       __unwindtable$?getInstance@TPVideoWidget@@SAPAVITPVideoWidget@@XZ 10008fcc     TPVideoWidget.obj
 0002:00001fec       __ehfuncinfo$?getInstance@TPVideoWidget@@SAPAVITPVideoWidget@@XZ 10008fec     TPVideoWidget.obj
 0002:00002010       __ehfuncinfo$?initializeGL@TPVideoWidget@@MAEXXZ 10009010     TPVideoWidget.obj
 0002:00002034       __unwindtable$?initializeGL@TPVideoWidget@@MAEXXZ 10009034     TPVideoWidget.obj
 0002:0000205c       __unwindtable$?resizeGL@TPVideoWidget@@MAEXHH@Z 1000905c     TPVideoWidget.obj
 0002:00002064       __ehfuncinfo$?resizeGL@TPVideoWidget@@MAEXHH@Z 10009064     TPVideoWidget.obj
 0002:00002088       __sehtable$___scrt_is_nonwritable_in_current_image 10009088     MSVCRT:utility.obj
 0002:000020a8       __sehtable$??_M@YGXPAXIIP6EX0@Z@Z 100090a8     MSVCRT:ehvecdtr.obj
 0002:000020c8       __sehtable$?__ArrayUnwind@@YGXPAXIIP6EX0@Z@Z 100090c8     MSVCRT:ehvecdtr.obj
 0002:000020e8       __sehtable$?dllmain_crt_process_attach@@YAHQAUHINSTANCE__@@QAX@Z 100090e8     MSVCRT:dll_dllmain.obj
 0002:00002108       __sehtable$?dllmain_crt_process_detach@@YAH_N@Z 10009108     MSVCRT:dll_dllmain.obj
 0002:00002130       __sehtable$?dllmain_dispatch@@YAHQAUHINSTANCE__@@KQAX@Z 10009130     MSVCRT:dll_dllmain.obj
 0002:00002170       .edata                     10009170     TPFramework.exp
 0002:00002198       rgpv                       10009198     TPFramework.exp
 0002:00002218       rgszName                   10009218     TPFramework.exp
 0002:00002298       rgwOrd                     10009298     TPFramework.exp
 0002:000022d8       szName                     100092d8     TPFramework.exp
 0002:000022e8       $N00001                    100092e8     TPFramework.exp
 0002:0000230f       $N00002                    1000930f     TPFramework.exp
 0002:0000232e       $N00003                    1000932e     TPFramework.exp
 0002:00002349       $N00004                    10009349     TPFramework.exp
 0002:0000235c       $N00005                    1000935c     TPFramework.exp
 0002:00002387       $N00006                    10009387     TPFramework.exp
 0002:000023a9       $N00007                    100093a9     TPFramework.exp
 0002:000023ba       $N00008                    100093ba     TPFramework.exp
 0002:000023d6       $N00009                    100093d6     TPFramework.exp
 0002:000023ea       $N00010                    100093ea     TPFramework.exp
 0002:00002411       $N00011                    10009411     TPFramework.exp
 0002:0000243f       $N00012                    1000943f     TPFramework.exp
 0002:00002463       $N00013                    10009463     TPFramework.exp
 0002:00002485       $N00014                    10009485     TPFramework.exp
 0002:000024b8       $N00015                    100094b8     TPFramework.exp
 0002:000024e3       $N00016                    100094e3     TPFramework.exp
 0002:00002524       $N00017                    10009524     TPFramework.exp
 0002:00002547       $N00018                    10009547     TPFramework.exp
 0002:00002586       $N00019                    10009586     TPFramework.exp
 0002:000025bd       $N00020                    100095bd     TPFramework.exp
 0002:000025e7       $N00021                    100095e7     TPFramework.exp
 0002:00002609       $N00022                    10009609     TPFramework.exp
 0002:0000265a       $N00023                    1000965a     TPFramework.exp
 0002:000026a3       $N00024                    100096a3     TPFramework.exp
 0002:000026c9       $N00025                    100096c9     TPFramework.exp
 0002:000026ec       $N00026                    100096ec     TPFramework.exp
 0002:00002720       $N00027                    10009720     TPFramework.exp
 0002:0000274c       $N00028                    1000974c     TPFramework.exp
 0002:0000276e       $N00029                    1000976e     TPFramework.exp
 0002:00002799       $N00030                    10009799     TPFramework.exp
 0002:000027bc       $N00031                    100097bc     TPFramework.exp
 0002:000027eb       $N00032                    100097eb     TPFramework.exp
 0002:00002c60       .idata$4                   10009c60     avutil:ddpkbs00109.o
 0002:00002c64       .idata$4                   10009c64     avutil:ddpkbs00151.o
 0002:00002c68       .idata$4                   10009c68     avutil:ddpkbs00156.o
 0002:00002c6c       .idata$4                   10009c6c     avutil:ddpkbs00197.o
 0002:00002c70       .idata$4                   10009c70     avutil:ddpkbs00206.o
 0002:00002c74       .idata$4                   10009c74     avutil:ddpkbs00434.o
 0002:00002c7c       .idata$4                   10009c7c     avformat:dhclbs00042.o
 0002:00002c80       .idata$4                   10009c80     avformat:dhclbs00044.o
 0002:00002c84       .idata$4                   10009c84     avformat:dhclbs00093.o
 0002:00002c88       .idata$4                   10009c88     avformat:dhclbs00096.o
 0002:00002c8c       .idata$4                   10009c8c     avformat:dhclbs00100.o
 0002:00002c90       .idata$4                   10009c90     avformat:dhclbs00118.o
 0002:00002c94       .idata$4                   10009c94     avformat:dhclbs00120.o
 0002:00002c98       .idata$4                   10009c98     avformat:dhclbs00121.o
 0002:00002c9c       .idata$4                   10009c9c     avformat:dhclbs00132.o
 0002:00002ca0       .idata$4                   10009ca0     avformat:dhclbs00134.o
 0002:00002ca8       .idata$4                   10009ca8     swresample:dkblbs00001.o
 0002:00002cac       .idata$4                   10009cac     swresample:dkblbs00005.o
 0002:00002cb0       .idata$4                   10009cb0     swresample:dkblbs00009.o
 0002:00002cb4       .idata$4                   10009cb4     swresample:dkblbs00013.o
 0002:00002cbc       .idata$4                   10009cbc     avcodec:dvblbs00086.o
 0002:00002cc0       .idata$4                   10009cc0     avcodec:dvblbs00089.o
 0002:00002cc4       .idata$4                   10009cc4     avcodec:dvblbs00133.o
 0002:00002cc8       .idata$4                   10009cc8     avcodec:dvblbs00135.o
 0002:00002ccc       .idata$4                   10009ccc     avcodec:dvblbs00159.o
 0002:00002cd0       .idata$4                   10009cd0     avcodec:dvblbs00163.o
 0002:00002cd4       .idata$4                   10009cd4     avcodec:dvblbs00164.o
 0002:00002cd8       .idata$4                   10009cd8     avcodec:dvblbs00176.o
 0002:00002cdc       .idata$4                   10009cdc     avcodec:dvblbs00177.o
 0002:00002ce0       .idata$4                   10009ce0     avcodec:dvblbs00178.o
 0002:00002ce4       .idata$4                   10009ce4     avcodec:dvblbs00179.o
 0002:00002ce8       .idata$4                   10009ce8     avcodec:dvblbs00181.o
 0002:00002cec       .idata$4                   10009cec     avcodec:dvblbs00184.o
 0002:00002cf0       .idata$4                   10009cf0     avcodec:dvblbs00189.o
 0002:00002cf8       .idata$6                   10009cf8     avformat:dhclbs00096.o
 0002:00002d0a       .idata$6                   10009d0a     avformat:dhclbs00132.o
 0002:00002d22       .idata$6                   10009d22     avformat:dhclbs00134.o
 0002:00002d38       .idata$6                   10009d38     avformat:dhclbs00120.o
 0002:00002d54       .idata$6                   10009d54     avformat:dhclbs00044.o
 0002:00002d6a       .idata$6                   10009d6a     avformat:dhclbs00093.o
 0002:00002d7a       .idata$6                   10009d7a     avformat:dhclbs00100.o
 0002:00002d8a       .idata$6                   10009d8a     avformat:dhclbs00121.o
 0002:00002d9c       .idata$6                   10009d9c     avformat:dhclbs00118.o
 0002:00002db4       .idata$6                   10009db4     avformat:dhclbs00042.o
 0002:00002dc6       .idata$6                   10009dc6     avutil:ddpkbs00434.o
 0002:00002dd4       .idata$6                   10009dd4     avutil:ddpkbs00151.o
 0002:00002de6       .idata$6                   10009de6     avutil:ddpkbs00156.o
 0002:00002df6       .idata$6                   10009df6     avutil:ddpkbs00109.o
 0002:00002e04       .idata$6                   10009e04     avutil:ddpkbs00206.o
 0002:00002e24       .idata$6                   10009e24     avutil:ddpkbs00197.o
 0002:00002e3e       .idata$6                   10009e3e     avcodec:dvblbs00133.o
 0002:00002e58       .idata$6                   10009e58     avcodec:dvblbs00164.o
 0002:00002e70       .idata$6                   10009e70     avcodec:dvblbs00179.o
 0002:00002e8a       .idata$6                   10009e8a     avcodec:dvblbs00181.o
 0002:00002eaa       .idata$6                   10009eaa     avcodec:dvblbs00176.o
 0002:00002eba       .idata$6                   10009eba     avcodec:dvblbs00135.o
 0002:00002eca       .idata$6                   10009eca     avcodec:dvblbs00089.o
 0002:00002edc       .idata$6                   10009edc     avcodec:dvblbs00159.o
 0002:00002ef4       .idata$6                   10009ef4     avcodec:dvblbs00189.o
 0002:00002f0a       .idata$6                   10009f0a     avcodec:dvblbs00184.o
 0002:00002f22       .idata$6                   10009f22     avcodec:dvblbs00163.o
 0002:00002f3a       .idata$6                   10009f3a     avcodec:dvblbs00177.o
 0002:00002f56       .idata$6                   10009f56     avcodec:dvblbs00178.o
 0002:00002f70       .idata$6                   10009f70     avcodec:dvblbs00086.o
 0002:00002f82       .idata$6                   10009f82     swresample:dkblbs00013.o
 0002:00002f8e       .idata$6                   10009f8e     swresample:dkblbs00001.o
 0002:00002fa4       .idata$6                   10009fa4     swresample:dkblbs00009.o
 0002:00002fb0       .idata$6                   10009fb0     swresample:dkblbs00005.o
 0002:000030ee       .idata$6                   1000a0ee     Qt5OpenGL:Qt5OpenGL.dll
 0002:000039d4       .idata$6                   1000a9d4     Qt5Widgets:Qt5Widgets.dll
 0002:00003ce2       .idata$6                   1000ace2     Qt5Multimedia:Qt5Multimedia.dll
 0002:00003f84       .idata$6                   1000af84     Qt5Gui:Qt5Gui.dll
 0002:00004520       .idata$6                   1000b520     Qt5Core:Qt5Core.dll
 0002:000048e0       .idata$6                   1000b8e0     msvcprt:MSVCP140.dll
 0002:00004af8       .idata$6                   1000baf8     kernel32:KERNEL32.dll
 0002:00004c04       .idata$6                   1000bc04     vcruntime:VCRUNTIME140.dll
 0002:00004d36       .idata$6                   1000bd36     ucrt:api-ms-win-crt-runtime-l1-1-0.dll
 0002:00004d58       .idata$6                   1000bd58     ucrt:api-ms-win-crt-heap-l1-1-0.dll
 0002:00004d78       .idata$7                   1000bd78     avformat:dhclbs00096.o
 0002:00004d7c       .idata$7                   1000bd7c     avformat:dhclbs00132.o
 0002:00004d80       .idata$7                   1000bd80     avformat:dhclbs00134.o
 0002:00004d84       .idata$7                   1000bd84     avformat:dhclbs00120.o
 0002:00004d88       .idata$7                   1000bd88     avformat:dhclbs00044.o
 0002:00004d8c       .idata$7                   1000bd8c     avformat:dhclbs00093.o
 0002:00004d90       .idata$7                   1000bd90     avformat:dhclbs00100.o
 0002:00004d94       .idata$7                   1000bd94     avformat:dhclbs00121.o
 0002:00004d98       .idata$7                   1000bd98     avformat:dhclbs00118.o
 0002:00004d9c       .idata$7                   1000bd9c     avformat:dhclbs00042.o
 0002:00004db0       .idata$7                   1000bdb0     avutil:ddpkbs00434.o
 0002:00004db4       .idata$7                   1000bdb4     avutil:ddpkbs00151.o
 0002:00004db8       .idata$7                   1000bdb8     avutil:ddpkbs00156.o
 0002:00004dbc       .idata$7                   1000bdbc     avutil:ddpkbs00109.o
 0002:00004dc0       .idata$7                   1000bdc0     avutil:ddpkbs00206.o
 0002:00004dc4       .idata$7                   1000bdc4     avutil:ddpkbs00197.o
 0002:00004dd8       .idata$7                   1000bdd8     avcodec:dvblbs00133.o
 0002:00004ddc       .idata$7                   1000bddc     avcodec:dvblbs00164.o
 0002:00004de0       .idata$7                   1000bde0     avcodec:dvblbs00179.o
 0002:00004de4       .idata$7                   1000bde4     avcodec:dvblbs00181.o
 0002:00004de8       .idata$7                   1000bde8     avcodec:dvblbs00176.o
 0002:00004dec       .idata$7                   1000bdec     avcodec:dvblbs00135.o
 0002:00004df0       .idata$7                   1000bdf0     avcodec:dvblbs00089.o
 0002:00004df4       .idata$7                   1000bdf4     avcodec:dvblbs00159.o
 0002:00004df8       .idata$7                   1000bdf8     avcodec:dvblbs00189.o
 0002:00004dfc       .idata$7                   1000bdfc     avcodec:dvblbs00184.o
 0002:00004e00       .idata$7                   1000be00     avcodec:dvblbs00163.o
 0002:00004e04       .idata$7                   1000be04     avcodec:dvblbs00177.o
 0002:00004e08       .idata$7                   1000be08     avcodec:dvblbs00178.o
 0002:00004e0c       .idata$7                   1000be0c     avcodec:dvblbs00086.o
 0002:00004e20       .idata$7                   1000be20     swresample:dkblbs00013.o
 0002:00004e24       .idata$7                   1000be24     swresample:dkblbs00001.o
 0002:00004e28       .idata$7                   1000be28     swresample:dkblbs00009.o
 0002:00004e2c       .idata$7                   1000be2c     swresample:dkblbs00005.o
 0003:00000000       ?play@?1??Get@TPAudioDevice@@SAPAV2@XZ@4VCXAudioPlay@@A 1000c000     TPAudioDevice.obj
 0003:00000048       ?isFirst@?1???0TPDemuxer@@QAE@XZ@4_NA 1000c048     TPDemuxer.obj
 0003:00000054       ?qt_meta_stringdata_TPCoreFramework@@3Uqt_meta_stringdata_TPCoreFramework_t@@B 1000c054     moc_TPCoreFramework.obj
 0003:0000008c       ?qt_meta_stringdata_TPMuxer@@3Uqt_meta_stringdata_TPMuxer_t@@B 1000c08c     moc_TPMuxer.obj
 0003:000000bc       ?qt_meta_stringdata_TPVideoWidget@@3Uqt_meta_stringdata_TPVideoWidget_t@@B 1000c0bc     moc_TPVideoWidget.obj
 0003:000003e8       ?$TSS0@?1??Get@TPAudioDevice@@SAPAV2@XZ@4HA 1000c3e8     TPAudioDevice.obj
 0003:000003ec       ?dmux@?1???0TPDemuxer@@QAE@XZ@4Vmutex@std@@A 1000c3ec     TPDemuxer.obj
 0003:0000041c       ?$TSS0@?1???0TPDemuxer@@QAE@XZ@4HA 1000c41c     TPDemuxer.obj
 0003:00000430       ?is_initialized_as_dll@@3_NA 1000c430     MSVCRT:utility.obj
 0003:00000431       ?module_local_atexit_table_initialized@@3_NA 1000c431     MSVCRT:utility.obj
 0003:00000434       ?module_local_atexit_table@@3U_onexit_table_t@@A 1000c434     MSVCRT:utility.obj
 0003:00000440       ?module_local_at_quick_exit_table@@3U_onexit_table_t@@A 1000c440     MSVCRT:utility.obj
 0003:0000044c       ?g_tss_cv@@3U_RTL_CONDITION_VARIABLE@@A 1000c44c     MSVCRT:thread_safe_statics.obj
 0003:00000450       ?g_tss_event@@3PAXA        1000c450     MSVCRT:thread_safe_statics.obj
 0003:00000454       ?g_tss_mutex@@3U_RTL_CRITICAL_SECTION@@A 1000c454     MSVCRT:thread_safe_statics.obj
 0003:0000046c       ?g_sleep_condition_variable_cs@@3P6GHPAU_RTL_CONDITION_VARIABLE@@PAU_RTL_CRITICAL_SECTION@@K@ZA 1000c46c     MSVCRT:thread_safe_statics.obj
 0003:00000470       ?g_wake_all_condition_variable@@3P6GXPAU_RTL_CONDITION_VARIABLE@@@ZA 1000c470     MSVCRT:thread_safe_statics.obj
 0003:00000478       ?__proc_attached@@3HA      1000c478     MSVCRT:dll_dllmain.obj
 0003:00000490       _GS_ExceptionRecord        1000c490     MSVCRT:gs_report.obj
 0003:000004e0       _GS_ContextRecord          1000c4e0     MSVCRT:gs_report.obj
 0004:00000060       $R000000                   1000d060     * linker generated manifest res *
