 TPNet

 Timestamp is 61d951f1 (Sat Jan  8 16:57:21 2022)

 Preferred load address is 10000000

 Start         Length     Name                   Class
 0001:00000000 00000010H .text$di                CODE
 0001:00000010 00001070H .text$mn                CODE
 0001:00001080 0000001dH .text$x                 CODE
 0002:00000000 000000bcH .idata$5                DATA
 0002:000000bc 00000004H .00cfg                  DATA
 0002:000000c0 00000004H .CRT$XCA                DATA
 0002:000000c4 00000004H .CRT$XCU                DATA
 0002:000000c8 00000004H .CRT$XCZ                DATA
 0002:000000cc 00000004H .CRT$XIA                DATA
 0002:000000d0 00000004H .CRT$XIZ                DATA
 0002:000000d4 00000004H .CRT$XPA                DATA
 0002:000000d8 00000004H .CRT$XPZ                DATA
 0002:000000dc 00000004H .CRT$XTA                DATA
 0002:000000e0 00000008H .CRT$XTZ                DATA
 0002:000000e4 00000000H .gfids$y                DATA
 0002:000000e8 000001d8H .rdata                  DATA
 0002:000002c0 00000000H .rdata$CastGuardVftablesA DATA
 0002:000002c0 00000000H .rdata$CastGuardVftablesC DATA
 0002:000002c0 000000c8H .rdata$r                DATA
 0002:00000388 00000008H .rdata$sxdata           DATA
 0002:00000390 00000028H .rdata$voltmd           DATA
 0002:000003b8 000002f0H .rdata$zzzdbg           DATA
 0002:000006a8 00000004H .rtc$IAA                DATA
 0002:000006ac 00000004H .rtc$IZZ                DATA
 0002:000006b0 00000004H .rtc$TAA                DATA
 0002:000006b4 00000004H .rtc$TZZ                DATA
 0002:000006b8 000000f8H .xdata$x                DATA
 0002:000007b0 00000268H .edata                  DATA
 0002:00000a18 00000064H .idata$2                DATA
 0002:00000a7c 00000014H .idata$3                DATA
 0002:00000a90 000000bcH .idata$4                DATA
 0002:00000b4c 0000053aH .idata$6                DATA
 0003:00000000 0000004cH .data                   DATA
 0003:0000004c 0000004cH .data$rs                DATA
 0003:00000098 00000374H .bss                    DATA
 0004:00000000 00000060H .rsrc$01                DATA
 0004:00000060 00000180H .rsrc$02                DATA

  Address         Publics by Value              Rva+Base       Lib:Object

 0000:00000000       ___guard_longjmp_table     00000000     <absolute>
 0000:00000000       ___hybrid_auxiliary_iat_copy 00000000     <absolute>
 0000:00000000       ___x64_code_ranges_to_entry_points_count 00000000     <absolute>
 0000:00000000       ___guard_eh_cont_count     00000000     <absolute>
 0000:00000000       ___arm64x_redirection_metadata 00000000     <absolute>
 0000:00000000       ___arm64x_extra_rfe_table  00000000     <absolute>
 0000:00000000       ___hybrid_code_map_count   00000000     <absolute>
 0000:00000000       ___x64_code_ranges_to_entry_points 00000000     <absolute>
 0000:00000000       ___guard_longjmp_count     00000000     <absolute>
 0000:00000000       ___arm64x_native_entrypoint 00000000     <absolute>
 0000:00000000       ___guard_check_icall_a64n_fptr 00000000     <absolute>
 0000:00000000       ___arm64x_redirection_metadata_count 00000000     <absolute>
 0000:00000000       ___hybrid_code_map         00000000     <absolute>
 0000:00000000       ___arm64x_extra_rfe_table_size 00000000     <absolute>
 0000:00000000       ___guard_fids_count        00000000     <absolute>
 0000:00000000       ___guard_fids_table        00000000     <absolute>
 0000:00000000       ___guard_iat_table         00000000     <absolute>
 0000:00000000       ___guard_eh_cont_table     00000000     <absolute>
 0000:00000000       ___hybrid_auxiliary_iat    00000000     <absolute>
 0000:00000000       ___AbsoluteZero            00000000     <absolute>
 0000:00000000       ___dynamic_value_reloc_table 00000000     <absolute>
 0000:00000000       ___enclave_config          00000000     <absolute>
 0000:00000000       ___guard_iat_count         00000000     <absolute>
 0000:00000002       ___safe_se_handler_count   00000002     <absolute>
 0000:00000100       ___guard_flags             00000100     <absolute>
 0000:00000000       ___ImageBase               10000000     <linker-defined>
 0001:00000010       ??0TPServerReq@@QAE@PAVQObject@@@Z 10001010 f   TPServerReq.obj
 0001:00000030       ??1TPServerReq@@UAE@XZ     10001030 f i TPServerReq.obj
 0001:00000040       ??_ETPServerReq@@UAEPAXI@Z 10001040 f i TPServerReq.obj
 0001:000000f0       ??_FTPServerReq@@QAEXXZ    100010f0 f i TPServerReq.obj
 0001:00000110       ?tr@TPServerReq@@SA?AVQString@@PBD0H@Z 10001110 f i TPServerReq.obj
 0001:00000110       ?trUtf8@TPServerReq@@SA?AVQString@@PBD0H@Z 10001110 f i TPServerReq.obj
 0001:00000130       ?metaObject@TPServerReq@@UBEPBUQMetaObject@@XZ 10001130 f   moc_TPServerReq.obj
 0001:00000150       ?qt_metacall@TPServerReq@@UAEHW4Call@QMetaObject@@HPAPAX@Z 10001150 f   moc_TPServerReq.obj
 0001:00000160       ?qt_metacast@TPServerReq@@UAEPAXPBD@Z 10001160 f   moc_TPServerReq.obj
 0001:000001c0       ?qt_static_metacall@TPServerReq@@CAXPAVQObject@@W4Call@QMetaObject@@HPAPAX@Z 100011c0 f   moc_TPServerReq.obj
 0001:000001c0       @_guard_check_icall_nop@4  100011c0 f   MSVCRT:guard_support.obj
 0001:000001c3       ?childEvent@QObject@@MAEXPAVQChildEvent@@@Z 100011c3 f   Qt5Core:Qt5Core.dll
 0001:000001c9       ?connectNotify@QObject@@MAEXABVQMetaMethod@@@Z 100011c9 f   Qt5Core:Qt5Core.dll
 0001:000001cf       ?customEvent@QObject@@MAEXPAVQEvent@@@Z 100011cf f   Qt5Core:Qt5Core.dll
 0001:000001d5       ?disconnectNotify@QObject@@MAEXABVQMetaMethod@@@Z 100011d5 f   Qt5Core:Qt5Core.dll
 0001:000001db       ?event@QObject@@UAE_NPAVQEvent@@@Z 100011db f   Qt5Core:Qt5Core.dll
 0001:000001e1       ?eventFilter@QObject@@UAE_NPAV1@PAVQEvent@@@Z 100011e1 f   Qt5Core:Qt5Core.dll
 0001:000001e7       ?timerEvent@QObject@@MAEXPAVQTimerEvent@@@Z 100011e7 f   Qt5Core:Qt5Core.dll
 0001:000001ed       ??_M@YGXPAXIIP6EX0@Z@Z     100011ed f   MSVCRT:ehvecdtr.obj
 0001:00000272       ?__ArrayUnwind@@YGXPAXIIP6EX0@Z@Z 10001272 f   MSVCRT:ehvecdtr.obj
 0001:00000302       ??3@YAXPAXI@Z              10001302 f   MSVCRT:delete_scalar_size.obj
 0001:00000310       ??_V@YAXPAXI@Z             10001310 f   MSVCRT:delete_array_size.obj
 0001:0000031e       @__security_check_cookie@4 1000131e f   MSVCRT:secchk.obj
 0001:0000032c       ??_Etype_info@@UAEPAXI@Z   1000132c f i MSVCRT:std_type_info_static.obj
 0001:0000032c       ??_Gtype_info@@UAEPAXI@Z   1000132c f i MSVCRT:std_type_info_static.obj
 0001:0000068f       __DllMainCRTStartup@12     1000168f f   MSVCRT:dll_dllmain.obj
 0001:000006c0       __SEH_prolog4              100016c0 f   MSVCRT:sehprolg4.obj
 0001:00000705       __except_handler4          10001705 f   MSVCRT:chandler4gs.obj
 0001:00000734       ??3@YAXPAX@Z               10001734 f   MSVCRT:delete_scalar.obj
 0001:00000739       ??_V@YAXPAX@Z              10001739 f   MSVCRT:delete_array.obj
 0001:0000073e       ___raise_securityfailure   1000173e f   MSVCRT:gs_report.obj
 0001:00000766       ___report_gsfailure        10001766 f   MSVCRT:gs_report.obj
 0001:000008ad       ___security_init_cookie    100018ad f   MSVCRT:gs_support.obj
 0001:000008f8       _DllMain@12                100018f8 f   MSVCRT:dll_dllmain_stub.obj
 0001:0000091a       ?__scrt_initialize_type_info@@YAXXZ 1000191a f   MSVCRT:tncleanup.obj
 0001:00000926       ?__scrt_uninitialize_type_info@@YAXXZ 10001926 f   MSVCRT:tncleanup.obj
 0001:00000932       ___local_stdio_printf_options 10001932 f i MSVCRT:default_local_stdio_options.obj
 0001:00000938       ___local_stdio_scanf_options 10001938 f i MSVCRT:default_local_stdio_options.obj
 0001:0000093e       ___scrt_initialize_default_local_stdio_options 1000193e f   MSVCRT:default_local_stdio_options.obj
 0001:0000099f       ___scrt_acquire_startup_lock 1000199f f   MSVCRT:utility.obj
 0001:000009d1       ___scrt_dllmain_after_initialize_c 100019d1 f   MSVCRT:utility.obj
 0001:000009fc       ___scrt_dllmain_before_initialize_c 100019fc f   MSVCRT:utility.obj
 0001:00000a0a       ___scrt_dllmain_crt_thread_attach 10001a0a f   MSVCRT:utility.obj
 0001:00000a29       ___scrt_dllmain_crt_thread_detach 10001a29 f   MSVCRT:utility.obj
 0001:00000a36       ___scrt_dllmain_exception_filter 10001a36 f   MSVCRT:utility.obj
 0001:00000a6a       ___scrt_dllmain_uninitialize_c 10001a6a f   MSVCRT:utility.obj
 0001:00000a8d       ___scrt_dllmain_uninitialize_critical 10001a8d f   MSVCRT:utility.obj
 0001:00000a9a       ___scrt_initialize_crt     10001a9a f   MSVCRT:utility.obj
 0001:00000ad3       ___scrt_initialize_onexit_tables 10001ad3 f   MSVCRT:utility.obj
 0001:00000b5a       ___scrt_is_nonwritable_in_current_image 10001b5a f   MSVCRT:utility.obj
 0001:00000bee       ___scrt_release_startup_lock 10001bee f   MSVCRT:utility.obj
 0001:00000c0b       ___scrt_uninitialize_crt   10001c0b f   MSVCRT:utility.obj
 0001:00000c33       ___scrt_get_dyn_tls_init_callback 10001c33 f   MSVCRT:dyn_tls_init.obj
 0001:00000c39       ___scrt_fastfail           10001c39 f   MSVCRT:utility_desktop.obj
 0001:00000d54       __crt_debugger_hook        10001d54 f   MSVCRT:utility_desktop.obj
 0001:00000d5c       __RTC_Initialize           10001d5c f   MSVCRT:initsect.obj
 0001:00000d88       __RTC_Terminate            10001d88 f   MSVCRT:initsect.obj
 0001:00000db4       ___isa_available_init      10001db4 f   MSVCRT:cpu_disp.obj
 0001:00000f85       __get_startup_argv_mode    10001f85 f   MSVCRT:argv_mode.obj
 0001:00000f89       ___scrt_is_ucrt_dll_in_use 10001f89 f   MSVCRT:ucrt_detection.obj
 0001:00000f95       ___CxxFrameHandler3        10001f95 f   vcruntime:VCRUNTIME140.dll
 0001:00000f9b       ___current_exception       10001f9b f   vcruntime:VCRUNTIME140.dll
 0001:00000fa1       ___current_exception_context 10001fa1 f   vcruntime:VCRUNTIME140.dll
 0001:00000fa7       __except_handler4_common   10001fa7 f   vcruntime:VCRUNTIME140.dll
 0001:00000fad       ___std_type_info_destroy_list 10001fad f   vcruntime:VCRUNTIME140.dll
 0001:00000fb3       _memset                    10001fb3 f   vcruntime:VCRUNTIME140.dll
 0001:00000fb9       _terminate                 10001fb9 f   ucrt:api-ms-win-crt-runtime-l1-1-0.dll
 0001:00000fbf       __initterm                 10001fbf f   ucrt:api-ms-win-crt-runtime-l1-1-0.dll
 0001:00000fc5       __initterm_e               10001fc5 f   ucrt:api-ms-win-crt-runtime-l1-1-0.dll
 0001:00000fcb       _free                      10001fcb f   ucrt:api-ms-win-crt-heap-l1-1-0.dll
 0001:00000fd1       __seh_filter_dll           10001fd1 f   ucrt:api-ms-win-crt-runtime-l1-1-0.dll
 0001:00000fd7       __configure_narrow_argv    10001fd7 f   ucrt:api-ms-win-crt-runtime-l1-1-0.dll
 0001:00000fdd       __initialize_narrow_environment 10001fdd f   ucrt:api-ms-win-crt-runtime-l1-1-0.dll
 0001:00000fe3       __initialize_onexit_table  10001fe3 f   ucrt:api-ms-win-crt-runtime-l1-1-0.dll
 0001:00000fe9       __execute_onexit_table     10001fe9 f   ucrt:api-ms-win-crt-runtime-l1-1-0.dll
 0001:00000fef       __cexit                    10001fef f   ucrt:api-ms-win-crt-runtime-l1-1-0.dll
 0001:00000ff5       __filter_x86_sse2_floating_point_exception 10001ff5 f   MSVCRT:x86_exception_filter.obj
 0001:00000ff5       __filter_x86_sse2_floating_point_exception_default 10001ff5 f   MSVCRT:x86_exception_filter.obj
 0001:0000106d       ___acrt_uninitialize       1000206d f   MSVCRT:ucrt_stubs.obj
 0001:0000106d       ___vcrt_thread_attach      1000206d f   MSVCRT:ucrt_stubs.obj
 0001:0000106d       ___scrt_stub_for_acrt_uninitialize 1000206d f   MSVCRT:ucrt_stubs.obj
 0001:0000106d       ___vcrt_thread_detach      1000206d f   MSVCRT:ucrt_stubs.obj
 0001:0000106d       ___vcrt_initialize         1000206d f   MSVCRT:ucrt_stubs.obj
 0001:0000106d       ___vcrt_uninitialize_critical 1000206d f   MSVCRT:ucrt_stubs.obj
 0001:0000106d       ___vcrt_uninitialize       1000206d f   MSVCRT:ucrt_stubs.obj
 0001:0000106d       ___acrt_uninitialize_critical 1000206d f   MSVCRT:ucrt_stubs.obj
 0001:0000106d       ___acrt_initialize         1000206d f   MSVCRT:ucrt_stubs.obj
 0001:0000106d       ___acrt_thread_attach      1000206d f   MSVCRT:ucrt_stubs.obj
 0001:0000106d       ___scrt_stub_for_acrt_initialize 1000206d f   MSVCRT:ucrt_stubs.obj
 0001:0000106d       ___scrt_stub_for_acrt_uninitialize_critical 1000206d f   MSVCRT:ucrt_stubs.obj
 0001:0000106d       ___scrt_stub_for_acrt_thread_detach 1000206d f   MSVCRT:ucrt_stubs.obj
 0001:0000106d       ___acrt_thread_detach      1000206d f   MSVCRT:ucrt_stubs.obj
 0001:0000106d       ___scrt_stub_for_acrt_thread_attach 1000206d f   MSVCRT:ucrt_stubs.obj
 0001:00001070       ___scrt_stub_for_is_c_termination_complete 10002070 f   MSVCRT:ucrt_stubs.obj
 0001:00001070       __is_c_termination_complete 10002070 f   MSVCRT:ucrt_stubs.obj
 0002:00000000       __imp__IsDebuggerPresent@0 10003000     kernel32:KERNEL32.dll
 0002:00000004       __imp__InitializeSListHead@4 10003004     kernel32:KERNEL32.dll
 0002:00000008       __imp__DisableThreadLibraryCalls@4 10003008     kernel32:KERNEL32.dll
 0002:0000000c       __imp__GetSystemTimeAsFileTime@4 1000300c     kernel32:KERNEL32.dll
 0002:00000010       __imp__GetCurrentThreadId@0 10003010     kernel32:KERNEL32.dll
 0002:00000014       __imp__GetCurrentProcessId@0 10003014     kernel32:KERNEL32.dll
 0002:00000018       __imp__QueryPerformanceCounter@4 10003018     kernel32:KERNEL32.dll
 0002:0000001c       __imp__IsProcessorFeaturePresent@4 1000301c     kernel32:KERNEL32.dll
 0002:00000020       __imp__TerminateProcess@8  10003020     kernel32:KERNEL32.dll
 0002:00000024       __imp__GetCurrentProcess@0 10003024     kernel32:KERNEL32.dll
 0002:00000028       __imp__SetUnhandledExceptionFilter@4 10003028     kernel32:KERNEL32.dll
 0002:0000002c       __imp__UnhandledExceptionFilter@4 1000302c     kernel32:KERNEL32.dll
 0002:00000030       \177KERNEL32_NULL_THUNK_DATA 10003030     kernel32:KERNEL32.dll
 0002:00000034       __imp_?qt_metacast@QObject@@UAEPAXPBD@Z 10003034     Qt5Core:Qt5Core.dll
 0002:00000038       __imp_?dynamicMetaObject@QObjectData@@QBEPAUQMetaObject@@XZ 10003038     Qt5Core:Qt5Core.dll
 0002:0000003c       __imp_?staticMetaObject@QObject@@2UQMetaObject@@B 1000303c     Qt5Core:Qt5Core.dll
 0002:00000040       __imp_?timerEvent@QObject@@MAEXPAVQTimerEvent@@@Z 10003040     Qt5Core:Qt5Core.dll
 0002:00000044       __imp_?eventFilter@QObject@@UAE_NPAV1@PAVQEvent@@@Z 10003044     Qt5Core:Qt5Core.dll
 0002:00000048       __imp_?event@QObject@@UAE_NPAVQEvent@@@Z 10003048     Qt5Core:Qt5Core.dll
 0002:0000004c       __imp_?disconnectNotify@QObject@@MAEXABVQMetaMethod@@@Z 1000304c     Qt5Core:Qt5Core.dll
 0002:00000050       __imp_?customEvent@QObject@@MAEXPAVQEvent@@@Z 10003050     Qt5Core:Qt5Core.dll
 0002:00000054       __imp_?connectNotify@QObject@@MAEXABVQMetaMethod@@@Z 10003054     Qt5Core:Qt5Core.dll
 0002:00000058       __imp_?childEvent@QObject@@MAEXPAVQChildEvent@@@Z 10003058     Qt5Core:Qt5Core.dll
 0002:0000005c       __imp_??1QObject@@UAE@XZ   1000305c     Qt5Core:Qt5Core.dll
 0002:00000060       __imp_?tr@QMetaObject@@QBE?AVQString@@PBD0H@Z 10003060     Qt5Core:Qt5Core.dll
 0002:00000064       __imp_??0QObject@@QAE@PAV0@@Z 10003064     Qt5Core:Qt5Core.dll
 0002:00000068       __imp_?qt_metacall@QObject@@UAEHW4Call@QMetaObject@@HPAPAX@Z 10003068     Qt5Core:Qt5Core.dll
 0002:0000006c       \177Qt5Core_NULL_THUNK_DATA 1000306c     Qt5Core:Qt5Core.dll
 0002:00000070       __imp____current_exception 10003070     vcruntime:VCRUNTIME140.dll
 0002:00000074       __imp____current_exception_context 10003074     vcruntime:VCRUNTIME140.dll
 0002:00000078       __imp___except_handler4_common 10003078     vcruntime:VCRUNTIME140.dll
 0002:0000007c       __imp____std_type_info_destroy_list 1000307c     vcruntime:VCRUNTIME140.dll
 0002:00000080       __imp__memset              10003080     vcruntime:VCRUNTIME140.dll
 0002:00000084       __imp____CxxFrameHandler3  10003084     vcruntime:VCRUNTIME140.dll
 0002:00000088       \177VCRUNTIME140_NULL_THUNK_DATA 10003088     vcruntime:VCRUNTIME140.dll
 0002:0000008c       __imp__free                1000308c     ucrt:api-ms-win-crt-heap-l1-1-0.dll
 0002:00000090       \177api-ms-win-crt-heap-l1-1-0_NULL_THUNK_DATA 10003090     ucrt:api-ms-win-crt-heap-l1-1-0.dll
 0002:00000094       __imp___initterm_e         10003094     ucrt:api-ms-win-crt-runtime-l1-1-0.dll
 0002:00000098       __imp__terminate           10003098     ucrt:api-ms-win-crt-runtime-l1-1-0.dll
 0002:0000009c       __imp___seh_filter_dll     1000309c     ucrt:api-ms-win-crt-runtime-l1-1-0.dll
 0002:000000a0       __imp___configure_narrow_argv 100030a0     ucrt:api-ms-win-crt-runtime-l1-1-0.dll
 0002:000000a4       __imp___initialize_narrow_environment 100030a4     ucrt:api-ms-win-crt-runtime-l1-1-0.dll
 0002:000000a8       __imp___initialize_onexit_table 100030a8     ucrt:api-ms-win-crt-runtime-l1-1-0.dll
 0002:000000ac       __imp___execute_onexit_table 100030ac     ucrt:api-ms-win-crt-runtime-l1-1-0.dll
 0002:000000b0       __imp___cexit              100030b0     ucrt:api-ms-win-crt-runtime-l1-1-0.dll
 0002:000000b4       __imp___initterm           100030b4     ucrt:api-ms-win-crt-runtime-l1-1-0.dll
 0002:000000b8       \177api-ms-win-crt-runtime-l1-1-0_NULL_THUNK_DATA 100030b8     ucrt:api-ms-win-crt-runtime-l1-1-0.dll
 0002:000000bc       ___guard_check_icall_fptr  100030bc     MSVCRT:guard_support.obj
 0002:000000c0       ___xc_a                    100030c0     MSVCRT:initializers.obj
 0002:000000c8       ___xc_z                    100030c8     MSVCRT:initializers.obj
 0002:000000cc       ___xi_a                    100030cc     MSVCRT:initializers.obj
 0002:000000d0       ___xi_z                    100030d0     MSVCRT:initializers.obj
 0002:000000d4       ___xp_a                    100030d4     MSVCRT:initializers.obj
 0002:000000d8       ___xp_z                    100030d8     MSVCRT:initializers.obj
 0002:000000dc       ___xt_a                    100030dc     MSVCRT:initializers.obj
 0002:000000e0       ___xt_z                    100030e0     MSVCRT:initializers.obj
 0002:000000f0       ??_7TPServerReq@@6B@       100030f0     TPServerReq.obj
 0002:00000160       ??_7type_info@@6B@         10003160     MSVCRT:std_type_info_static.obj
 0002:00000164       __pDefaultRawDllMain       10003164     MSVCRT:dll_dllmain.obj
 0002:00000164       __pRawDllMain              10003164     MSVCRT:dll_dllmain.obj
 0002:000001c8       __load_config_used         100031c8     MSVCRT:loadcfg.obj
 0002:000002c0       ??_R4TPServerReq@@6B@      100032c0     TPServerReq.obj
 0002:000002d4       ??_R3TPServerReq@@8        100032d4     TPServerReq.obj
 0002:000002e4       ??_R2TPServerReq@@8        100032e4     TPServerReq.obj
 0002:000002f0       ??_R1A@?0A@EA@TPServerReq@@8 100032f0     TPServerReq.obj
 0002:0000030c       ??_R1A@?0A@EA@QObject@@8   1000330c     TPServerReq.obj
 0002:00000328       ??_R3QObject@@8            10003328     TPServerReq.obj
 0002:00000338       ??_R2QObject@@8            10003338     TPServerReq.obj
 0002:00000340       ??_R4type_info@@6B@        10003340     MSVCRT:std_type_info_static.obj
 0002:00000354       ??_R3type_info@@8          10003354     MSVCRT:std_type_info_static.obj
 0002:00000364       ??_R2type_info@@8          10003364     MSVCRT:std_type_info_static.obj
 0002:0000036c       ??_R1A@?0A@EA@type_info@@8 1000336c     MSVCRT:std_type_info_static.obj
 0002:00000388       ___safe_se_handler_table   10003388     <linker-defined>
 0002:00000390       ___volatile_metadata       10003390     <linker-defined>
 0002:000006a8       ___rtc_iaa                 100036a8     MSVCRT:initsect.obj
 0002:000006ac       ___rtc_izz                 100036ac     MSVCRT:initsect.obj
 0002:000006b0       ___rtc_taa                 100036b0     MSVCRT:initsect.obj
 0002:000006b4       ___rtc_tzz                 100036b4     MSVCRT:initsect.obj
 0002:00000a18       __IMPORT_DESCRIPTOR_Qt5Core 10003a18     Qt5Core:Qt5Core.dll
 0002:00000a2c       __IMPORT_DESCRIPTOR_KERNEL32 10003a2c     kernel32:KERNEL32.dll
 0002:00000a40       __IMPORT_DESCRIPTOR_VCRUNTIME140 10003a40     vcruntime:VCRUNTIME140.dll
 0002:00000a54       __IMPORT_DESCRIPTOR_api-ms-win-crt-runtime-l1-1-0 10003a54     ucrt:api-ms-win-crt-runtime-l1-1-0.dll
 0002:00000a68       __IMPORT_DESCRIPTOR_api-ms-win-crt-heap-l1-1-0 10003a68     ucrt:api-ms-win-crt-heap-l1-1-0.dll
 0002:00000a7c       __NULL_IMPORT_DESCRIPTOR   10003a7c     Qt5Core:Qt5Core.dll
 0003:0000001c       ?staticMetaObject@TPServerReq@@2UQMetaObject@@B 1000501c     moc_TPServerReq.obj
 0003:00000034       ___security_cookie_complement 10005034     MSVCRT:gs_cookie.obj
 0003:00000038       ___security_cookie         10005038     MSVCRT:gs_cookie.obj
 0003:00000040       ___scrt_native_dllmain_reason 10005040     MSVCRT:utility.obj
 0003:00000044       ___isa_enabled             10005044     MSVCRT:cpu_disp.obj
 0003:00000048       ___scrt_ucrt_dll_is_in_use 10005048     MSVCRT:ucrt_stubs.obj
 0003:0000004c       ??_R0?AVTPServerReq@@@8    1000504c     TPServerReq.obj
 0003:00000068       ??_R0?AVQObject@@@8        10005068     TPServerReq.obj
 0003:00000080       ??_R0?AVtype_info@@@8      10005080     MSVCRT:std_type_info_static.obj
 0003:0000009c       ___castguard_check_failure_os_handled_fptr 1000509c     MSVCRT:guard_support.obj
 0003:000003c0       ?__type_info_root_node@@3U__type_info_node@@A 100053c0     MSVCRT:tncleanup.obj
 0003:000003c8       ?_OptionsStorage@?1??__local_stdio_printf_options@@9@4_KA 100053c8     MSVCRT:default_local_stdio_options.obj
 0003:000003d0       ?_OptionsStorage@?1??__local_stdio_scanf_options@@9@4_KA 100053d0     MSVCRT:default_local_stdio_options.obj
 0003:000003d8       ___scrt_current_native_startup_state 100053d8     MSVCRT:utility.obj
 0003:000003dc       ___scrt_native_startup_lock 100053dc     MSVCRT:utility.obj
 0003:000003fc       ___scrt_debugger_hook_flag 100053fc     MSVCRT:utility_desktop.obj
 0003:00000400       ___isa_available           10005400     MSVCRT:cpu_disp.obj
 0003:00000404       ___favor                   10005404     MSVCRT:cpu_disp.obj
 0003:00000408       ___dyn_tls_init_callback   10005408     <common>

 entry point at        0001:0000068f

 Static symbols

 0000:ffff8000       .debug$S                   10000000     TPNet.exp
 0000:ffff8000       .debug$S                   10000000     vcruntime:VCRUNTIME140.dll
 0000:ffff8000       .debug$S                   10000000     vcruntime:VCRUNTIME140.dll
 0000:ffff8000       .debug$S                   10000000     vcruntime:VCRUNTIME140.dll
 0000:ffff8000       .debug$S                   10000000     vcruntime:VCRUNTIME140.dll
 0000:ffff8000       .debug$S                   10000000     vcruntime:VCRUNTIME140.dll
 0000:ffff8000       .debug$S                   10000000     vcruntime:VCRUNTIME140.dll
 0000:ffff8000       .debug$S                   10000000     Qt5Core:Qt5Core.dll
 0000:ffff8000       .debug$S                   10000000     Qt5Core:Qt5Core.dll
 0000:ffff8000       .debug$S                   10000000     Qt5Core:Qt5Core.dll
 0000:ffff8000       .debug$S                   10000000     Qt5Core:Qt5Core.dll
 0000:ffff8000       .debug$S                   10000000     Qt5Core:Qt5Core.dll
 0000:ffff8000       .debug$S                   10000000     Qt5Core:Qt5Core.dll
 0000:ffff8000       .debug$S                   10000000     Qt5Core:Qt5Core.dll
 0000:ffff8000       .debug$S                   10000000     Qt5Core:Qt5Core.dll
 0000:ffff8000       .debug$S                   10000000     Qt5Core:Qt5Core.dll
 0000:ffff8000       .debug$S                   10000000     Qt5Core:Qt5Core.dll
 0000:ffff8000       .debug$S                   10000000     Qt5Core:Qt5Core.dll
 0000:ffff8000       .debug$S                   10000000     Qt5Core:Qt5Core.dll
 0000:ffff8000       .debug$S                   10000000     Qt5Core:Qt5Core.dll
 0000:ffff8000       .debug$S                   10000000     Qt5Core:Qt5Core.dll
 0000:ffff8000       .debug$S                   10000000     ucrt:api-ms-win-crt-heap-l1-1-0.dll
 0000:ffff8000       .debug$S                   10000000     ucrt:api-ms-win-crt-runtime-l1-1-0.dll
 0000:ffff8000       .debug$S                   10000000     ucrt:api-ms-win-crt-runtime-l1-1-0.dll
 0000:ffff8000       .debug$S                   10000000     ucrt:api-ms-win-crt-runtime-l1-1-0.dll
 0000:ffff8000       .debug$S                   10000000     ucrt:api-ms-win-crt-runtime-l1-1-0.dll
 0000:ffff8000       .debug$S                   10000000     ucrt:api-ms-win-crt-runtime-l1-1-0.dll
 0000:ffff8000       .debug$S                   10000000     ucrt:api-ms-win-crt-runtime-l1-1-0.dll
 0000:ffff8000       .debug$S                   10000000     ucrt:api-ms-win-crt-runtime-l1-1-0.dll
 0000:ffff8000       .debug$S                   10000000     ucrt:api-ms-win-crt-runtime-l1-1-0.dll
 0000:ffff8000       .debug$S                   10000000     ucrt:api-ms-win-crt-runtime-l1-1-0.dll
 0000:ffff8000       .debug$S                   10000000     ucrt:api-ms-win-crt-runtime-l1-1-0.dll
 0000:ffff8000       .debug$S                   10000000     ucrt:api-ms-win-crt-runtime-l1-1-0.dll
 0000:ffff8000       .debug$S                   10000000     ucrt:api-ms-win-crt-runtime-l1-1-0.dll
 0000:ffff8000       .debug$S                   10000000     kernel32:KERNEL32.dll
 0000:ffff8000       .debug$S                   10000000     kernel32:KERNEL32.dll
 0000:ffff8000       .debug$S                   10000000     kernel32:KERNEL32.dll
 0000:ffff8000       .debug$S                   10000000     kernel32:KERNEL32.dll
 0000:ffff8000       .debug$S                   10000000     kernel32:KERNEL32.dll
 0000:ffff8000       .debug$S                   10000000     kernel32:KERNEL32.dll
 0000:ffff8000       .debug$S                   10000000     kernel32:KERNEL32.dll
 0000:ffff8000       .debug$S                   10000000     kernel32:KERNEL32.dll
 0000:ffff8000       .debug$S                   10000000     kernel32:KERNEL32.dll
 0000:ffff8000       .debug$S                   10000000     kernel32:KERNEL32.dll
 0000:ffff8000       .debug$S                   10000000     kernel32:KERNEL32.dll
 0000:ffff8000       .debug$S                   10000000     kernel32:KERNEL32.dll
 0000:ffff8000       .debug$S                   10000000     kernel32:KERNEL32.dll
 0000:ffff8000       .debug$S                   10000000     kernel32:KERNEL32.dll
 0001:00000000       ??__E?staticMetaObject@TPServerReq@@2UQMetaObject@@B@@YAXXZ 10001000 f   moc_TPServerReq.obj
 0001:0000034f       ?dllmain_crt_dispatch@@YGHQAUHINSTANCE__@@KQAX@Z 1000134f f   MSVCRT:dll_dllmain.obj
 0001:000003a2       ?dllmain_crt_process_attach@@YAHQAUHINSTANCE__@@QAX@Z 100013a2 f   MSVCRT:dll_dllmain.obj
 0001:000004a9       ?dllmain_crt_process_detach@@YAH_N@Z 100014a9 f   MSVCRT:dll_dllmain.obj
 0001:00000559       ?dllmain_dispatch@@YAHQAUHINSTANCE__@@KQAX@Z 10001559 f   MSVCRT:dll_dllmain.obj
 0001:00000664       ?dllmain_raw@@YGHQAUHINSTANCE__@@KQAX@Z 10001664 f   MSVCRT:dll_dllmain.obj
 0001:000006c0       $$000000                   100016c0     MSVCRT:sehprolg4.obj
 0001:00000860       ___get_entropy             10001860 f   MSVCRT:gs_support.obj
 0001:0000095b       ?find_pe_section@@YAPAU_IMAGE_SECTION_HEADER@@QAEI@Z 1000195b f   MSVCRT:utility.obj
 0001:00001080       __ehhandler$??_ETPServerReq@@UAEPAXI@Z 10002080 f   TPServerReq.obj
 0002:000000c4       ??staticMetaObject$initializer$@TPServerReq@@2P6AXXZA@@3P6AXXZA 100030c4     moc_TPServerReq.obj
 0002:000000e8       ?_Fake_alloc@std@@3U_Fake_allocator@1@B 100030e8     TPServerReq.obj
 0002:0000011c       ?_Fake_alloc@std@@3U_Fake_allocator@1@B 1000311c     moc_TPServerReq.obj
 0002:00000120       ?qt_meta_data_TPServerReq@@3QBIB 10003120     moc_TPServerReq.obj
 0002:00000168       _GS_ExceptionPointers      10003168     MSVCRT:gs_report.obj
 0002:000006b8       __ehfuncinfo$??_ETPServerReq@@UAEPAXI@Z 100036b8     TPServerReq.obj
 0002:000006e0       __sehtable$??_M@YGXPAXIIP6EX0@Z@Z 100036e0     MSVCRT:ehvecdtr.obj
 0002:00000700       __sehtable$?__ArrayUnwind@@YGXPAXIIP6EX0@Z@Z 10003700     MSVCRT:ehvecdtr.obj
 0002:00000720       __sehtable$?dllmain_crt_process_attach@@YAHQAUHINSTANCE__@@QAX@Z 10003720     MSVCRT:dll_dllmain.obj
 0002:00000740       __sehtable$?dllmain_crt_process_detach@@YAH_N@Z 10003740     MSVCRT:dll_dllmain.obj
 0002:00000768       __sehtable$?dllmain_dispatch@@YAHQAUHINSTANCE__@@KQAX@Z 10003768     MSVCRT:dll_dllmain.obj
 0002:00000788       __sehtable$___scrt_is_nonwritable_in_current_image 10003788     MSVCRT:utility.obj
 0002:000007b0       .edata                     100037b0     TPNet.exp
 0002:000007d8       rgpv                       100037d8     TPNet.exp
 0002:00000804       rgszName                   10003804     TPNet.exp
 0002:00000830       rgwOrd                     10003830     TPNet.exp
 0002:00000846       szName                     10003846     TPNet.exp
 0002:00000850       $N00001                    10003850     TPNet.exp
 0002:00000873       $N00002                    10003873     TPNet.exp
 0002:0000088a       $N00003                    1000388a     TPNet.exp
 0002:0000089f       $N00004                    1000389f     TPNet.exp
 0002:000008b7       $N00005                    100038b7     TPNet.exp
 0002:000008e6       $N00006                    100038e6     TPNet.exp
 0002:00000921       $N00007                    10003921     TPNet.exp
 0002:00000947       $N00008                    10003947     TPNet.exp
 0002:00000994       $N00009                    10003994     TPNet.exp
 0002:000009c4       $N00010                    100039c4     TPNet.exp
 0002:000009eb       $N00011                    100039eb     TPNet.exp
 0002:00000dac       .idata$6                   10003dac     Qt5Core:Qt5Core.dll
 0002:00000edc       .idata$6                   10003edc     kernel32:KERNEL32.dll
 0002:00000f78       .idata$6                   10003f78     vcruntime:VCRUNTIME140.dll
 0002:00001044       .idata$6                   10004044     ucrt:api-ms-win-crt-runtime-l1-1-0.dll
 0002:00001066       .idata$6                   10004066     ucrt:api-ms-win-crt-heap-l1-1-0.dll
 0003:00000000       ?qt_meta_stringdata_TPServerReq@@3Uqt_meta_stringdata_TPServerReq_t@@B 10005000     moc_TPServerReq.obj
 0003:00000098       ?__proc_attached@@3HA      10005098     MSVCRT:dll_dllmain.obj
 0003:000000a0       _GS_ExceptionRecord        100050a0     MSVCRT:gs_report.obj
 0003:000000f0       _GS_ContextRecord          100050f0     MSVCRT:gs_report.obj
 0003:000003e0       ?is_initialized_as_dll@@3_NA 100053e0     MSVCRT:utility.obj
 0003:000003e1       ?module_local_atexit_table_initialized@@3_NA 100053e1     MSVCRT:utility.obj
 0003:000003e4       ?module_local_atexit_table@@3U_onexit_table_t@@A 100053e4     MSVCRT:utility.obj
 0003:000003f0       ?module_local_at_quick_exit_table@@3U_onexit_table_t@@A 100053f0     MSVCRT:utility.obj
 0004:00000060       $R000000                   10006060     * linker generated manifest res *
